Component: Arm Compiler for Embedded 6.19 Tool: armlink [5e73cb00]

==============================================================================

Section Cross References

    startup_stm32f446xx.o(RESET) refers to startup_stm32f446xx.o(STACK) for __initial_sp
    startup_stm32f446xx.o(RESET) refers to startup_stm32f446xx.o(.text) for Reset_Handler
    startup_stm32f446xx.o(RESET) refers to stm32f4xx_it.o(.text.NMI_Handler) for NMI_Handler
    startup_stm32f446xx.o(RESET) refers to stm32f4xx_it.o(.text.HardFault_Handler) for HardFault_Handler
    startup_stm32f446xx.o(RESET) refers to stm32f4xx_it.o(.text.MemManage_Handler) for MemManage_Handler
    startup_stm32f446xx.o(RESET) refers to stm32f4xx_it.o(.text.BusFault_Handler) for BusFault_Handler
    startup_stm32f446xx.o(RESET) refers to stm32f4xx_it.o(.text.UsageFault_Handler) for UsageFault_Handler
    startup_stm32f446xx.o(RESET) refers to stm32f4xx_it.o(.text.SVC_Handler) for SVC_Handler
    startup_stm32f446xx.o(RESET) refers to stm32f4xx_it.o(.text.DebugMon_Handler) for DebugMon_Handler
    startup_stm32f446xx.o(RESET) refers to stm32f4xx_it.o(.text.PendSV_Handler) for PendSV_Handler
    startup_stm32f446xx.o(RESET) refers to stm32f4xx_it.o(.text.SysTick_Handler) for SysTick_Handler
    startup_stm32f446xx.o(RESET) refers to stm32f4xx_it.o(.text.TIM2_IRQHandler) for TIM2_IRQHandler
    startup_stm32f446xx.o(RESET) refers to stm32f4xx_it.o(.text.SPI1_IRQHandler) for SPI1_IRQHandler
    startup_stm32f446xx.o(RESET) refers to stm32f4xx_it.o(.text.DMA2_Stream3_IRQHandler) for DMA2_Stream3_IRQHandler
    startup_stm32f446xx.o(.text) refers to system_stm32f4xx.o(.text.SystemInit) for SystemInit
    startup_stm32f446xx.o(.text) refers to entry.o(.ARM.Collect$$$$00000000) for __main
    ili9341.o(.text.ili9341_new) refers to malloc.o(i.malloc) for malloc
    ili9341.o(.text.ili9341_new) refers to stm32f4xx_hal_gpio.o(.text.HAL_GPIO_WritePin) for HAL_GPIO_WritePin
    ili9341.o(.text.ili9341_new) refers to stm32f4xx_hal.o(.text.HAL_Delay) for HAL_Delay
    ili9341.o(.text.ili9341_new) refers to stm32f4xx_hal_spi.o(.text.HAL_SPI_Transmit) for HAL_SPI_Transmit
    ili9341.o(.ARM.exidx.text.ili9341_new) refers to ili9341.o(.text.ili9341_new) for [Anonymous Symbol]
    ili9341.o(.text.ili9341_touch_interrupt) refers to ili9341.o(.text.ili9341_touch_coordinate) for ili9341_touch_coordinate
    ili9341.o(.ARM.exidx.text.ili9341_touch_interrupt) refers to ili9341.o(.text.ili9341_touch_interrupt) for [Anonymous Symbol]
    ili9341.o(.text.ili9341_touch_coordinate) refers to stm32f4xx_hal_gpio.o(.text.HAL_GPIO_WritePin) for HAL_GPIO_WritePin
    ili9341.o(.text.ili9341_touch_coordinate) refers to stm32f4xx_hal_gpio.o(.text.HAL_GPIO_ReadPin) for HAL_GPIO_ReadPin
    ili9341.o(.text.ili9341_touch_coordinate) refers to ili9341.o(.data..L_MergedGlobals) for .L_MergedGlobals
    ili9341.o(.text.ili9341_touch_coordinate) refers to stm32f4xx_hal_spi.o(.text.HAL_SPI_Transmit) for HAL_SPI_Transmit
    ili9341.o(.text.ili9341_touch_coordinate) refers to stm32f4xx_hal_spi.o(.text.HAL_SPI_TransmitReceive) for HAL_SPI_TransmitReceive
    ili9341.o(.text.ili9341_touch_coordinate) refers to ili9341.o(.bss.ili9341_touch_coordinate.sleep) for ili9341_touch_coordinate.sleep
    ili9341.o(.text.ili9341_touch_coordinate) refers to ili9341.o(.text.ili9341_project_touch_coordinate) for ili9341_project_touch_coordinate
    ili9341.o(.ARM.exidx.text.ili9341_touch_coordinate) refers to ili9341.o(.text.ili9341_touch_coordinate) for [Anonymous Symbol]
    ili9341.o(.text.ili9341_touch_pressed) refers to stm32f4xx_hal_gpio.o(.text.HAL_GPIO_ReadPin) for HAL_GPIO_ReadPin
    ili9341.o(.ARM.exidx.text.ili9341_touch_pressed) refers to ili9341.o(.text.ili9341_touch_pressed) for [Anonymous Symbol]
    ili9341.o(.ARM.exidx.text.ili9341_set_touch_pressed_begin) refers to ili9341.o(.text.ili9341_set_touch_pressed_begin) for [Anonymous Symbol]
    ili9341.o(.ARM.exidx.text.ili9341_set_touch_pressed_end) refers to ili9341.o(.text.ili9341_set_touch_pressed_end) for [Anonymous Symbol]
    ili9341.o(.text.ili9341_spi_touch_select) refers to stm32f4xx_hal_gpio.o(.text.HAL_GPIO_WritePin) for HAL_GPIO_WritePin
    ili9341.o(.ARM.exidx.text.ili9341_spi_touch_select) refers to ili9341.o(.text.ili9341_spi_touch_select) for [Anonymous Symbol]
    ili9341.o(.text.ili9341_spi_touch_release) refers to stm32f4xx_hal_gpio.o(.text.HAL_GPIO_WritePin) for HAL_GPIO_WritePin
    ili9341.o(.ARM.exidx.text.ili9341_spi_touch_release) refers to ili9341.o(.text.ili9341_spi_touch_release) for [Anonymous Symbol]
    ili9341.o(.ARM.exidx.text.ili9341_project_touch_coordinate) refers to ili9341.o(.text.ili9341_project_touch_coordinate) for [Anonymous Symbol]
    ili9341.o(.ARM.exidx.text.ili9341_calibrate_scalar) refers to ili9341.o(.text.ili9341_calibrate_scalar) for [Anonymous Symbol]
    ili9341.o(.text.ili9341_calibrate_3point) refers to ffltl.o(.text) for __aeabi_l2f
[...]
    Removing transformfunctions.o(.ARM.exidx.text.arm_rfft_4096_fast_init_f64), (8 bytes).
    Removing transformfunctions.o(.text.arm_rfft_2048_fast_init_f64), (62 bytes).
    Removing transformfunctions.o(.ARM.exidx.text.arm_rfft_2048_fast_init_f64), (8 bytes).
    Removing transformfunctions.o(.text.arm_rfft_1024_fast_init_f64), (62 bytes).
    Removing transformfunctions.o(.ARM.exidx.text.arm_rfft_1024_fast_init_f64), (8 bytes).
    Removing transformfunctions.o(.text.arm_rfft_512_fast_init_f64), (62 bytes).
    Removing transformfunctions.o(.ARM.exidx.text.arm_rfft_512_fast_init_f64), (8 bytes).
    Removing transformfunctions.o(.text.arm_rfft_256_fast_init_f64), (58 bytes).
    Removing transformfunctions.o(.ARM.exidx.text.arm_rfft_256_fast_init_f64), (8 bytes).
    Removing transformfunctions.o(.text.arm_rfft_128_fast_init_f64), (58 bytes).
    Removing transformfunctions.o(.ARM.exidx.text.arm_rfft_128_fast_init_f64), (8 bytes).
    Removing transformfunctions.o(.text.arm_rfft_64_fast_init_f64), (58 bytes).
    Removing transformfunctions.o(.ARM.exidx.text.arm_rfft_64_fast_init_f64), (8 bytes).
    Removing transformfunctions.o(.text.arm_rfft_32_fast_init_f64), (58 bytes).
    Removing transformfunctions.o(.ARM.exidx.text.arm_rfft_32_fast_init_f64), (8 bytes).
    Removing transformfunctions.o(.text.arm_mfcc_init_f32), (230 bytes).
    Removing transformfunctions.o(.ARM.exidx.text.arm_mfcc_init_f32), (8 bytes).
    Removing transformfunctions.o(.text.arm_mfcc_f32), (1052 bytes).
    Removing transformfunctions.o(.ARM.exidx.text.arm_mfcc_f32), (8 bytes).
    Removing transformfunctions.o(.text.arm_mfcc_init_q31), (248 bytes).
    Removing transformfunctions.o(.ARM.exidx.text.arm_mfcc_init_q31), (8 bytes).
    Removing transformfunctions.o(.text.arm_rfft_init_q31), (216 bytes).
    Removing transformfunctions.o(.ARM.exidx.text.arm_rfft_init_q31), (8 bytes).
    Removing transformfunctions.o(.text.arm_mfcc_q31), (306 bytes).
    Removing transformfunctions.o(.ARM.exidx.text.arm_mfcc_q31), (8 bytes).
    Removing transformfunctions.o(.text.arm_rfft_q31), (236 bytes).
    Removing transformfunctions.o(.ARM.exidx.text.arm_rfft_q31), (8 bytes).
    Removing transformfunctions.o(.text.arm_mfcc_init_q15), (248 bytes).
    Removing transformfunctions.o(.ARM.exidx.text.arm_mfcc_init_q15), (8 bytes).
    Removing transformfunctions.o(.text.arm_rfft_init_q15), (216 bytes).
    Removing transformfunctions.o(.ARM.exidx.text.arm_rfft_init_q15), (8 bytes).
    Removing transformfunctions.o(.text.arm_mfcc_q15), (506 bytes).
    Removing transformfunctions.o(.ARM.exidx.text.arm_mfcc_q15), (8 bytes).
    Removing transformfunctions.o(.text.arm_rfft_q15), (1288 bytes).
    Removing transformfunctions.o(.ARM.exidx.text.arm_rfft_q15), (8 bytes).
    Removing transformfunctions.o(.text.arm_dct4_f32), (750 bytes).
    Removing transformfunctions.o(.ARM.exidx.text.arm_dct4_f32), (8 bytes).
    Removing transformfunctions.o(.text.arm_rfft_f32), (2000 bytes).
    Removing transformfunctions.o(.ARM.exidx.text.arm_rfft_f32), (8 bytes).
    Removing transformfunctions.o(.text.arm_dct4_init_f32), (396 bytes).
    Removing transformfunctions.o(.ARM.exidx.text.arm_dct4_init_f32), (8 bytes).
    Removing transformfunctions.o(.text.arm_rfft_init_f32), (296 bytes).
    Removing transformfunctions.o(.ARM.exidx.text.arm_rfft_init_f32), (8 bytes).
    Removing transformfunctions.o(.text.arm_dct4_init_q15), (446 bytes).
    Removing transformfunctions.o(.ARM.exidx.text.arm_dct4_init_q15), (8 bytes).
    Removing transformfunctions.o(.text.arm_dct4_init_q31), (446 bytes).
    Removing transformfunctions.o(.ARM.exidx.text.arm_dct4_init_q31), (8 bytes).
    Removing transformfunctions.o(.text.arm_dct4_q15), (768 bytes).
    Removing transformfunctions.o(.ARM.exidx.text.arm_dct4_q15), (8 bytes).
    Removing transformfunctions.o(.text.arm_dct4_q31), (790 bytes).
    Removing transformfunctions.o(.ARM.exidx.text.arm_dct4_q31), (8 bytes).
    Removing transformfunctions.o(.text.arm_split_rifft_f32), (784 bytes).
    Removing transformfunctions.o(.ARM.exidx.text.arm_split_rifft_f32), (8 bytes).
    Removing transformfunctions.o(.text.arm_split_rfft_f32), (1058 bytes).
    Removing transformfunctions.o(.ARM.exidx.text.arm_split_rfft_f32), (8 bytes).
    Removing transformfunctions.o(.text.arm_split_rifft_q15), (482 bytes).
    Removing transformfunctions.o(.ARM.exidx.text.arm_split_rifft_q15), (8 bytes).
    Removing transformfunctions.o(.text.arm_split_rfft_q15), (750 bytes).
    Removing transformfunctions.o(.ARM.exidx.text.arm_split_rfft_q15), (8 bytes).
    Removing transformfunctions.o(.text.arm_split_rifft_q31), (136 bytes).
    Removing transformfunctions.o(.ARM.exidx.text.arm_split_rifft_q31), (8 bytes).
    Removing transformfunctions.o(.text.arm_split_rfft_q31), (272 bytes).
    Removing transformfunctions.o(.ARM.exidx.text.arm_split_rfft_q31), (8 bytes).
    Removing transformfunctions.o(.text.arm_cfft_radix4_init_f32), (152 bytes).
    Removing transformfunctions.o(.ARM.exidx.text.arm_cfft_radix4_init_f32), (8 bytes).
    Removing transformfunctions.o(.text.arm_cfft_radix4_init_q15), (108 bytes).
    Removing transformfunctions.o(.ARM.exidx.text.arm_cfft_radix4_init_q15), (8 bytes).
    Removing transformfunctions.o(.text.arm_cfft_radix4_init_q31), (108 bytes).
    Removing transformfunctions.o(.ARM.exidx.text.arm_cfft_radix4_init_q31), (8 bytes).
    Removing transformfunctions.o(.text.arm_cfft_radix2_init_f32), (240 bytes).
    Removing transformfunctions.o(.ARM.exidx.text.arm_cfft_radix2_init_f32), (8 bytes).
    Removing transformfunctions.o(.text.arm_cfft_radix2_init_q15), (164 bytes).
    Removing transformfunctions.o(.ARM.exidx.text.arm_cfft_radix2_init_q15), (8 bytes).
    Removing transformfunctions.o(.text.arm_cfft_radix2_init_q31), (164 bytes).
    Removing transformfunctions.o(.ARM.exidx.text.arm_cfft_radix2_init_q31), (8 bytes).
    Removing transformfunctionsf16.o(.text), (0 bytes).
    Removing transformfunctionsf16.o(.text.arm_cfft_f16), (838 bytes).
    Removing transformfunctionsf16.o(.ARM.exidx.text.arm_cfft_f16), (8 bytes).
    Removing transformfunctionsf16.o(.text.arm_radix4_butterfly_f16), (1908 bytes).
    Removing transformfunctionsf16.o(.ARM.exidx.text.arm_radix4_butterfly_f16), (8 bytes).
    Removing transformfunctionsf16.o(.text.arm_cfft_radix4by2_f16), (1226 bytes).
    Removing transformfunctionsf16.o(.ARM.exidx.text.arm_cfft_radix4by2_f16), (8 bytes).
    Removing transformfunctionsf16.o(.text.arm_cfft_init_f16), (194 bytes).
    Removing transformfunctionsf16.o(.ARM.exidx.text.arm_cfft_init_f16), (8 bytes).
    Removing transformfunctionsf16.o(.text.arm_cfft_radix2_f16), (68 bytes).
    Removing transformfunctionsf16.o(.ARM.exidx.text.arm_cfft_radix2_f16), (8 bytes).
    Removing transformfunctionsf16.o(.text.arm_radix2_butterfly_inverse_f16), (2134 bytes).
    Removing transformfunctionsf16.o(.ARM.exidx.text.arm_radix2_butterfly_inverse_f16), (8 bytes).
    Removing transformfunctionsf16.o(.text.arm_radix2_butterfly_f16), (2082 bytes).
    Removing transformfunctionsf16.o(.ARM.exidx.text.arm_radix2_butterfly_f16), (8 bytes).
    Removing transformfunctionsf16.o(.text.arm_bitreversal_f16), (182 bytes).
    Removing transformfunctionsf16.o(.ARM.exidx.text.arm_bitreversal_f16), (8 bytes).
    Removing transformfunctionsf16.o(.text.arm_cfft_radix4_f16), (68 bytes).
    Removing transformfunctionsf16.o(.ARM.exidx.text.arm_cfft_radix4_f16), (8 bytes).
    Removing transformfunctionsf16.o(.text.arm_radix4_butterfly_inverse_f16), (2024 bytes).
    Removing transformfunctionsf16.o(.ARM.exidx.text.arm_radix4_butterfly_inverse_f16), (8 bytes).
    Removing transformfunctionsf16.o(.text.arm_rfft_fast_init_f16), (154 bytes).
    Removing transformfunctionsf16.o(.ARM.exidx.text.arm_rfft_fast_init_f16), (8 bytes).
    Removing transformfunctionsf16.o(.text.arm_rfft_4096_fast_init_f16), (58 bytes).
    Removing transformfunctionsf16.o(.ARM.exidx.text.arm_rfft_4096_fast_init_f16), (8 bytes).
    Removing transformfunctionsf16.o(.text.arm_rfft_2048_fast_init_f16), (58 bytes).
    Removing transformfunctionsf16.o(.ARM.exidx.text.arm_rfft_2048_fast_init_f16), (8 bytes).
    Removing transformfunctionsf16.o(.text.arm_rfft_1024_fast_init_f16), (58 bytes).
    Removing transformfunctionsf16.o(.ARM.exidx.text.arm_rfft_1024_fast_init_f16), (8 bytes).
    Removing transformfunctionsf16.o(.text.arm_rfft_512_fast_init_f16), (58 bytes).
    Removing transformfunctionsf16.o(.ARM.exidx.text.arm_rfft_512_fast_init_f16), (8 bytes).
    Removing transformfunctionsf16.o(.text.arm_rfft_256_fast_init_f16), (54 bytes).
    Removing transformfunctionsf16.o(.ARM.exidx.text.arm_rfft_256_fast_init_f16), (8 bytes).
    Removing transformfunctionsf16.o(.text.arm_rfft_128_fast_init_f16), (54 bytes).
    Removing transformfunctionsf16.o(.ARM.exidx.text.arm_rfft_128_fast_init_f16), (8 bytes).
    Removing transformfunctionsf16.o(.text.arm_rfft_64_fast_init_f16), (54 bytes).
    Removing transformfunctionsf16.o(.ARM.exidx.text.arm_rfft_64_fast_init_f16), (8 bytes).
    Removing transformfunctionsf16.o(.text.arm_rfft_32_fast_init_f16), (54 bytes).
    Removing transformfunctionsf16.o(.ARM.exidx.text.arm_rfft_32_fast_init_f16), (8 bytes).
    Removing transformfunctionsf16.o(.text.stage_rfft_f16), (1232 bytes).
    Removing transformfunctionsf16.o(.ARM.exidx.text.stage_rfft_f16), (8 bytes).
    Removing transformfunctionsf16.o(.text.merge_rfft_f16), (1206 bytes).
    Removing transformfunctionsf16.o(.ARM.exidx.text.merge_rfft_f16), (8 bytes).
    Removing transformfunctionsf16.o(.text.arm_rfft_fast_f16), (164 bytes).
    Removing transformfunctionsf16.o(.ARM.exidx.text.arm_rfft_fast_f16), (8 bytes).
    Removing transformfunctionsf16.o(.text.arm_radix8_butterfly_f16), (2080 bytes).
    Removing transformfunctionsf16.o(.ARM.exidx.text.arm_radix8_butterfly_f16), (8 bytes).
    Removing transformfunctionsf16.o(.text.arm_mfcc_init_f16), (230 bytes).
    Removing transformfunctionsf16.o(.ARM.exidx.text.arm_mfcc_init_f16), (8 bytes).
    Removing transformfunctionsf16.o(.text.arm_mfcc_f16), (244 bytes).
    Removing transformfunctionsf16.o(.ARM.exidx.text.arm_mfcc_f16), (8 bytes).
    Removing transformfunctionsf16.o(.text.arm_cfft_radix2_init_f16), (248 bytes).
    Removing transformfunctionsf16.o(.ARM.exidx.text.arm_cfft_radix2_init_f16), (8 bytes).
    Removing transformfunctionsf16.o(.text.arm_cfft_radix4_init_f16), (160 bytes).
    Removing transformfunctionsf16.o(.ARM.exidx.text.arm_cfft_radix4_init_f16), (8 bytes).
    Removing dadd.o(.text), (334 bytes).
    Removing dmul.o(.text), (228 bytes).
    Removing ddiv.o(.text), (222 bytes).
    Removing dcmple.o(.text), (54 bytes).
    Removing dcmplt.o(.text), (54 bytes).
    Removing dcmpgt.o(.text), (54 bytes).
    Removing dcmpeq.o(.text), (56 bytes).
    Removing ffltl.o(.text), (44 bytes).
    Removing dflti.o(.text), (34 bytes).
    Removing dfltui.o(.text), (26 bytes).
    Removing dfixi.o(.text), (62 bytes).
    Removing dfixl.o(.text), (74 bytes).
    Removing f2d.o(.text), (38 bytes).
    Removing d2f.o(.text), (56 bytes).
    Removing d2h.o(.text), (100 bytes).
    Removing fepilogue.o(.text), (110 bytes).
    Removing depilogue.o(.text), (186 bytes).
    Removing dneg.o(.text), (6 bytes).
    Removing dsqrt.o(.text), (162 bytes).
    Removing dfixul.o(.text), (48 bytes).
    Removing cdcmple.o(.text), (48 bytes).
    Removing cdrcmple.o(.text), (48 bytes).
    Removing fpstat.o(.text), (4 bytes).

2594 unused section(s) (total 1438255 bytes) removed from the image.

==============================================================================

Image Symbol Table

    Local Symbols

    Symbol Name                              Value     Ov Type        Size  Object(Section)

    ../clib/division.s                       0x00000000   Number         0  aeabi_sdiv.o ABSOLUTE
    ../clib/microlib/division.c              0x00000000   Number         0  uldiv.o ABSOLUTE
    ../clib/microlib/division.c              0x00000000   Number         0  ldiv.o ABSOLUTE
    ../clib/microlib/division.c              0x00000000   Number         0  uidiv.o ABSOLUTE
    ../clib/microlib/errno.c                 0x00000000   Number         0  errno.o ABSOLUTE
    ../clib/microlib/init/entry.s            0x00000000   Number         0  entry.o ABSOLUTE
    ../clib/microlib/init/entry.s            0x00000000   Number         0  entry2.o ABSOLUTE
    ../clib/microlib/init/entry.s            0x00000000   Number         0  entry5.o ABSOLUTE
    ../clib/microlib/init/entry.s            0x00000000   Number         0  entry7a.o ABSOLUTE
    ../clib/microlib/init/entry.s            0x00000000   Number         0  entry7b.o ABSOLUTE
    ../clib/microlib/init/entry.s            0x00000000   Number         0  entry8a.o ABSOLUTE
    ../clib/microlib/init/entry.s            0x00000000   Number         0  entry8b.o ABSOLUTE
    ../clib/microlib/init/entry.s            0x00000000   Number         0  entry9a.o ABSOLUTE
    ../clib/microlib/init/entry.s            0x00000000   Number         0  entry9b.o ABSOLUTE
    ../clib/microlib/init/entry.s            0x00000000   Number         0  entry10a.o ABSOLUTE
    ../clib/microlib/init/entry.s            0x00000000   Number         0  entry10b.o ABSOLUTE
    ../clib/microlib/init/entry.s            0x00000000   Number         0  entry11a.o ABSOLUTE
    ../clib/microlib/init/entry.s            0x00000000   Number         0  entry11b.o ABSOLUTE
    ../clib/microlib/longlong.c              0x00000000   Number         0  llshl.o ABSOLUTE
    ../clib/microlib/longlong.c              0x00000000   Number         0  llushr.o ABSOLUTE
    ../clib/microlib/longlong.c              0x00000000   Number         0  llsshr.o ABSOLUTE
    ../clib/microlib/malloc/malloc.c         0x00000000   Number         0  malloc.o ABSOLUTE
    ../clib/microlib/malloc/malloc.c         0x00000000   Number         0  mallocr.o ABSOLUTE
    ../clib/microlib/malloc/malloc.c         0x00000000   Number         0  malloca.o ABSOLUTE
    ../clib/microlib/malloc/malloc.c         0x00000000   Number         0  mallocra.o ABSOLUTE
    ../clib/microlib/malloc/mvars.c          0x00000000   Number         0  mvars.o ABSOLUTE
    ../clib/microlib/printf/printf.c         0x00000000   Number         0  printfb.o ABSOLUTE
    ../clib/microlib/printf/printf.c         0x00000000   Number         0  printf0.o ABSOLUTE
    ../clib/microlib/printf/printf.c         0x00000000   Number         0  printf1.o ABSOLUTE
    ../clib/microlib/printf/printf.c         0x00000000   Number         0  printf2.o ABSOLUTE
    ../clib/microlib/printf/printf.c         0x00000000   Number         0  printf3.o ABSOLUTE
    ../clib/microlib/printf/printf.c         0x00000000   Number         0  printf4.o ABSOLUTE
    ../clib/microlib/printf/printf.c         0x00000000   Number         0  printf5.o ABSOLUTE
    ../clib/microlib/printf/printf.c         0x00000000   Number         0  printf6.o ABSOLUTE
    ../clib/microlib/printf/printf.c         0x00000000   Number         0  printf7.o ABSOLUTE
    ../clib/microlib/printf/printf.c         0x00000000   Number         0  printf8.o ABSOLUTE
    ../clib/microlib/printf/printf.c         0x00000000   Number         0  printfa.o ABSOLUTE
    ../clib/microlib/printf/stubs.s          0x00000000   Number         0  printfstubs.o ABSOLUTE
    ../clib/microlib/stdio/fputc.c           0x00000000   Number         0  fputc.o ABSOLUTE
    ../clib/microlib/stdio/fputc.c           0x00000000   Number         0  fputc_h.o ABSOLUTE
    ../clib/microlib/stdio/semi.s            0x00000000   Number         0  semi.o ABSOLUTE
    ../clib/microlib/stdio/streams.c         0x00000000   Number         0  stdout.o ABSOLUTE
    ../clib/microlib/string/memcpy.c         0x00000000   Number         0  memcpya.o ABSOLUTE
    ../clib/microlib/string/memcpy.c         0x00000000   Number         0  memcpyb.o ABSOLUTE
    ../clib/microlib/string/memset.c         0x00000000   Number         0  memseta.o ABSOLUTE
    ../clib/microlib/stubs.s                 0x00000000   Number         0  iusefp.o ABSOLUTE
    ../clib/microlib/stubs.s                 0x00000000   Number         0  iusesemip.o ABSOLUTE
    ../fplib/microlib/d2f.c                  0x00000000   Number         0  d2f.o ABSOLUTE
    ../fplib/microlib/d2h.c                  0x00000000   Number         0  d2h.o ABSOLUTE
    ../fplib/microlib/f2d.c                  0x00000000   Number         0  f2d.o ABSOLUTE
    ../fplib/microlib/fpadd.c                0x00000000   Number         0  dadd.o ABSOLUTE
    ../fplib/microlib/fpcmp.c                0x00000000   Number         0  dcmple.o ABSOLUTE
    ../fplib/microlib/fpcmp.c                0x00000000   Number         0  dcmplt.o ABSOLUTE
    ../fplib/microlib/fpcmp.c                0x00000000   Number         0  dcmpgt.o ABSOLUTE
    ../fplib/microlib/fpcmp.c                0x00000000   Number         0  dcmpeq.o ABSOLUTE
    ../fplib/microlib/fpdiv.c                0x00000000   Number         0  ddiv.o ABSOLUTE
    ../fplib/microlib/fpepilogue.c           0x00000000   Number         0  fepilogue.o ABSOLUTE
    ../fplib/microlib/fpepilogue.c           0x00000000   Number         0  depilogue.o ABSOLUTE
    ../fplib/microlib/fpfix.c                0x00000000   Number         0  dfixi.o ABSOLUTE
    ../fplib/microlib/fpfix.c                0x00000000   Number         0  dfixl.o ABSOLUTE
    ../fplib/microlib/fpfix.c                0x00000000   Number         0  dfixul.o ABSOLUTE
    ../fplib/microlib/fpflt.c                0x00000000   Number         0  ffltl.o ABSOLUTE
    ../fplib/microlib/fpflt.c                0x00000000   Number         0  dflti.o ABSOLUTE
    ../fplib/microlib/fpflt.c                0x00000000   Number         0  dfltui.o ABSOLUTE
    ../fplib/microlib/fpmul.c                0x00000000   Number         0  dmul.o ABSOLUTE
    ../fplib/microlib/fpneg.c                0x00000000   Number         0  dneg.o ABSOLUTE
    ../fplib/microlib/fpsqrt.c               0x00000000   Number         0  dsqrt.o ABSOLUTE
    ../fplib/microlib/fpstat.c               0x00000000   Number         0  fpstat.o ABSOLUTE
    ../mathlib/dunder.c                      0x00000000   Number         0  dunder.o ABSOLUTE
    ../mathlib/exp.c                         0x00000000   Number         0  exp.o ABSOLUTE
    ../mathlib/expf.c                        0x00000000   Number         0  expf.o ABSOLUTE
    ../mathlib/floorf.c                      0x00000000   Number         0  floorf.o ABSOLUTE
    ../mathlib/fpclassify.c                  0x00000000   Number         0  fpclassify.o ABSOLUTE
    ../mathlib/fpclassifyf.c                 0x00000000   Number         0  fpclassifyf.o ABSOLUTE
    ../mathlib/funder.c                      0x00000000   Number         0  funder.o ABSOLUTE
    ../mathlib/log.c                         0x00000000   Number         0  log.o ABSOLUTE
    ../mathlib/logf.c                        0x00000000   Number         0  logf.o ABSOLUTE
    ../mathlib/poly.c                        0x00000000   Number         0  poly.o ABSOLUTE
    ../mathlib/powf.c                        0x00000000   Number         0  powf.o ABSOLUTE
    ../mathlib/qnan.c                        0x00000000   Number         0  qnan.o ABSOLUTE
    ../mathlib/sqrt.c                        0x00000000   Number         0  sqrt.o ABSOLUTE
    ../mathlib/tanhf.c                       0x00000000   Number         0  tanhf.o ABSOLUTE
    BasicMathFunctions.c                     0x00000000   Number         0  basicmathfunctions.o ABSOLUTE
    BasicMathFunctionsF16.c                  0x00000000   Number         0  basicmathfunctionsf16.o ABSOLUTE
    BayesFunctions.c                         0x00000000   Number         0  bayesfunctions.o ABSOLUTE
    BayesFunctionsF16.c                      0x00000000   Number         0  bayesfunctionsf16.o ABSOLUTE
    CommonTables.c                           0x00000000   Number         0  commontables.o ABSOLUTE
    CommonTablesF16.c                        0x00000000   Number         0  commontablesf16.o ABSOLUTE
    ComplexMathFunctions.c                   0x00000000   Number         0  complexmathfunctions.o ABSOLUTE
    ComplexMathFunctionsF16.c                0x00000000   Number         0  complexmathfunctionsf16.o ABSOLUTE
    ControllerFunctions.c                    0x00000000   Number         0  controllerfunctions.o ABSOLUTE
    DistanceFunctions.c                      0x00000000   Number         0  distancefunctions.o ABSOLUTE
    DistanceFunctionsF16.c                   0x00000000   Number         0  distancefunctionsf16.o ABSOLUTE
    FastMathFunctions.c                      0x00000000   Number         0  fastmathfunctions.o ABSOLUTE
    FastMathFunctionsF16.c                   0x00000000   Number         0  fastmathfunctionsf16.o ABSOLUTE
    FilteringFunctions.c                     0x00000000   Number         0  filteringfunctions.o ABSOLUTE
    FilteringFunctionsF16.c                  0x00000000   Number         0  filteringfunctionsf16.o ABSOLUTE
    InterpolationFunctions.c                 0x00000000   Number         0  interpolationfunctions.o ABSOLUTE
    InterpolationFunctionsF16.c              0x00000000   Number         0  interpolationfunctionsf16.o ABSOLUTE
    MatrixFunctions.c                        0x00000000   Number         0  matrixfunctions.o ABSOLUTE
    MatrixFunctionsF16.c                     0x00000000   Number         0  matrixfunctionsf16.o ABSOLUTE
    QuaternionMathFunctions.c                0x00000000   Number         0  quaternionmathfunctions.o ABSOLUTE
    SVMFunctions.c                           0x00000000   Number         0  svmfunctions.o ABSOLUTE
    SVMFunctionsF16.c                        0x00000000   Number         0  svmfunctionsf16.o ABSOLUTE
    StatisticsFunctions.c                    0x00000000   Number         0  statisticsfunctions.o ABSOLUTE
    StatisticsFunctionsF16.c                 0x00000000   Number         0  statisticsfunctionsf16.o ABSOLUTE
    SupportFunctions.c                       0x00000000   Number         0  supportfunctions.o ABSOLUTE
    SupportFunctionsF16.c                    0x00000000   Number         0  supportfunctionsf16.o ABSOLUTE
    TransformFunctions.c                     0x00000000   Number         0  transformfunctions.o ABSOLUTE
    TransformFunctionsF16.c                  0x00000000   Number         0  transformfunctionsf16.o ABSOLUTE
    adc.c                                    0x00000000   Number         0  adc.o ABSOLUTE
    cdcmple.s                                0x00000000   Number         0  cdcmple.o ABSOLUTE
    cdrcmple.s                               0x00000000   Number         0  cdrcmple.o ABSOLUTE
    dc.s                                     0x00000000   Number         0  dc.o ABSOLUTE
    dma.c                                    0x00000000   Number         0  dma.o ABSOLUTE
    gpio.c                                   0x00000000   Number         0  gpio.o ABSOLUTE
    handlers.s                               0x00000000   Number         0  handlers.o ABSOLUTE
    ili9341.c                                0x00000000   Number         0  ili9341.o ABSOLUTE
    ili9341_font.c                           0x00000000   Number         0  ili9341_font.o ABSOLUTE
    ili9341_gfx.c                            0x00000000   Number         0  ili9341_gfx.o ABSOLUTE
    init.s                                   0x00000000   Number         0  init.o ABSOLUTE
    main.c                                   0x00000000   Number         0  main.o ABSOLUTE
    spi.c                                    0x00000000   Number         0  spi.o ABSOLUTE
    startup_stm32f446xx.s                    0x00000000   Number         0  startup_stm32f446xx.o ABSOLUTE
    stm32f4xx_hal.c                          0x00000000   Number         0  stm32f4xx_hal.o ABSOLUTE
    stm32f4xx_hal_adc.c                      0x00000000   Number         0  stm32f4xx_hal_adc.o ABSOLUTE
    stm32f4xx_hal_adc_ex.c                   0x00000000   Number         0  stm32f4xx_hal_adc_ex.o ABSOLUTE
    stm32f4xx_hal_cortex.c                   0x00000000   Number         0  stm32f4xx_hal_cortex.o ABSOLUTE
    stm32f4xx_hal_dma.c                      0x00000000   Number         0  stm32f4xx_hal_dma.o ABSOLUTE
    stm32f4xx_hal_dma_ex.c                   0x00000000   Number         0  stm32f4xx_hal_dma_ex.o ABSOLUTE
    stm32f4xx_hal_exti.c                     0x00000000   Number         0  stm32f4xx_hal_exti.o ABSOLUTE
    stm32f4xx_hal_flash.c                    0x00000000   Number         0  stm32f4xx_hal_flash.o ABSOLUTE
    stm32f4xx_hal_flash_ex.c                 0x00000000   Number         0  stm32f4xx_hal_flash_ex.o ABSOLUTE
    stm32f4xx_hal_flash_ramfunc.c            0x00000000   Number         0  stm32f4xx_hal_flash_ramfunc.o ABSOLUTE
    stm32f4xx_hal_gpio.c                     0x00000000   Number         0  stm32f4xx_hal_gpio.o ABSOLUTE
    stm32f4xx_hal_msp.c                      0x00000000   Number         0  stm32f4xx_hal_msp.o ABSOLUTE
    stm32f4xx_hal_pwr.c                      0x00000000   Number         0  stm32f4xx_hal_pwr.o ABSOLUTE
    stm32f4xx_hal_pwr_ex.c                   0x00000000   Number         0  stm32f4xx_hal_pwr_ex.o ABSOLUTE
    stm32f4xx_hal_rcc.c                      0x00000000   Number         0  stm32f4xx_hal_rcc.o ABSOLUTE
    stm32f4xx_hal_rcc_ex.c                   0x00000000   Number         0  stm32f4xx_hal_rcc_ex.o ABSOLUTE
    stm32f4xx_hal_spi.c                      0x00000000   Number         0  stm32f4xx_hal_spi.o ABSOLUTE
    stm32f4xx_hal_tim.c                      0x00000000   Number         0  stm32f4xx_hal_tim.o ABSOLUTE
    stm32f4xx_hal_tim_ex.c                   0x00000000   Number         0  stm32f4xx_hal_tim_ex.o ABSOLUTE
    stm32f4xx_hal_uart.c                     0x00000000   Number         0  stm32f4xx_hal_uart.o ABSOLUTE
    stm32f4xx_it.c                           0x00000000   Number         0  stm32f4xx_it.o ABSOLUTE
    stm32f4xx_ll_adc.c                       0x00000000   Number         0  stm32f4xx_ll_adc.o ABSOLUTE
    system_stm32f4xx.c                       0x00000000   Number         0  system_stm32f4xx.o ABSOLUTE
    tim.c                                    0x00000000   Number         0  tim.o ABSOLUTE
    usart.c                                  0x00000000   Number         0  usart.o ABSOLUTE
    RESET                                    0x08000000   Section      452  startup_stm32f446xx.o(RESET)
    .ARM.Collect$$$$00000000                 0x080001c4   Section        0  entry.o(.ARM.Collect$$$$00000000)
    .ARM.Collect$$$$00000001                 0x080001c4   Section        4  entry2.o(.ARM.Collect$$$$00000001)
    .ARM.Collect$$$$00000004                 0x080001c8   Section        4  entry5.o(.ARM.Collect$$$$00000004)
    .ARM.Collect$$$$00000008                 0x080001cc   Section        0  entry7b.o(.ARM.Collect$$$$00000008)
    .ARM.Collect$$$$0000000A                 0x080001cc   Section        0  entry8b.o(.ARM.Collect$$$$0000000A)
    .ARM.Collect$$$$0000000B                 0x080001cc   Section        8  entry9a.o(.ARM.Collect$$$$0000000B)
    __lit__00000000                          0x080001d4   Data           4  entry2.o(.ARM.Collect$$$$00002712)
    .ARM.Collect$$$$0000000D                 0x080001d4   Section        0  entry10a.o(.ARM.Collect$$$$0000000D)
    .ARM.Collect$$$$0000000F                 0x080001d4   Section        0  entry11a.o(.ARM.Collect$$$$0000000F)
    .ARM.Collect$$$$00002712                 0x080001d4   Section        4  entry2.o(.ARM.Collect$$$$00002712)
    $v0                                      0x080001d8   Number         0  startup_stm32f446xx.o(.text)
    .text                                    0x080001d8   Section       36  startup_stm32f446xx.o(.text)
    .text                                    0x080001fc   Section        0  uldiv.o(.text)
    .text                                    0x0800025e   Section        0  uidiv.o(.text)
    .text                                    0x0800028a   Section        0  llshl.o(.text)
    .text                                    0x080002a8   Section        0  llushr.o(.text)
    .text                                    0x080002c8   Section       36  init.o(.text)
    [Anonymous Symbol]                       0x080002ec   Section        0  stm32f4xx_it.o(.text.BusFault_Handler)
    [Anonymous Symbol]                       0x080002f0   Section        0  stm32f4xx_it.o(.text.DMA2_Stream3_IRQHandler)
    [Anonymous Symbol]                       0x080002fc   Section        0  stm32f4xx_it.o(.text.DebugMon_Handler)
    [Anonymous Symbol]                       0x08000300   Section        0  main.o(.text.Error_Handler)
    [Anonymous Symbol]                       0x08000308   Section        0  stm32f4xx_hal_adc.o(.text.HAL_ADC_ConfigChannel)
    [Anonymous Symbol]                       0x0800047c   Section        0  stm32f4xx_hal_adc.o(.text.HAL_ADC_Init)
    [Anonymous Symbol]                       0x080005dc   Section        0  adc.o(.text.HAL_ADC_MspInit)
    [Anonymous Symbol]                       0x08000640   Section        0  stm32f4xx_hal_dma.o(.text.HAL_DMA_Abort_IT)
    [Anonymous Symbol]                       0x08000664   Section        0  stm32f4xx_hal_dma.o(.text.HAL_DMA_GetState)
    [Anonymous Symbol]                       0x0800066c   Section        0  stm32f4xx_hal_dma.o(.text.HAL_DMA_IRQHandler)
    [Anonymous Symbol]                       0x0800082c   Section        0  stm32f4xx_hal_dma.o(.text.HAL_DMA_Init)
    [Anonymous Symbol]                       0x08000990   Section        0  stm32f4xx_hal_dma.o(.text.HAL_DMA_Start_IT)
    [Anonymous Symbol]                       0x08000a30   Section        0  stm32f4xx_hal.o(.text.HAL_Delay)
    [Anonymous Symbol]                       0x08000a58   Section        0  stm32f4xx_hal_gpio.o(.text.HAL_GPIO_Init)
    [Anonymous Symbol]                       0x08000c00   Section        0  stm32f4xx_hal_gpio.o(.text.HAL_GPIO_WritePin)
    [Anonymous Symbol]                       0x08000c0c   Section        0  stm32f4xx_hal.o(.text.HAL_GetTick)
    [Anonymous Symbol]                       0x08000c18   Section        0  stm32f4xx_hal.o(.text.HAL_IncTick)
    [Anonymous Symbol]                       0x08000c34   Section        0  stm32f4xx_hal.o(.text.HAL_Init)
    [Anonymous Symbol]                       0x08000c6c   Section        0  stm32f4xx_hal.o(.text.HAL_InitTick)
    [Anonymous Symbol]                       0x08000cb4   Section        0  stm32f4xx_hal_msp.o(.text.HAL_MspInit)
    [Anonymous Symbol]                       0x08000cf0   Section        0  stm32f4xx_hal_cortex.o(.text.HAL_NVIC_EnableIRQ)
    [Anonymous Symbol]                       0x08000d18   Section        0  stm32f4xx_hal_cortex.o(.text.HAL_NVIC_SetPriority)
    [Anonymous Symbol]                       0x08000d70   Section        0  stm32f4xx_hal_cortex.o(.text.HAL_NVIC_SetPriorityGrouping)
    [Anonymous Symbol]                       0x08000d90   Section        0  stm32f4xx_hal_rcc.o(.text.HAL_RCC_ClockConfig)
    [Anonymous Symbol]                       0x08000ef0   Section        0  stm32f4xx_hal_rcc.o(.text.HAL_RCC_GetPCLK1Freq)
    [Anonymous Symbol]                       0x08000f18   Section        0  stm32f4xx_hal_rcc.o(.text.HAL_RCC_GetPCLK2Freq)
    [Anonymous Symbol]                       0x08000f40   Section        0  stm32f4xx_hal_rcc_ex.o(.text.HAL_RCC_GetSysClockFreq)
    [Anonymous Symbol]                       0x08000fe8   Section        0  stm32f4xx_hal_rcc_ex.o(.text.HAL_RCC_OscConfig)
    [Anonymous Symbol]                       0x08001390   Section        0  stm32f4xx_hal_spi.o(.text.HAL_SPI_ErrorCallback)
    [Anonymous Symbol]                       0x08001394   Section        0  stm32f4xx_hal_spi.o(.text.HAL_SPI_IRQHandler)
    [Anonymous Symbol]                       0x080014c0   Section        0  stm32f4xx_hal_spi.o(.text.HAL_SPI_Init)
    [Anonymous Symbol]                       0x08001574   Section        0  spi.o(.text.HAL_SPI_MspInit)
    [Anonymous Symbol]                       0x0800162c   Section        0  stm32f4xx_hal_spi.o(.text.HAL_SPI_Transmit)
    [Anonymous Symbol]                       0x080018a8   Section        0  stm32f4xx_hal_spi.o(.text.HAL_SPI_Transmit_DMA)
    [Anonymous Symbol]                       0x0800197c   Section        0  stm32f4xx_hal_spi.o(.text.HAL_SPI_TxCpltCallback)
    [Anonymous Symbol]                       0x08001980   Section        0  stm32f4xx_hal_spi.o(.text.HAL_SPI_TxHalfCpltCallback)
    [Anonymous Symbol]                       0x08001984   Section        0  main.o(.text.HAL_SYSTICK_Callback)
    [Anonymous Symbol]                       0x080019d0   Section        0  stm32f4xx_hal_cortex.o(.text.HAL_SYSTICK_Config)
    [Anonymous Symbol]                       0x080019fc   Section        0  stm32f4xx_hal_cortex.o(.text.HAL_SYSTICK_IRQHandler)
    [Anonymous Symbol]                       0x08001a00   Section        0  stm32f4xx_hal_tim_ex.o(.text.HAL_TIMEx_BreakCallback)
    [Anonymous Symbol]                       0x08001a04   Section        0  stm32f4xx_hal_tim_ex.o(.text.HAL_TIMEx_CommutCallback)
    [Anonymous Symbol]                       0x08001a08   Section        0  stm32f4xx_hal_tim_ex.o(.text.HAL_TIMEx_MasterConfigSynchronization)
    [Anonymous Symbol]                       0x08001ac0   Section        0  stm32f4xx_hal_tim.o(.text.HAL_TIM_Base_Init)
    [Anonymous Symbol]                       0x08001b1c   Section        0  tim.o(.text.HAL_TIM_Base_MspInit)
    [Anonymous Symbol]                       0x08001b60   Section        0  stm32f4xx_hal_tim.o(.text.HAL_TIM_Base_Start_IT)
    [Anonymous Symbol]                       0x08001c0c   Section        0  stm32f4xx_hal_tim.o(.text.HAL_TIM_ConfigClockSource)
    [Anonymous Symbol]                       0x08001da8   Section        0  stm32f4xx_hal_tim.o(.text.HAL_TIM_IC_CaptureCallback)
    [Anonymous Symbol]                       0x08001dac   Section        0  stm32f4xx_hal_tim.o(.text.HAL_TIM_IRQHandler)
    [Anonymous Symbol]                       0x08001efc   Section        0  stm32f4xx_hal_tim.o(.text.HAL_TIM_OC_DelayElapsedCallback)
    [Anonymous Symbol]                       0x08001f00   Section        0  stm32f4xx_hal_tim.o(.text.HAL_TIM_PWM_PulseFinishedCallback)
    [Anonymous Symbol]                       0x08001f04   Section        0  main.o(.text.HAL_TIM_PeriodElapsedCallback)
    [Anonymous Symbol]                       0x08001f20   Section        0  stm32f4xx_hal_tim.o(.text.HAL_TIM_TriggerCallback)
    [Anonymous Symbol]                       0x08001f24   Section        0  stm32f4xx_hal_uart.o(.text.HAL_UART_Init)
    [Anonymous Symbol]                       0x08001f84   Section        0  usart.o(.text.HAL_UART_MspInit)
    [Anonymous Symbol]                       0x08001ff0   Section        0  stm32f4xx_it.o(.text.HardFault_Handler)
    [Anonymous Symbol]                       0x08001ff4   Section        0  adc.o(.text.MX_ADC1_Init)
    [Anonymous Symbol]                       0x08002060   Section        0  dma.o(.text.MX_DMA_Init)
    [Anonymous Symbol]                       0x08002098   Section        0  gpio.o(.text.MX_GPIO_Init)
    [Anonymous Symbol]                       0x0800218c   Section        0  spi.o(.text.MX_SPI1_Init)
    [Anonymous Symbol]                       0x080021d4   Section        0  tim.o(.text.MX_TIM2_Init)
    [Anonymous Symbol]                       0x08002248   Section        0  usart.o(.text.MX_USART2_UART_Init)
    [Anonymous Symbol]                       0x08002284   Section        0  stm32f4xx_it.o(.text.MemManage_Handler)
    [Anonymous Symbol]                       0x08002288   Section        0  stm32f4xx_it.o(.text.NMI_Handler)
    [Anonymous Symbol]                       0x0800228c   Section        0  stm32f4xx_it.o(.text.PendSV_Handler)
    [Anonymous Symbol]                       0x08002290   Section        0  stm32f4xx_it.o(.text.SPI1_IRQHandler)
    SPI_DMAAbortOnError                      0x0800229d   Thumb Code    12  stm32f4xx_hal_spi.o(.text.SPI_DMAAbortOnError)
    [Anonymous Symbol]                       0x0800229c   Section        0  stm32f4xx_hal_spi.o(.text.SPI_DMAAbortOnError)
    SPI_DMAError                             0x080022a9   Thumb Code    30  stm32f4xx_hal_spi.o(.text.SPI_DMAError)
    [Anonymous Symbol]                       0x080022a8   Section        0  stm32f4xx_hal_spi.o(.text.SPI_DMAError)
    SPI_DMAHalfTransmitCplt                  0x080022c9   Thumb Code     6  stm32f4xx_hal_spi.o(.text.SPI_DMAHalfTransmitCplt)
    [Anonymous Symbol]                       0x080022c8   Section        0  stm32f4xx_hal_spi.o(.text.SPI_DMAHalfTransmitCplt)
    SPI_DMATransmitCplt                      0x080022d1   Thumb Code   274  stm32f4xx_hal_spi.o(.text.SPI_DMATransmitCplt)
    [Anonymous Symbol]                       0x080022d0   Section        0  stm32f4xx_hal_spi.o(.text.SPI_DMATransmitCplt)
    SPI_WaitFlagStateUntilTimeout            0x080023e5   Thumb Code   288  stm32f4xx_hal_spi.o(.text.SPI_WaitFlagStateUntilTimeout)
    [Anonymous Symbol]                       0x080023e4   Section        0  stm32f4xx_hal_spi.o(.text.SPI_WaitFlagStateUntilTimeout)
    [Anonymous Symbol]                       0x08002504   Section        0  stm32f4xx_it.o(.text.SVC_Handler)
    [Anonymous Symbol]                       0x08002508   Section        0  stm32f4xx_it.o(.text.SysTick_Handler)
    [Anonymous Symbol]                       0x08002518   Section        0  main.o(.text.SystemClock_Config)
    [Anonymous Symbol]                       0x080025bc   Section        0  system_stm32f4xx.o(.text.SystemInit)
    [Anonymous Symbol]                       0x080025d0   Section        0  stm32f4xx_it.o(.text.TIM2_IRQHandler)
    [Anonymous Symbol]                       0x080025dc   Section        0  stm32f4xx_hal_tim.o(.text.TIM_Base_SetConfig)
    UART_SetConfig                           0x08002729   Thumb Code   238  stm32f4xx_hal_uart.o(.text.UART_SetConfig)
    [Anonymous Symbol]                       0x08002728   Section        0  stm32f4xx_hal_uart.o(.text.UART_SetConfig)
    [Anonymous Symbol]                       0x08002818   Section        0  stm32f4xx_it.o(.text.UsageFault_Handler)
    [Anonymous Symbol]                       0x0800281c   Section        0  ili9341_font.o(.text.glyph_index)
    [Anonymous Symbol]                       0x0800282c   Section        0  ili9341_gfx.o(.text.ili9341_draw_char)
    [Anonymous Symbol]                       0x08002a0c   Section        0  ili9341_gfx.o(.text.ili9341_draw_string)
    [Anonymous Symbol]                       0x08002a7c   Section        0  ili9341_gfx.o(.text.ili9341_fill_rect)
    [Anonymous Symbol]                       0x08002c20   Section        0  ili9341_gfx.o(.text.ili9341_fill_screen)
    [Anonymous Symbol]                       0x08002c3c   Section        0  ili9341.o(.text.ili9341_new)
    [Anonymous Symbol]                       0x0800335c   Section        0  ili9341.o(.text.ili9341_spi_tft_release)
    [Anonymous Symbol]                       0x08003368   Section        0  ili9341.o(.text.ili9341_spi_tft_select)
    [Anonymous Symbol]                       0x08003374   Section        0  ili9341.o(.text.ili9341_spi_write_command)
    [Anonymous Symbol]                       0x08003408   Section        0  ili9341.o(.text.ili9341_spi_write_command_data)
    [Anonymous Symbol]                       0x080034dc   Section        0  main.o(.text.main)
    i.__0sprintf$6                           0x080035b4   Section        0  printf6.o(i.__0sprintf$6)
    i.__scatterload_copy                     0x080035dc   Section       14  handlers.o(i.__scatterload_copy)
    i.__scatterload_null                     0x080035ea   Section        2  handlers.o(i.__scatterload_null)
    i.__scatterload_zeroinit                 0x080035ec   Section       14  handlers.o(i.__scatterload_zeroinit)
    _printf_core                             0x080035fd   Thumb Code   748  printf6.o(i._printf_core)
    i._printf_core                           0x080035fc   Section        0  printf6.o(i._printf_core)
    _printf_post_padding                     0x080038ed   Thumb Code    36  printf6.o(i._printf_post_padding)
    i._printf_post_padding                   0x080038ec   Section        0  printf6.o(i._printf_post_padding)
    _printf_pre_padding                      0x08003911   Thumb Code    46  printf6.o(i._printf_pre_padding)
    i._printf_pre_padding                    0x08003910   Section        0  printf6.o(i._printf_pre_padding)
    _sputc                                   0x0800393f   Thumb Code    10  printf6.o(i._sputc)
    i._sputc                                 0x0800393e   Section        0  printf6.o(i._sputc)
    i.malloc                                 0x08003948   Section        0  malloc.o(i.malloc)
    DMA_CalcBaseAndBitshift.flagBitshiftOffset 0x080039d0   Data           8  stm32f4xx_hal_dma.o(.rodata.cst8)
    [Anonymous Symbol]                       0x080039d0   Section        0  stm32f4xx_hal_dma.o(.rodata.cst8)
    .data                                    0x20000000   Section        4  mvars.o(.data)
    .data                                    0x20000004   Section        4  mvars.o(.data)
    .L_MergedGlobals                         0x20000008   Data           8  stm32f4xx_hal.o(.data..L_MergedGlobals)
    [Anonymous Symbol]                       0x20000008   Section        0  stm32f4xx_hal.o(.data..L_MergedGlobals)
    .L_MergedGlobals                         0x20000018   Data          16  main.o(.bss..L_MergedGlobals)
    [Anonymous Symbol]                       0x20000018   Section        0  main.o(.bss..L_MergedGlobals)
    HAL_SYSTICK_Callback.local_time          0x20000020   Data           4  main.o(.bss..L_MergedGlobals)
    spi_tx_block                             0x200001bc   Data        2048  ili9341_gfx.o(.bss.spi_tx_block)
    [Anonymous Symbol]                       0x200001bc   Section        0  ili9341_gfx.o(.bss.spi_tx_block)
    HEAP                                     0x200009c0   Section      512  startup_stm32f446xx.o(HEAP)
    STACK                                    0x20000bc0   Section     1024  startup_stm32f446xx.o(STACK)

    Global Symbols

    Symbol Name                              Value     Ov Type        Size  Object(Section)

    BuildAttributes$$THM_ISAv4$E$P$D$K$B$S$7EM$VFPi3$EXTD16$VFPS$VFMA$PE$A:L22UL41UL21$X:L11$S22US41US21$IEEE1$IW$~IW$USESV6$~STKCKD$USESV7$~SHL$OTIME$ROPI$IEEEX$EBA8$MICROLIB$REQ8$PRES8$EABIv2 0x00000000   Number         0  anon$$obj.o ABSOLUTE
    _printf_a                                0x00000000   Number         0  printfstubs.o ABSOLUTE
    _printf_c                                0x00000000   Number         0  printfstubs.o ABSOLUTE
    _printf_charcount                        0x00000000   Number         0  printfstubs.o ABSOLUTE
    _printf_d                                0x00000000   Number         0  printfstubs.o ABSOLUTE
    _printf_e                                0x00000000   Number         0  printfstubs.o ABSOLUTE
    _printf_f                                0x00000000   Number         0  printfstubs.o ABSOLUTE
    _printf_flags                            0x00000000   Number         0  printfstubs.o ABSOLUTE
    _printf_fp_dec                           0x00000000   Number         0  printfstubs.o ABSOLUTE
    _printf_fp_hex                           0x00000000   Number         0  printfstubs.o ABSOLUTE
    _printf_g                                0x00000000   Number         0  printfstubs.o ABSOLUTE
    _printf_i                                0x00000000   Number         0  printfstubs.o ABSOLUTE
    _printf_int_dec                          0x00000000   Number         0  printfstubs.o ABSOLUTE
    _printf_l                                0x00000000   Number         0  printfstubs.o ABSOLUTE
    _printf_lc                               0x00000000   Number         0  printfstubs.o ABSOLUTE
    _printf_ll                               0x00000000   Number         0  printfstubs.o ABSOLUTE
    _printf_lld                              0x00000000   Number         0  printfstubs.o ABSOLUTE
    _printf_lli                              0x00000000   Number         0  printfstubs.o ABSOLUTE
    _printf_llo                              0x00000000   Number         0  printfstubs.o ABSOLUTE
    _printf_llu                              0x00000000   Number         0  printfstubs.o ABSOLUTE
    _printf_llx                              0x00000000   Number         0  printfstubs.o ABSOLUTE
    _printf_longlong_dec                     0x00000000   Number         0  printfstubs.o ABSOLUTE
    _printf_longlong_hex                     0x00000000   Number         0  printfstubs.o ABSOLUTE
    _printf_longlong_oct                     0x00000000   Number         0  printfstubs.o ABSOLUTE
    _printf_ls                               0x00000000   Number         0  printfstubs.o ABSOLUTE
    _printf_mbtowc                           0x00000000   Number         0  printfstubs.o ABSOLUTE
    _printf_n                                0x00000000   Number         0  printfstubs.o ABSOLUTE
    _printf_o                                0x00000000   Number         0  printfstubs.o ABSOLUTE
    _printf_p                                0x00000000   Number         0  printfstubs.o ABSOLUTE
    _printf_percent                          0x00000000   Number         0  printfstubs.o ABSOLUTE
    _printf_pre_padding                      0x00000000   Number         0  printfstubs.o ABSOLUTE
    _printf_return_value                     0x00000000   Number         0  printfstubs.o ABSOLUTE
    _printf_s                                0x00000000   Number         0  printfstubs.o ABSOLUTE
    _printf_sizespec                         0x00000000   Number         0  printfstubs.o ABSOLUTE
    _printf_str                              0x00000000   Number         0  printfstubs.o ABSOLUTE
    _printf_truncate_signed                  0x00000000   Number         0  printfstubs.o ABSOLUTE
    _printf_truncate_unsigned                0x00000000   Number         0  printfstubs.o ABSOLUTE
    _printf_u                                0x00000000   Number         0  printfstubs.o ABSOLUTE
    _printf_wc                               0x00000000   Number         0  printfstubs.o ABSOLUTE
    _printf_wctomb                           0x00000000   Number         0  printfstubs.o ABSOLUTE
    _printf_widthprec                        0x00000000   Number         0  printfstubs.o ABSOLUTE
    _printf_x                                0x00000000   Number         0  printfstubs.o ABSOLUTE
    __cpp_initialize__aeabi_                  - Undefined Weak Reference
    __cxa_finalize                            - Undefined Weak Reference
    __decompress                              - Undefined Weak Reference
    _clock_init                               - Undefined Weak Reference
    _microlib_exit                            - Undefined Weak Reference
    __Vectors_Size                           0x000001c4   Number         0  startup_stm32f446xx.o ABSOLUTE
    __Vectors                                0x08000000   Data           4  startup_stm32f446xx.o(RESET)
    __Vectors_End                            0x080001c4   Data           0  startup_stm32f446xx.o(RESET)
    __main                                   0x080001c5   Thumb Code     0  entry.o(.ARM.Collect$$$$00000000)
    _main_stk                                0x080001c5   Thumb Code     0  entry2.o(.ARM.Collect$$$$00000001)
    _main_scatterload                        0x080001c9   Thumb Code     0  entry5.o(.ARM.Collect$$$$00000004)
    __main_after_scatterload                 0x080001cd   Thumb Code     0  entry5.o(.ARM.Collect$$$$00000004)
    _main_clock                              0x080001cd   Thumb Code     0  entry7b.o(.ARM.Collect$$$$00000008)
    _main_cpp_init                           0x080001cd   Thumb Code     0  entry8b.o(.ARM.Collect$$$$0000000A)
    _main_init                               0x080001cd   Thumb Code     0  entry9a.o(.ARM.Collect$$$$0000000B)
    __rt_final_cpp                           0x080001d5   Thumb Code     0  entry10a.o(.ARM.Collect$$$$0000000D)
    __rt_final_exit                          0x080001d5   Thumb Code     0  entry11a.o(.ARM.Collect$$$$0000000F)
    Reset_Handler                            0x080001d9   Thumb Code     8  startup_stm32f446xx.o(.text)
    ADC_IRQHandler                           0x080001f3   Thumb Code     0  startup_stm32f446xx.o(.text)
    CAN1_RX0_IRQHandler                      0x080001f3   Thumb Code     0  startup_stm32f446xx.o(.text)
    CAN1_RX1_IRQHandler                      0x080001f3   Thumb Code     0  startup_stm32f446xx.o(.text)
    CAN1_SCE_IRQHandler                      0x080001f3   Thumb Code     0  startup_stm32f446xx.o(.text)
    CAN1_TX_IRQHandler                       0x080001f3   Thumb Code     0  startup_stm32f446xx.o(.text)
    CAN2_RX0_IRQHandler                      0x080001f3   Thumb Code     0  startup_stm32f446xx.o(.text)
    CAN2_RX1_IRQHandler                      0x080001f3   Thumb Code     0  startup_stm32f446xx.o(.text)
    CAN2_SCE_IRQHandler                      0x080001f3   Thumb Code     0  startup_stm32f446xx.o(.text)
    CAN2_TX_IRQHandler                       0x080001f3   Thumb Code     0  startup_stm32f446xx.o(.text)
    CEC_IRQHandler                           0x080001f3   Thumb Code     0  startup_stm32f446xx.o(.text)
    DCMI_IRQHandler                          0x080001f3   Thumb Code     0  startup_stm32f446xx.o(.text)
    DMA1_Stream0_IRQHandler                  0x080001f3   Thumb Code     0  startup_stm32f446xx.o(.text)
    DMA1_Stream1_IRQHandler                  0x080001f3   Thumb Code     0  startup_stm32f446xx.o(.text)
    DMA1_Stream2_IRQHandler                  0x080001f3   Thumb Code     0  startup_stm32f446xx.o(.text)
    DMA1_Stream3_IRQHandler                  0x080001f3   Thumb Code     0  startup_stm32f446xx.o(.text)
    DMA1_Stream4_IRQHandler                  0x080001f3   Thumb Code     0  startup_stm32f446xx.o(.text)
    DMA1_Stream5_IRQHandler                  0x080001f3   Thumb Code     0  startup_stm32f446xx.o(.text)
    DMA1_Stream6_IRQHandler                  0x080001f3   Thumb Code     0  startup_stm32f446xx.o(.text)
    DMA1_Stream7_IRQHandler                  0x080001f3   Thumb Code     0  startup_stm32f446xx.o(.text)
    DMA2_Stream0_IRQHandler                  0x080001f3   Thumb Code     0  startup_stm32f446xx.o(.text)
    DMA2_Stream1_IRQHandler                  0x080001f3   Thumb Code     0  startup_stm32f446xx.o(.text)
    DMA2_Stream2_IRQHandler                  0x080001f3   Thumb Code     0  startup_stm32f446xx.o(.text)
    DMA2_Stream4_IRQHandler                  0x080001f3   Thumb Code     0  startup_stm32f446xx.o(.text)
    DMA2_Stream5_IRQHandler                  0x080001f3   Thumb Code     0  startup_stm32f446xx.o(.text)
    DMA2_Stream6_IRQHandler                  0x080001f3   Thumb Code     0  startup_stm32f446xx.o(.text)
    DMA2_Stream7_IRQHandler                  0x080001f3   Thumb Code     0  startup_stm32f446xx.o(.text)
    EXTI0_IRQHandler                         0x080001f3   Thumb Code     0  startup_stm32f446xx.o(.text)
    EXTI15_10_IRQHandler                     0x080001f3   Thumb Code     0  startup_stm32f446xx.o(.text)
    EXTI1_IRQHandler                         0x080001f3   Thumb Code     0  startup_stm32f446xx.o(.text)
    EXTI2_IRQHandler                         0x080001f3   Thumb Code     0  startup_stm32f446xx.o(.text)
    EXTI3_IRQHandler                         0x080001f3   Thumb Code     0  startup_stm32f446xx.o(.text)
    EXTI4_IRQHandler                         0x080001f3   Thumb Code     0  startup_stm32f446xx.o(.text)
    EXTI9_5_IRQHandler                       0x080001f3   Thumb Code     0  startup_stm32f446xx.o(.text)
    FLASH_IRQHandler                         0x080001f3   Thumb Code     0  startup_stm32f446xx.o(.text)
    FMC_IRQHandler                           0x080001f3   Thumb Code     0  startup_stm32f446xx.o(.text)
    FMPI2C1_ER_IRQHandler                    0x080001f3   Thumb Code     0  startup_stm32f446xx.o(.text)
    FMPI2C1_EV_IRQHandler                    0x080001f3   Thumb Code     0  startup_stm32f446xx.o(.text)
    FPU_IRQHandler                           0x080001f3   Thumb Code     0  startup_stm32f446xx.o(.text)
    I2C1_ER_IRQHandler                       0x080001f3   Thumb Code     0  startup_stm32f446xx.o(.text)
    I2C1_EV_IRQHandler                       0x080001f3   Thumb Code     0  startup_stm32f446xx.o(.text)
    I2C2_ER_IRQHandler                       0x080001f3   Thumb Code     0  startup_stm32f446xx.o(.text)
    I2C2_EV_IRQHandler                       0x080001f3   Thumb Code     0  startup_stm32f446xx.o(.text)
    I2C3_ER_IRQHandler                       0x080001f3   Thumb Code     0  startup_stm32f446xx.o(.text)
    I2C3_EV_IRQHandler                       0x080001f3   Thumb Code     0  startup_stm32f446xx.o(.text)
    OTG_FS_IRQHandler                        0x080001f3   Thumb Code     0  startup_stm32f446xx.o(.text)
    OTG_FS_WKUP_IRQHandler                   0x080001f3   Thumb Code     0  startup_stm32f446xx.o(.text)
    OTG_HS_EP1_IN_IRQHandler                 0x080001f3   Thumb Code     0  startup_stm32f446xx.o(.text)
    OTG_HS_EP1_OUT_IRQHandler                0x080001f3   Thumb Code     0  startup_stm32f446xx.o(.text)
    OTG_HS_IRQHandler                        0x080001f3   Thumb Code     0  startup_stm32f446xx.o(.text)
    OTG_HS_WKUP_IRQHandler                   0x080001f3   Thumb Code     0  startup_stm32f446xx.o(.text)
    PVD_IRQHandler                           0x080001f3   Thumb Code     0  startup_stm32f446xx.o(.text)
    QUADSPI_IRQHandler                       0x080001f3   Thumb Code     0  startup_stm32f446xx.o(.text)
    RCC_IRQHandler                           0x080001f3   Thumb Code     0  startup_stm32f446xx.o(.text)
    RTC_Alarm_IRQHandler                     0x080001f3   Thumb Code     0  startup_stm32f446xx.o(.text)
    RTC_WKUP_IRQHandler                      0x080001f3   Thumb Code     0  startup_stm32f446xx.o(.text)
    SAI1_IRQHandler                          0x080001f3   Thumb Code     0  startup_stm32f446xx.o(.text)
    SAI2_IRQHandler                          0x080001f3   Thumb Code     0  startup_stm32f446xx.o(.text)
    SDIO_IRQHandler                          0x080001f3   Thumb Code     0  startup_stm32f446xx.o(.text)
    SPDIF_RX_IRQHandler                      0x080001f3   Thumb Code     0  startup_stm32f446xx.o(.text)
    SPI2_IRQHandler                          0x080001f3   Thumb Code     0  startup_stm32f446xx.o(.text)
    SPI3_IRQHandler                          0x080001f3   Thumb Code     0  startup_stm32f446xx.o(.text)
    SPI4_IRQHandler                          0x080001f3   Thumb Code     0  startup_stm32f446xx.o(.text)
    TAMP_STAMP_IRQHandler                    0x080001f3   Thumb Code     0  startup_stm32f446xx.o(.text)
    TIM1_BRK_TIM9_IRQHandler                 0x080001f3   Thumb Code     0  startup_stm32f446xx.o(.text)
    TIM1_CC_IRQHandler                       0x080001f3   Thumb Code     0  startup_stm32f446xx.o(.text)
    TIM1_TRG_COM_TIM11_IRQHandler            0x080001f3   Thumb Code     0  startup_stm32f446xx.o(.text)
    TIM1_UP_TIM10_IRQHandler                 0x080001f3   Thumb Code     0  startup_stm32f446xx.o(.text)
    TIM3_IRQHandler                          0x080001f3   Thumb Code     0  startup_stm32f446xx.o(.text)
    TIM4_IRQHandler                          0x080001f3   Thumb Code     0  startup_stm32f446xx.o(.text)
    TIM5_IRQHandler                          0x080001f3   Thumb Code     0  startup_stm32f446xx.o(.text)
    TIM6_DAC_IRQHandler                      0x080001f3   Thumb Code     0  startup_stm32f446xx.o(.text)
    TIM7_IRQHandler                          0x080001f3   Thumb Code     0  startup_stm32f446xx.o(.text)
    TIM8_BRK_TIM12_IRQHandler                0x080001f3   Thumb Code     0  startup_stm32f446xx.o(.text)
    TIM8_CC_IRQHandler                       0x080001f3   Thumb Code     0  startup_stm32f446xx.o(.text)
    TIM8_TRG_COM_TIM14_IRQHandler            0x080001f3   Thumb Code     0  startup_stm32f446xx.o(.text)
    TIM8_UP_TIM13_IRQHandler                 0x080001f3   Thumb Code     0  startup_stm32f446xx.o(.text)
    UART4_IRQHandler                         0x080001f3   Thumb Code     0  startup_stm32f446xx.o(.text)
    UART5_IRQHandler                         0x080001f3   Thumb Code     0  startup_stm32f446xx.o(.text)
    USART1_IRQHandler                        0x080001f3   Thumb Code     0  startup_stm32f446xx.o(.text)
    USART2_IRQHandler                        0x080001f3   Thumb Code     0  startup_stm32f446xx.o(.text)
    USART3_IRQHandler                        0x080001f3   Thumb Code     0  startup_stm32f446xx.o(.text)
    USART6_IRQHandler                        0x080001f3   Thumb Code     0  startup_stm32f446xx.o(.text)
    WWDG_IRQHandler                          0x080001f3   Thumb Code     0  startup_stm32f446xx.o(.text)
    __aeabi_uldivmod                         0x080001fd   Thumb Code    98  uldiv.o(.text)
    __aeabi_uidiv                            0x0800025f   Thumb Code     0  uidiv.o(.text)
    __aeabi_uidivmod                         0x0800025f   Thumb Code    44  uidiv.o(.text)
    __aeabi_llsl                             0x0800028b   Thumb Code    30  llshl.o(.text)
    _ll_shift_l                              0x0800028b   Thumb Code     0  llshl.o(.text)
    __aeabi_llsr                             0x080002a9   Thumb Code    32  llushr.o(.text)
    _ll_ushift_r                             0x080002a9   Thumb Code     0  llushr.o(.text)
    __scatterload                            0x080002c9   Thumb Code    28  init.o(.text)
    __scatterload_rt2                        0x080002c9   Thumb Code     0  init.o(.text)
    BusFault_Handler                         0x080002ed   Thumb Code     2  stm32f4xx_it.o(.text.BusFault_Handler)
    DMA2_Stream3_IRQHandler                  0x080002f1   Thumb Code    12  stm32f4xx_it.o(.text.DMA2_Stream3_IRQHandler)
    DebugMon_Handler                         0x080002fd   Thumb Code     2  stm32f4xx_it.o(.text.DebugMon_Handler)
    Error_Handler                            0x08000301   Thumb Code     6  main.o(.text.Error_Handler)
    HAL_ADC_ConfigChannel                    0x08000309   Thumb Code   370  stm32f4xx_hal_adc.o(.text.HAL_ADC_ConfigChannel)
    HAL_ADC_Init                             0x0800047d   Thumb Code   350  stm32f4xx_hal_adc.o(.text.HAL_ADC_Init)
    HAL_ADC_MspInit                          0x080005dd   Thumb Code   100  adc.o(.text.HAL_ADC_MspInit)
    HAL_DMA_Abort_IT                         0x08000641   Thumb Code    36  stm32f4xx_hal_dma.o(.text.HAL_DMA_Abort_IT)
    HAL_DMA_GetState                         0x08000665   Thumb Code     6  stm32f4xx_hal_dma.o(.text.HAL_DMA_GetState)
    HAL_DMA_IRQHandler                       0x0800066d   Thumb Code   448  stm32f4xx_hal_dma.o(.text.HAL_DMA_IRQHandler)
    HAL_DMA_Init                             0x0800082d   Thumb Code   354  stm32f4xx_hal_dma.o(.text.HAL_DMA_Init)
    HAL_DMA_Start_IT                         0x08000991   Thumb Code   158  stm32f4xx_hal_dma.o(.text.HAL_DMA_Start_IT)
    HAL_Delay                                0x08000a31   Thumb Code    40  stm32f4xx_hal.o(.text.HAL_Delay)
    HAL_GPIO_Init                            0x08000a59   Thumb Code   422  stm32f4xx_hal_gpio.o(.text.HAL_GPIO_Init)
    HAL_GPIO_WritePin                        0x08000c01   Thumb Code    10  stm32f4xx_hal_gpio.o(.text.HAL_GPIO_WritePin)
    HAL_GetTick                              0x08000c0d   Thumb Code    12  stm32f4xx_hal.o(.text.HAL_GetTick)
    HAL_IncTick                              0x08000c19   Thumb Code    26  stm32f4xx_hal.o(.text.HAL_IncTick)
    HAL_Init                                 0x08000c35   Thumb Code    54  stm32f4xx_hal.o(.text.HAL_Init)
    HAL_InitTick                             0x08000c6d   Thumb Code    72  stm32f4xx_hal.o(.text.HAL_InitTick)
    HAL_MspInit                              0x08000cb5   Thumb Code    60  stm32f4xx_hal_msp.o(.text.HAL_MspInit)
    HAL_NVIC_EnableIRQ                       0x08000cf1   Thumb Code    38  stm32f4xx_hal_cortex.o(.text.HAL_NVIC_EnableIRQ)
    HAL_NVIC_SetPriority                     0x08000d19   Thumb Code    86  stm32f4xx_hal_cortex.o(.text.HAL_NVIC_SetPriority)
    HAL_NVIC_SetPriorityGrouping             0x08000d71   Thumb Code    32  stm32f4xx_hal_cortex.o(.text.HAL_NVIC_SetPriorityGrouping)
    HAL_RCC_ClockConfig                      0x08000d91   Thumb Code   352  stm32f4xx_hal_rcc.o(.text.HAL_RCC_ClockConfig)
    HAL_RCC_GetPCLK1Freq                     0x08000ef1   Thumb Code    38  stm32f4xx_hal_rcc.o(.text.HAL_RCC_GetPCLK1Freq)
    HAL_RCC_GetPCLK2Freq                     0x08000f19   Thumb Code    38  stm32f4xx_hal_rcc.o(.text.HAL_RCC_GetPCLK2Freq)
    HAL_RCC_GetSysClockFreq                  0x08000f41   Thumb Code   166  stm32f4xx_hal_rcc_ex.o(.text.HAL_RCC_GetSysClockFreq)
    HAL_RCC_OscConfig                        0x08000fe9   Thumb Code   934  stm32f4xx_hal_rcc_ex.o(.text.HAL_RCC_OscConfig)
    HAL_SPI_ErrorCallback                    0x08001391   Thumb Code     2  stm32f4xx_hal_spi.o(.text.HAL_SPI_ErrorCallback)
    HAL_SPI_IRQHandler                       0x08001395   Thumb Code   300  stm32f4xx_hal_spi.o(.text.HAL_SPI_IRQHandler)
    HAL_SPI_Init                             0x080014c1   Thumb Code   180  stm32f4xx_hal_spi.o(.text.HAL_SPI_Init)
    HAL_SPI_MspInit                          0x08001575   Thumb Code   182  spi.o(.text.HAL_SPI_MspInit)
    HAL_SPI_Transmit                         0x0800162d   Thumb Code   634  stm32f4xx_hal_spi.o(.text.HAL_SPI_Transmit)
    HAL_SPI_Transmit_DMA                     0x080018a9   Thumb Code   212  stm32f4xx_hal_spi.o(.text.HAL_SPI_Transmit_DMA)
    HAL_SPI_TxCpltCallback                   0x0800197d   Thumb Code     2  stm32f4xx_hal_spi.o(.text.HAL_SPI_TxCpltCallback)
    HAL_SPI_TxHalfCpltCallback               0x08001981   Thumb Code     2  stm32f4xx_hal_spi.o(.text.HAL_SPI_TxHalfCpltCallback)
    HAL_SYSTICK_Callback                     0x08001985   Thumb Code    76  main.o(.text.HAL_SYSTICK_Callback)
    HAL_SYSTICK_Config                       0x080019d1   Thumb Code    44  stm32f4xx_hal_cortex.o(.text.HAL_SYSTICK_Config)
    HAL_SYSTICK_IRQHandler                   0x080019fd   Thumb Code     4  stm32f4xx_hal_cortex.o(.text.HAL_SYSTICK_IRQHandler)
    HAL_TIMEx_BreakCallback                  0x08001a01   Thumb Code     2  stm32f4xx_hal_tim_ex.o(.text.HAL_TIMEx_BreakCallback)
    HAL_TIMEx_CommutCallback                 0x08001a05   Thumb Code     2  stm32f4xx_hal_tim_ex.o(.text.HAL_TIMEx_CommutCallback)
    HAL_TIMEx_MasterConfigSynchronization    0x08001a09   Thumb Code   182  stm32f4xx_hal_tim_ex.o(.text.HAL_TIMEx_MasterConfigSynchronization)
    HAL_TIM_Base_Init                        0x08001ac1   Thumb Code    90  stm32f4xx_hal_tim.o(.text.HAL_TIM_Base_Init)
    HAL_TIM_Base_MspInit                     0x08001b1d   Thumb Code    68  tim.o(.text.HAL_TIM_Base_MspInit)
    HAL_TIM_Base_Start_IT                    0x08001b61   Thumb Code   170  stm32f4xx_hal_tim.o(.text.HAL_TIM_Base_Start_IT)
    HAL_TIM_ConfigClockSource                0x08001c0d   Thumb Code   412  stm32f4xx_hal_tim.o(.text.HAL_TIM_ConfigClockSource)
    HAL_TIM_IC_CaptureCallback               0x08001da9   Thumb Code     2  stm32f4xx_hal_tim.o(.text.HAL_TIM_IC_CaptureCallback)
    HAL_TIM_IRQHandler                       0x08001dad   Thumb Code   334  stm32f4xx_hal_tim.o(.text.HAL_TIM_IRQHandler)
    HAL_TIM_OC_DelayElapsedCallback          0x08001efd   Thumb Code     2  stm32f4xx_hal_tim.o(.text.HAL_TIM_OC_DelayElapsedCallback)
    HAL_TIM_PWM_PulseFinishedCallback        0x08001f01   Thumb Code     2  stm32f4xx_hal_tim.o(.text.HAL_TIM_PWM_PulseFinishedCallback)
    HAL_TIM_PeriodElapsedCallback            0x08001f05   Thumb Code    26  main.o(.text.HAL_TIM_PeriodElapsedCallback)
    HAL_TIM_TriggerCallback                  0x08001f21   Thumb Code     2  stm32f4xx_hal_tim.o(.text.HAL_TIM_TriggerCallback)
    HAL_UART_Init                            0x08001f25   Thumb Code    96  stm32f4xx_hal_uart.o(.text.HAL_UART_Init)
    HAL_UART_MspInit                         0x08001f85   Thumb Code   106  usart.o(.text.HAL_UART_MspInit)
    HardFault_Handler                        0x08001ff1   Thumb Code     2  stm32f4xx_it.o(.text.HardFault_Handler)
    MX_ADC1_Init                             0x08001ff5   Thumb Code   108  adc.o(.text.MX_ADC1_Init)
    MX_DMA_Init                              0x08002061   Thumb Code    56  dma.o(.text.MX_DMA_Init)
    MX_GPIO_Init                             0x08002099   Thumb Code   244  gpio.o(.text.MX_GPIO_Init)
    MX_SPI1_Init                             0x0800218d   Thumb Code    70  spi.o(.text.MX_SPI1_Init)
    MX_TIM2_Init                             0x080021d5   Thumb Code   116  tim.o(.text.MX_TIM2_Init)
    MX_USART2_UART_Init                      0x08002249   Thumb Code    60  usart.o(.text.MX_USART2_UART_Init)
    MemManage_Handler                        0x08002285   Thumb Code     2  stm32f4xx_it.o(.text.MemManage_Handler)
    NMI_Handler                              0x08002289   Thumb Code     2  stm32f4xx_it.o(.text.NMI_Handler)
    PendSV_Handler                           0x0800228d   Thumb Code     2  stm32f4xx_it.o(.text.PendSV_Handler)
    SPI1_IRQHandler                          0x08002291   Thumb Code    12  stm32f4xx_it.o(.text.SPI1_IRQHandler)
    SVC_Handler                              0x08002505   Thumb Code     2  stm32f4xx_it.o(.text.SVC_Handler)
    SysTick_Handler                          0x08002509   Thumb Code    14  stm32f4xx_it.o(.text.SysTick_Handler)
    SystemClock_Config                       0x08002519   Thumb Code   164  main.o(.text.SystemClock_Config)
    SystemInit                               0x080025bd   Thumb Code    18  system_stm32f4xx.o(.text.SystemInit)
    TIM2_IRQHandler                          0x080025d1   Thumb Code    12  stm32f4xx_it.o(.text.TIM2_IRQHandler)
    TIM_Base_SetConfig                       0x080025dd   Thumb Code   332  stm32f4xx_hal_tim.o(.text.TIM_Base_SetConfig)
    UsageFault_Handler                       0x08002819   Thumb Code     2  stm32f4xx_it.o(.text.UsageFault_Handler)
    glyph_index                              0x0800281d   Thumb Code    14  ili9341_font.o(.text.glyph_index)
    ili9341_draw_char                        0x0800282d   Thumb Code   480  ili9341_gfx.o(.text.ili9341_draw_char)
    ili9341_draw_string                      0x08002a0d   Thumb Code   110  ili9341_gfx.o(.text.ili9341_draw_string)
    ili9341_fill_rect                        0x08002a7d   Thumb Code   420  ili9341_gfx.o(.text.ili9341_fill_rect)
    ili9341_fill_screen                      0x08002c21   Thumb Code    28  ili9341_gfx.o(.text.ili9341_fill_screen)
    ili9341_new                              0x08002c3d   Thumb Code  1824  ili9341.o(.text.ili9341_new)
    ili9341_spi_tft_release                  0x0800335d   Thumb Code    12  ili9341.o(.text.ili9341_spi_tft_release)
    ili9341_spi_tft_select                   0x08003369   Thumb Code    12  ili9341.o(.text.ili9341_spi_tft_select)
    ili9341_spi_write_command                0x08003375   Thumb Code   146  ili9341.o(.text.ili9341_spi_write_command)
    ili9341_spi_write_command_data           0x08003409   Thumb Code   212  ili9341.o(.text.ili9341_spi_write_command_data)
    main                                     0x080034dd   Thumb Code   204  main.o(.text.main)
    __0sprintf$6                             0x080035b5   Thumb Code    34  printf6.o(i.__0sprintf$6)
    __1sprintf$6                             0x080035b5   Thumb Code     0  printf6.o(i.__0sprintf$6)
    __2sprintf                               0x080035b5   Thumb Code     0  printf6.o(i.__0sprintf$6)
    __scatterload_copy                       0x080035dd   Thumb Code    14  handlers.o(i.__scatterload_copy)
    __scatterload_null                       0x080035eb   Thumb Code     2  handlers.o(i.__scatterload_null)
    __scatterload_zeroinit                   0x080035ed   Thumb Code    14  handlers.o(i.__scatterload_zeroinit)
    malloc                                   0x08003949   Thumb Code    92  malloc.o(i.malloc)
    AHBPrescTable                            0x080039b4   Data          16  system_stm32f4xx.o(.rodata.AHBPrescTable)
    APBPrescTable                            0x080039c4   Data           8  system_stm32f4xx.o(.rodata.APBPrescTable)
    ILI9341_BLACK                            0x080039cc   Data           2  ili9341_gfx.o(.rodata.ILI9341_BLACK)
    ILI9341_WHITE                            0x080039ce   Data           2  ili9341_gfx.o(.rodata.ILI9341_WHITE)
    ili9341_font_11x18                       0x080039d8   Data        3422  ili9341_font.o(.rodata.ili9341_font_11x18)
    Region$$Table$$Base                      0x08004738   Number         0  anon$$obj.o(Region$$Table)
    Region$$Table$$Limit                     0x08004758   Number         0  anon$$obj.o(Region$$Table)
    __microlib_freelist                      0x20000000   Data           4  mvars.o(.data)
    __microlib_freelist_initialised          0x20000004   Data           4  mvars.o(.data)
    uwTickFreq                               0x20000008   Data           1  stm32f4xx_hal.o(.data..L_MergedGlobals)
    uwTickPrio                               0x2000000c   Data           4  stm32f4xx_hal.o(.data..L_MergedGlobals)
    SystemCoreClock                          0x20000010   Data           4  system_stm32f4xx.o(.data.SystemCoreClock)
    flag_systick_timer                       0x20000018   Data           4  main.o(.bss..L_MergedGlobals)
    current_state                            0x2000001c   Data           4  main.o(.bss..L_MergedGlobals)
    _screen                                  0x20000024   Data           4  main.o(.bss..L_MergedGlobals)
    flag_timer_2                             0x20000028   Data           4  main.o(.bss.flag_timer_2)
    hadc1                                    0x2000002c   Data          72  adc.o(.bss.hadc1)
    hdma_spi1_tx                             0x20000074   Data          96  spi.o(.bss.hdma_spi1_tx)
    hspi1                                    0x200000d4   Data          88  spi.o(.bss.hspi1)
    htim2                                    0x2000012c   Data          72  tim.o(.bss.htim2)
    huart2                                   0x20000174   Data          72  usart.o(.bss.huart2)
    uwTick                                   0x200009bc   Data           4  stm32f4xx_hal.o(.bss.uwTick)
    __heap_base                              0x200009c0   Data           0  startup_stm32f446xx.o(HEAP)
    __heap_limit                             0x20000bc0   Data           0  startup_stm32f446xx.o(HEAP)
    __initial_sp                             0x20000fc0   Data           0  startup_stm32f446xx.o(STACK)



==============================================================================

Memory Map of the image

  Image Entry point : 0x080001c5

  Load Region LR_IROM1 (Base: 0x08000000, Size: 0x00004770, Max: 0x00080000, ABSOLUTE)

    Execution Region ER_IROM1 (Exec base: 0x08000000, Load base: 0x08000000, Size: 0x00004758, Max: 0x00080000, ABSOLUTE)

    Exec Addr    Load Addr    Size         Type   Attr      Idx    E Section Name        Object

    0x08000000   0x08000000   0x000001c4   Data   RO            3    RESET               startup_stm32f446xx.o
    0x080001c4   0x080001c4   0x00000000   Code   RO         3145  * .ARM.Collect$$$$00000000  mc_w.l(entry.o)
    0x080001c4   0x080001c4   0x00000004   Code   RO         3512    .ARM.Collect$$$$00000001  mc_w.l(entry2.o)
    0x080001c8   0x080001c8   0x00000004   Code   RO         3515    .ARM.Collect$$$$00000004  mc_w.l(entry5.o)
    0x080001cc   0x080001cc   0x00000000   Code   RO         3517    .ARM.Collect$$$$00000008  mc_w.l(entry7b.o)
    0x080001cc   0x080001cc   0x00000000   Code   RO         3519    .ARM.Collect$$$$0000000A  mc_w.l(entry8b.o)
    0x080001cc   0x080001cc   0x00000008   Code   RO         3520    .ARM.Collect$$$$0000000B  mc_w.l(entry9a.o)
    0x080001d4   0x080001d4   0x00000000   Code   RO         3522    .ARM.Collect$$$$0000000D  mc_w.l(entry10a.o)
    0x080001d4   0x080001d4   0x00000000   Code   RO         3524    .ARM.Collect$$$$0000000F  mc_w.l(entry11a.o)
    0x080001d4   0x080001d4   0x00000004   Code   RO         3513    .ARM.Collect$$$$00002712  mc_w.l(entry2.o)
    0x080001d8   0x080001d8   0x00000024   Code   RO            4    .text               startup_stm32f446xx.o
    0x080001fc   0x080001fc   0x00000062   Code   RO         3148    .text               mc_w.l(uldiv.o)
    0x0800025e   0x0800025e   0x0000002c   Code   RO         3540    .text               mc_w.l(uidiv.o)
    0x0800028a   0x0800028a   0x0000001e   Code   RO         3542    .text               mc_w.l(llshl.o)
    0x080002a8   0x080002a8   0x00000020   Code   RO         3544    .text               mc_w.l(llushr.o)
    0x080002c8   0x080002c8   0x00000024   Code   RO         3574    .text               mc_w.l(init.o)
    0x080002ec   0x080002ec   0x00000002   Code   RO          238    .text.BusFault_Handler  stm32f4xx_it.o
    0x080002ee   0x080002ee   0x00000002   PAD
    0x080002f0   0x080002f0   0x0000000c   Code   RO          254    .text.DMA2_Stream3_IRQHandler  stm32f4xx_it.o
    0x080002fc   0x080002fc   0x00000002   Code   RO          244    .text.DebugMon_Handler  stm32f4xx_it.o
    0x080002fe   0x080002fe   0x00000002   PAD
    0x08000300   0x08000300   0x00000006   Code   RO          139    .text.Error_Handler  main.o
    0x08000306   0x08000306   0x00000002   PAD
    0x08000308   0x08000308   0x00000172   Code   RO          313    .text.HAL_ADC_ConfigChannel  stm32f4xx_hal_adc.o
    0x0800047a   0x0800047a   0x00000002   PAD
    0x0800047c   0x0800047c   0x0000015e   Code   RO          271    .text.HAL_ADC_Init  stm32f4xx_hal_adc.o
    0x080005da   0x080005da   0x00000002   PAD
    0x080005dc   0x080005dc   0x00000064   Code   RO          164    .text.HAL_ADC_MspInit  adc.o
    0x08000640   0x08000640   0x00000024   Code   RO          560    .text.HAL_DMA_Abort_IT  stm32f4xx_hal_dma.o
    0x08000664   0x08000664   0x00000006   Code   RO          570    .text.HAL_DMA_GetState  stm32f4xx_hal_dma.o
    0x0800066a   0x0800066a   0x00000002   PAD
    0x0800066c   0x0800066c   0x000001c0   Code   RO          564    .text.HAL_DMA_IRQHandler  stm32f4xx_hal_dma.o
    0x0800082c   0x0800082c   0x00000162   Code   RO          550    .text.HAL_DMA_Init  stm32f4xx_hal_dma.o
    0x0800098e   0x0800098e   0x00000002   PAD
    0x08000990   0x08000990   0x0000009e   Code   RO          556    .text.HAL_DMA_Start_IT  stm32f4xx_hal_dma.o
    0x08000a2e   0x08000a2e   0x00000002   PAD
    0x08000a30   0x08000a30   0x00000028   Code   RO          723    .text.HAL_Delay     stm32f4xx_hal.o
    0x08000a58   0x08000a58   0x000001a6   Code   RO          512    .text.HAL_GPIO_Init  stm32f4xx_hal_gpio.o
    0x08000bfe   0x08000bfe   0x00000002   PAD
    0x08000c00   0x08000c00   0x0000000a   Code   RO          518    .text.HAL_GPIO_WritePin  stm32f4xx_hal_gpio.o
    0x08000c0a   0x08000c0a   0x00000002   PAD
    0x08000c0c   0x08000c0c   0x0000000c   Code   RO          715    .text.HAL_GetTick   stm32f4xx_hal.o
    0x08000c18   0x08000c18   0x0000001a   Code   RO          713    .text.HAL_IncTick   stm32f4xx_hal.o
    0x08000c32   0x08000c32   0x00000002   PAD
    0x08000c34   0x08000c34   0x00000036   Code   RO          703    .text.HAL_Init      stm32f4xx_hal.o
    0x08000c6a   0x08000c6a   0x00000002   PAD
    0x08000c6c   0x08000c6c   0x00000048   Code   RO          705    .text.HAL_InitTick  stm32f4xx_hal.o
    0x08000cb4   0x08000cb4   0x0000003c   Code   RO          263    .text.HAL_MspInit   stm32f4xx_hal_msp.o
    0x08000cf0   0x08000cf0   0x00000026   Code   RO          655    .text.HAL_NVIC_EnableIRQ  stm32f4xx_hal_cortex.o
    0x08000d16   0x08000d16   0x00000002   PAD
    0x08000d18   0x08000d18   0x00000056   Code   RO          653    .text.HAL_NVIC_SetPriority  stm32f4xx_hal_cortex.o
    0x08000d6e   0x08000d6e   0x00000002   PAD
    0x08000d70   0x08000d70   0x00000020   Code   RO          651    .text.HAL_NVIC_SetPriorityGrouping  stm32f4xx_hal_cortex.o
    0x08000d90   0x08000d90   0x00000160   Code   RO          372    .text.HAL_RCC_ClockConfig  stm32f4xx_hal_rcc.o
    0x08000ef0   0x08000ef0   0x00000026   Code   RO          384    .text.HAL_RCC_GetPCLK1Freq  stm32f4xx_hal_rcc.o
    0x08000f16   0x08000f16   0x00000002   PAD
    0x08000f18   0x08000f18   0x00000026   Code   RO          386    .text.HAL_RCC_GetPCLK2Freq  stm32f4xx_hal_rcc.o
    0x08000f3e   0x08000f3e   0x00000002   PAD
    0x08000f40   0x08000f40   0x000000a6   Code   RO          420    .text.HAL_RCC_GetSysClockFreq  stm32f4xx_hal_rcc_ex.o
    0x08000fe6   0x08000fe6   0x00000002   PAD
    0x08000fe8   0x08000fe8   0x000003a6   Code   RO          424    .text.HAL_RCC_OscConfig  stm32f4xx_hal_rcc_ex.o
    0x0800138e   0x0800138e   0x00000002   PAD
    0x08001390   0x08001390   0x00000002   Code   RO          873    .text.HAL_SPI_ErrorCallback  stm32f4xx_hal_spi.o
    0x08001392   0x08001392   0x00000002   PAD
    0x08001394   0x08001394   0x0000012c   Code   RO          869    .text.HAL_SPI_IRQHandler  stm32f4xx_hal_spi.o
    0x080014c0   0x080014c0   0x000000b4   Code   RO          793    .text.HAL_SPI_Init  stm32f4xx_hal_spi.o
    0x08001574   0x08001574   0x000000b6   Code   RO          188    .text.HAL_SPI_MspInit  spi.o
    0x0800162a   0x0800162a   0x00000002   PAD
    0x0800162c   0x0800162c   0x0000027a   Code   RO          801    .text.HAL_SPI_Transmit  stm32f4xx_hal_spi.o
    0x080018a6   0x080018a6   0x00000002   PAD
    0x080018a8   0x080018a8   0x000000d4   Code   RO          829    .text.HAL_SPI_Transmit_DMA  stm32f4xx_hal_spi.o
    0x0800197c   0x0800197c   0x00000002   Code   RO          875    .text.HAL_SPI_TxCpltCallback  stm32f4xx_hal_spi.o
    0x0800197e   0x0800197e   0x00000002   PAD
    0x08001980   0x08001980   0x00000002   Code   RO          881    .text.HAL_SPI_TxHalfCpltCallback  stm32f4xx_hal_spi.o
    0x08001982   0x08001982   0x00000002   PAD
    0x08001984   0x08001984   0x0000004c   Code   RO          133    .text.HAL_SYSTICK_Callback  main.o
    0x080019d0   0x080019d0   0x0000002c   Code   RO          663    .text.HAL_SYSTICK_Config  stm32f4xx_hal_cortex.o
    0x080019fc   0x080019fc   0x00000004   Code   RO          691    .text.HAL_SYSTICK_IRQHandler  stm32f4xx_hal_cortex.o
    0x08001a00   0x08001a00   0x00000002   Code   RO         1212    .text.HAL_TIMEx_BreakCallback  stm32f4xx_hal_tim_ex.o
    0x08001a02   0x08001a02   0x00000002   PAD
    0x08001a04   0x08001a04   0x00000002   Code   RO         1208    .text.HAL_TIMEx_CommutCallback  stm32f4xx_hal_tim_ex.o
    0x08001a06   0x08001a06   0x00000002   PAD
    0x08001a08   0x08001a08   0x000000b6   Code   RO         1202    .text.HAL_TIMEx_MasterConfigSynchronization  stm32f4xx_hal_tim_ex.o
    0x08001abe   0x08001abe   0x00000002   PAD
    0x08001ac0   0x08001ac0   0x0000005a   Code   RO          907    .text.HAL_TIM_Base_Init  stm32f4xx_hal_tim.o
    0x08001b1a   0x08001b1a   0x00000002   PAD
    0x08001b1c   0x08001b1c   0x00000044   Code   RO          204    .text.HAL_TIM_Base_MspInit  tim.o
    0x08001b60   0x08001b60   0x000000aa   Code   RO          921    .text.HAL_TIM_Base_Start_IT  stm32f4xx_hal_tim.o
    0x08001c0a   0x08001c0a   0x00000002   PAD
    0x08001c0c   0x08001c0c   0x0000019c   Code   RO         1087    .text.HAL_TIM_ConfigClockSource  stm32f4xx_hal_tim.o
    0x08001da8   0x08001da8   0x00000002   Code   RO         1043    .text.HAL_TIM_IC_CaptureCallback  stm32f4xx_hal_tim.o
    0x08001daa   0x08001daa   0x00000002   PAD
    0x08001dac   0x08001dac   0x0000014e   Code   RO         1041    .text.HAL_TIM_IRQHandler  stm32f4xx_hal_tim.o
    0x08001efa   0x08001efa   0x00000002   PAD
    0x08001efc   0x08001efc   0x00000002   Code   RO         1045    .text.HAL_TIM_OC_DelayElapsedCallback  stm32f4xx_hal_tim.o
    0x08001efe   0x08001efe   0x00000002   PAD
    0x08001f00   0x08001f00   0x00000002   Code   RO         1047    .text.HAL_TIM_PWM_PulseFinishedCallback  stm32f4xx_hal_tim.o
    0x08001f02   0x08001f02   0x00000002   PAD
    0x08001f04   0x08001f04   0x0000001a   Code   RO          131    .text.HAL_TIM_PeriodElapsedCallback  main.o
    0x08001f1e   0x08001f1e   0x00000002   PAD
    0x08001f20   0x08001f20   0x00000002   Code   RO         1051    .text.HAL_TIM_TriggerCallback  stm32f4xx_hal_tim.o
    0x08001f22   0x08001f22   0x00000002   PAD
    0x08001f24   0x08001f24   0x00000060   Code   RO         1226    .text.HAL_UART_Init  stm32f4xx_hal_uart.o
    0x08001f84   0x08001f84   0x0000006a   Code   RO          219    .text.HAL_UART_MspInit  usart.o
    0x08001fee   0x08001fee   0x00000002   PAD
    0x08001ff0   0x08001ff0   0x00000002   Code   RO          234    .text.HardFault_Handler  stm32f4xx_it.o
    0x08001ff2   0x08001ff2   0x00000002   PAD
    0x08001ff4   0x08001ff4   0x0000006c   Code   RO          162    .text.MX_ADC1_Init  adc.o
    0x08002060   0x08002060   0x00000038   Code   RO          177    .text.MX_DMA_Init   dma.o
    0x08002098   0x08002098   0x000000f4   Code   RO          153    .text.MX_GPIO_Init  gpio.o
    0x0800218c   0x0800218c   0x00000046   Code   RO          186    .text.MX_SPI1_Init  spi.o
    0x080021d2   0x080021d2   0x00000002   PAD
    0x080021d4   0x080021d4   0x00000074   Code   RO          202    .text.MX_TIM2_Init  tim.o
    0x08002248   0x08002248   0x0000003c   Code   RO          217    .text.MX_USART2_UART_Init  usart.o
    0x08002284   0x08002284   0x00000002   Code   RO          236    .text.MemManage_Handler  stm32f4xx_it.o
    0x08002286   0x08002286   0x00000002   PAD
    0x08002288   0x08002288   0x00000002   Code   RO          232    .text.NMI_Handler   stm32f4xx_it.o
    0x0800228a   0x0800228a   0x00000002   PAD
    0x0800228c   0x0800228c   0x00000002   Code   RO          246    .text.PendSV_Handler  stm32f4xx_it.o
    0x0800228e   0x0800228e   0x00000002   PAD
    0x08002290   0x08002290   0x0000000c   Code   RO          252    .text.SPI1_IRQHandler  stm32f4xx_it.o
    0x0800229c   0x0800229c   0x0000000c   Code   RO          871    .text.SPI_DMAAbortOnError  stm32f4xx_hal_spi.o
    0x080022a8   0x080022a8   0x0000001e   Code   RO          835    .text.SPI_DMAError  stm32f4xx_hal_spi.o
    0x080022c6   0x080022c6   0x00000002   PAD
    0x080022c8   0x080022c8   0x00000006   Code   RO          831    .text.SPI_DMAHalfTransmitCplt  stm32f4xx_hal_spi.o
    0x080022ce   0x080022ce   0x00000002   PAD
    0x080022d0   0x080022d0   0x00000112   Code   RO          833    .text.SPI_DMATransmitCplt  stm32f4xx_hal_spi.o
    0x080023e2   0x080023e2   0x00000002   PAD
    0x080023e4   0x080023e4   0x00000120   Code   RO          897    .text.SPI_WaitFlagStateUntilTimeout  stm32f4xx_hal_spi.o
    0x08002504   0x08002504   0x00000002   Code   RO          242    .text.SVC_Handler   stm32f4xx_it.o
    0x08002506   0x08002506   0x00000002   PAD
    0x08002508   0x08002508   0x0000000e   Code   RO          248    .text.SysTick_Handler  stm32f4xx_it.o
    0x08002516   0x08002516   0x00000002   PAD
    0x08002518   0x08002518   0x000000a4   Code   RO          137    .text.SystemClock_Config  main.o
    0x080025bc   0x080025bc   0x00000012   Code   RO         1348    .text.SystemInit    system_stm32f4xx.o
    0x080025ce   0x080025ce   0x00000002   PAD
    0x080025d0   0x080025d0   0x0000000c   Code   RO          250    .text.TIM2_IRQHandler  stm32f4xx_it.o
    0x080025dc   0x080025dc   0x0000014c   Code   RO          911    .text.TIM_Base_SetConfig  stm32f4xx_hal_tim.o
    0x08002728   0x08002728   0x000000ee   Code   RO         1230    .text.UART_SetConfig  stm32f4xx_hal_uart.o
    0x08002816   0x08002816   0x00000002   PAD
    0x08002818   0x08002818   0x00000002   Code   RO          240    .text.UsageFault_Handler  stm32f4xx_it.o
    0x0800281a   0x0800281a   0x00000002   PAD
    0x0800281c   0x0800281c   0x0000000e   Code   RO           61    .text.glyph_index   ili9341_font.o
    0x0800282a   0x0800282a   0x00000002   PAD
    0x0800282c   0x0800282c   0x000001e0   Code   RO           99    .text.ili9341_draw_char  ili9341_gfx.o
    0x08002a0c   0x08002a0c   0x0000006e   Code   RO          101    .text.ili9341_draw_string  ili9341_gfx.o
    0x08002a7a   0x08002a7a   0x00000002   PAD
    0x08002a7c   0x08002a7c   0x000001a4   Code   RO           87    .text.ili9341_fill_rect  ili9341_gfx.o
    0x08002c20   0x08002c20   0x0000001c   Code   RO           95    .text.ili9341_fill_screen  ili9341_gfx.o
    0x08002c3c   0x08002c3c   0x00000720   Code   RO           11    .text.ili9341_new   ili9341.o
    0x0800335c   0x0800335c   0x0000000c   Code   RO           35    .text.ili9341_spi_tft_release  ili9341.o
    0x08003368   0x08003368   0x0000000c   Code   RO           33    .text.ili9341_spi_tft_select  ili9341.o
    0x08003374   0x08003374   0x00000092   Code   RO           41    .text.ili9341_spi_write_command  ili9341.o
    0x08003406   0x08003406   0x00000002   PAD
    0x08003408   0x08003408   0x000000d4   Code   RO           47    .text.ili9341_spi_write_command_data  ili9341.o
    0x080034dc   0x080034dc   0x000000d8   Code   RO          135    .text.main          main.o
    0x080035b4   0x080035b4   0x00000028   Code   RO         3315    i.__0sprintf$6      mc_w.l(printf6.o)
    0x080035dc   0x080035dc   0x0000000e   Code   RO         3580    i.__scatterload_copy  mc_w.l(handlers.o)
    0x080035ea   0x080035ea   0x00000002   Code   RO         3581    i.__scatterload_null  mc_w.l(handlers.o)
    0x080035ec   0x080035ec   0x0000000e   Code   RO         3582    i.__scatterload_zeroinit  mc_w.l(handlers.o)
    0x080035fa   0x080035fa   0x00000002   PAD
    0x080035fc   0x080035fc   0x000002f0   Code   RO         3320    i._printf_core      mc_w.l(printf6.o)
    0x080038ec   0x080038ec   0x00000024   Code   RO         3321    i._printf_post_padding  mc_w.l(printf6.o)
    0x08003910   0x08003910   0x0000002e   Code   RO         3322    i._printf_pre_padding  mc_w.l(printf6.o)
    0x0800393e   0x0800393e   0x0000000a   Code   RO         3324    i._sputc            mc_w.l(printf6.o)
    0x08003948   0x08003948   0x0000006c   Code   RO         3420    i.malloc            mc_w.l(malloc.o)
    0x080039b4   0x080039b4   0x00000010   Data   RO         1353    .rodata.AHBPrescTable  system_stm32f4xx.o
    0x080039c4   0x080039c4   0x00000008   Data   RO         1354    .rodata.APBPrescTable  system_stm32f4xx.o
    0x080039cc   0x080039cc   0x00000002   Data   RO          103    .rodata.ILI9341_BLACK  ili9341_gfx.o
    0x080039ce   0x080039ce   0x00000002   Data   RO          118    .rodata.ILI9341_WHITE  ili9341_gfx.o
    0x080039d0   0x080039d0   0x00000008   Data   RO          574    .rodata.cst8        stm32f4xx_hal_dma.o
    0x080039d8   0x080039d8   0x00000d5e   Data   RO           64    .rodata.ili9341_font_11x18  ili9341_font.o
    0x08004736   0x08004736   0x00000002   PAD
    0x08004738   0x08004738   0x00000020   Data   RO         3579    Region$$Table       anon$$obj.o


    Execution Region RW_IRAM1 (Exec base: 0x20000000, Load base: 0x08004758, Size: 0x00000fc0, Max: 0x00020000, ABSOLUTE)

    Exec Addr    Load Addr    Size         Type   Attr      Idx    E Section Name        Object

    0x20000000   0x08004758   0x00000004   Data   RW         3548    .data               mc_w.l(mvars.o)
    0x20000004   0x0800475c   0x00000004   Data   RW         3549    .data               mc_w.l(mvars.o)
    0x20000008   0x08004760   0x00000008   Data   RW          758    .data..L_MergedGlobals  stm32f4xx_hal.o
    0x20000010   0x08004768   0x00000004   Data   RW         1352    .data.SystemCoreClock  system_stm32f4xx.o
    0x20000014   0x0800476c   0x00000004   PAD
    0x20000018        -       0x00000010   Zero   RW          144    .bss..L_MergedGlobals  main.o
    0x20000028        -       0x00000004   Zero   RW          141    .bss.flag_timer_2   main.o
    0x2000002c        -       0x00000048   Zero   RW          168    .bss.hadc1          adc.o
    0x20000074        -       0x00000060   Zero   RW          193    .bss.hdma_spi1_tx   spi.o
    0x200000d4        -       0x00000058   Zero   RW          192    .bss.hspi1          spi.o
    0x2000012c        -       0x00000048   Zero   RW          208    .bss.htim2          tim.o
    0x20000174        -       0x00000048   Zero   RW          223    .bss.huart2         usart.o
    0x200001bc        -       0x00000800   Zero   RW          122    .bss.spi_tx_block   ili9341_gfx.o
    0x200009bc        -       0x00000004   Zero   RW          757    .bss.uwTick         stm32f4xx_hal.o
    0x200009c0        -       0x00000200   Zero   RW            2    HEAP                startup_stm32f446xx.o
    0x20000bc0        -       0x00000400   Zero   RW            1    STACK               startup_stm32f446xx.o


==============================================================================

Image component sizes


      Code (inc. data)   RO Data    RW Data    ZI Data      Debug   Object Name

       208          0          0          0         72       5118   adc.o
        56          0          0          0          0       3665   dma.o
       244          0          0          0          0       2331   gpio.o
      2206          0          0          0          0      27109   ili9341.o
        14          0       3422          0          0        968   ili9341_font.o
      1038          0          4          0       2048      20622   ili9341_gfx.o
       488         12          0          0         20      10166   main.o
       252          0          0          0        184       7218   spi.o
        36          8        452          0       1536        860   startup_stm32f446xx.o
       204          0          0          8          4       7507   stm32f4xx_hal.o
       720          0          0          0          0      11953   stm32f4xx_hal_adc.o
       204          0          0          0          0      10939   stm32f4xx_hal_cortex.o
      1002          6          8          0          0      10619   stm32f4xx_hal_dma.o
       432          0          0          0          0       5393   stm32f4xx_hal_gpio.o
        60          0          0          0          0       1706   stm32f4xx_hal_msp.o
       428          0          0          0          0       7560   stm32f4xx_hal_rcc.o
      1100          4          0          0          0      11119   stm32f4xx_hal_rcc_ex.o
      1942          0          0          0          0      24834   stm32f4xx_hal_spi.o
      1346          0          0          0          0      55096   stm32f4xx_hal_tim.o
       186          0          0          0          0      21210   stm32f4xx_hal_tim_ex.o
       334          0          0          0          0      31849   stm32f4xx_hal_uart.o
        66          0          0          0          0       5925   stm32f4xx_it.o
        18          0         24          4          0       2747   system_stm32f4xx.o
       184          0          0          0         72       7407   tim.o
       166          0          0          0         72       5171   usart.o

    ----------------------------------------------------------------------
     13036         30       3944         12       4012     299092   Object Totals
         0          0         32          0          0          0   (incl. Generated)
       102          0          2          0          4          0   (incl. Padding)

    ----------------------------------------------------------------------

      Code (inc. data)   RO Data    RW Data    ZI Data      Debug   Library Member Name

         0          0          0          0          0          0   entry.o
         0          0          0          0          0          0   entry10a.o
         0          0          0          0          0          0   entry11a.o
         8          4          0          0          0          0   entry2.o
         4          0          0          0          0          0   entry5.o
         0          0          0          0          0          0   entry7b.o
         0          0          0          0          0          0   entry8b.o
         8          4          0          0          0          0   entry9a.o
        30          0          0          0          0          0   handlers.o
        36          8          0          0          0         68   init.o
        30          0          0          0          0         68   llshl.o
        32          0          0          0          0         68   llushr.o
       108         16          0          0          0         84   malloc.o
         0          0          0          8          0          0   mvars.o
       884         10          0          0          0        420   printf6.o
        44          0          0          0          0         80   uidiv.o
        98          0          0          0          0         92   uldiv.o

    ----------------------------------------------------------------------
      1284         42          0          8          0        880   Library Totals
         2          0          0          0          0          0   (incl. Padding)

    ----------------------------------------------------------------------

      Code (inc. data)   RO Data    RW Data    ZI Data      Debug   Library Name

      1282         42          0          8          0        880   mc_w.l

    ----------------------------------------------------------------------
      1284         42          0          8          0        880   Library Totals

    ----------------------------------------------------------------------

==============================================================================


      Code (inc. data)   RO Data    RW Data    ZI Data      Debug   

     14320         72       3944         20       4012     299300   Grand Totals
     14320         72       3944         20       4012     299300   ELF Image Totals
     14320         72       3944         20          0          0   ROM Totals

==============================================================================

    Total RO  Size (Code + RO Data)                18264 (  17.84kB)
    Total RW  Size (RW Data + ZI Data)              4032 (   3.94kB)
    Total ROM Size (Code + RO Data + RW Data)      18284 (  17.86kB)

==============================================================================

