Component: Arm Compiler for Embedded 6.22 Tool: armlink [5ee90200]

==============================================================================

Section Cross References

    startup_stm32f446xx.o(STACK) refers (Special) to heapauxi.o(.text) for __use_two_region_memory
    startup_stm32f446xx.o(HEAP) refers (Special) to heapauxi.o(.text) for __use_two_region_memory
    startup_stm32f446xx.o(RESET) refers (Special) to heapauxi.o(.text) for __use_two_region_memory
    startup_stm32f446xx.o(RESET) refers to startup_stm32f446xx.o(STACK) for __initial_sp
    startup_stm32f446xx.o(RESET) refers to startup_stm32f446xx.o(.text) for Reset_Handler
    startup_stm32f446xx.o(RESET) refers to stm32f4xx_it.o(.text.NMI_Handler) for NMI_Handler
    startup_stm32f446xx.o(RESET) refers to stm32f4xx_it.o(.text.HardFault_Handler) for HardFault_Handler
    startup_stm32f446xx.o(RESET) refers to stm32f4xx_it.o(.text.MemManage_Handler) for MemManage_Handler
    startup_stm32f446xx.o(RESET) refers to stm32f4xx_it.o(.text.BusFault_Handler) for BusFault_Handler
    startup_stm32f446xx.o(RESET) refers to stm32f4xx_it.o(.text.UsageFault_Handler) for UsageFault_Handler
    startup_stm32f446xx.o(RESET) refers to stm32f4xx_it.o(.text.SVC_Handler) for SVC_Handler
    startup_stm32f446xx.o(RESET) refers to stm32f4xx_it.o(.text.DebugMon_Handler) for DebugMon_Handler
    startup_stm32f446xx.o(RESET) refers to stm32f4xx_it.o(.text.PendSV_Handler) for PendSV_Handler
    startup_stm32f446xx.o(RESET) refers to stm32f4xx_it.o(.text.SysTick_Handler) for SysTick_Handler
    startup_stm32f446xx.o(RESET) refers to stm32f4xx_it.o(.text.SPI1_IRQHandler) for SPI1_IRQHandler
    startup_stm32f446xx.o(RESET) refers to stm32f4xx_it.o(.text.DMA2_Stream3_IRQHandler) for DMA2_Stream3_IRQHandler
    startup_stm32f446xx.o(.text) refers (Special) to heapauxi.o(.text) for __use_two_region_memory
    startup_stm32f446xx.o(.text) refers to system_stm32f4xx.o(.text.SystemInit) for SystemInit
    startup_stm32f446xx.o(.text) refers to __main.o(!!!main) for __main
    startup_stm32f446xx.o(.text) refers to startup_stm32f446xx.o(HEAP) for Heap_Mem
    startup_stm32f446xx.o(.text) refers to startup_stm32f446xx.o(STACK) for Stack_Mem
    ili9341.o(.text.ili9341_new) refers to h1_alloc.o(.text) for malloc
    ili9341.o(.text.ili9341_new) refers to ili9341.o(.text.ili9341_screen_size) for ili9341_screen_size
    ili9341.o(.text.ili9341_new) refers to ili9341.o(.text.ili9341_initialize) for ili9341_initialize
    ili9341.o(.ARM.exidx.text.ili9341_new) refers to ili9341.o(.text.ili9341_new) for [Anonymous Symbol]
    ili9341.o(.ARM.exidx.text.ili9341_screen_size) refers to ili9341.o(.text.ili9341_screen_size) for [Anonymous Symbol]
    ili9341.o(.text.ili9341_initialize) refers to ili9341.o(.text.ili9341_reset) for ili9341_reset
    ili9341.o(.text.ili9341_initialize) refers to ili9341.o(.text.ili9341_spi_tft_select) for ili9341_spi_tft_select
    ili9341.o(.text.ili9341_initialize) refers to ili9341.o(.text.ili9341_spi_write_command) for ili9341_spi_write_command
    ili9341.o(.text.ili9341_initialize) refers to stm32f4xx_hal.o(.text.HAL_Delay) for HAL_Delay
    ili9341.o(.text.ili9341_initialize) refers to ili9341.o(.text.ili9341_spi_write_command_data) for ili9341_spi_write_command_data
    ili9341.o(.text.ili9341_initialize) refers to ili9341.o(.text.ili9341_screen_rotation) for ili9341_screen_rotation
    ili9341.o(.text.ili9341_initialize) refers to ili9341.o(.text.ili9341_spi_tft_release) for ili9341_spi_tft_release
    ili9341.o(.ARM.exidx.text.ili9341_initialize) refers to ili9341.o(.text.ili9341_initialize) for [Anonymous Symbol]
    ili9341.o(.text.ili9341_touch_interrupt) refers to ili9341.o(.text.ili9341_touch_coordinate) for ili9341_touch_coordinate
    ili9341.o(.ARM.exidx.text.ili9341_touch_interrupt) refers to ili9341.o(.text.ili9341_touch_interrupt) for [Anonymous Symbol]
    ili9341.o(.text.ili9341_touch_coordinate) refers to ili9341.o(.text.ili9341_spi_touch_select) for ili9341_spi_touch_select
    ili9341.o(.text.ili9341_touch_coordinate) refers to ili9341.o(.text.ili9341_touch_pressed) for ili9341_touch_pressed
    ili9341.o(.text.ili9341_touch_coordinate) refers to ili9341.o(.data.ili9341_touch_coordinate.x_cmd) for ili9341_touch_coordinate.x_cmd
    ili9341.o(.text.ili9341_touch_coordinate) refers to stm32f4xx_hal_spi.o(.text.HAL_SPI_Transmit) for HAL_SPI_Transmit
    ili9341.o(.text.ili9341_touch_coordinate) refers to stm32f4xx_hal_spi.o(.text.HAL_SPI_TransmitReceive) for HAL_SPI_TransmitReceive
    ili9341.o(.text.ili9341_touch_coordinate) refers to ili9341.o(.data.ili9341_touch_coordinate.y_cmd) for ili9341_touch_coordinate.y_cmd
    ili9341.o(.text.ili9341_touch_coordinate) refers to ili9341.o(.bss.ili9341_touch_coordinate.sleep) for ili9341_touch_coordinate.sleep
    ili9341.o(.text.ili9341_touch_coordinate) refers to ili9341.o(.text.ili9341_spi_touch_release) for ili9341_spi_touch_release
[...]
    stm32f4xx_hal_exti.c                     0x00000000   Number         0  stm32f4xx_hal_exti.o ABSOLUTE
    stm32f4xx_hal_flash.c                    0x00000000   Number         0  stm32f4xx_hal_flash.o ABSOLUTE
    stm32f4xx_hal_flash_ex.c                 0x00000000   Number         0  stm32f4xx_hal_flash_ex.o ABSOLUTE
    stm32f4xx_hal_flash_ramfunc.c            0x00000000   Number         0  stm32f4xx_hal_flash_ramfunc.o ABSOLUTE
    stm32f4xx_hal_gpio.c                     0x00000000   Number         0  stm32f4xx_hal_gpio.o ABSOLUTE
    stm32f4xx_hal_msp.c                      0x00000000   Number         0  stm32f4xx_hal_msp.o ABSOLUTE
    stm32f4xx_hal_pwr.c                      0x00000000   Number         0  stm32f4xx_hal_pwr.o ABSOLUTE
    stm32f4xx_hal_pwr_ex.c                   0x00000000   Number         0  stm32f4xx_hal_pwr_ex.o ABSOLUTE
    stm32f4xx_hal_rcc.c                      0x00000000   Number         0  stm32f4xx_hal_rcc.o ABSOLUTE
    stm32f4xx_hal_rcc_ex.c                   0x00000000   Number         0  stm32f4xx_hal_rcc_ex.o ABSOLUTE
    stm32f4xx_hal_spi.c                      0x00000000   Number         0  stm32f4xx_hal_spi.o ABSOLUTE
    stm32f4xx_hal_tim.c                      0x00000000   Number         0  stm32f4xx_hal_tim.o ABSOLUTE
    stm32f4xx_hal_tim_ex.c                   0x00000000   Number         0  stm32f4xx_hal_tim_ex.o ABSOLUTE
    stm32f4xx_hal_uart.c                     0x00000000   Number         0  stm32f4xx_hal_uart.o ABSOLUTE
    stm32f4xx_it.c                           0x00000000   Number         0  stm32f4xx_it.o ABSOLUTE
    system_stm32f4xx.c                       0x00000000   Number         0  system_stm32f4xx.o ABSOLUTE
    usart.c                                  0x00000000   Number         0  usart.o ABSOLUTE
    RESET                                    0x08000000   Section      452  startup_stm32f446xx.o(RESET)
    !!!main                                  0x080001c4   Section        8  __main.o(!!!main)
    !!!scatter                               0x080001cc   Section       92  __scatter.o(!!!scatter)
    !!handler_copy                           0x08000228   Section       26  __scatter_copy.o(!!handler_copy)
    !!handler_null                           0x08000244   Section        2  __scatter.o(!!handler_null)
    !!handler_zi                             0x08000248   Section       28  __scatter_zi.o(!!handler_zi)
    .ARM.Collect$$libinit$$00000000          0x08000264   Section        2  libinit.o(.ARM.Collect$$libinit$$00000000)
    .ARM.Collect$$libinit$$00000001          0x08000266   Section        4  libinit2.o(.ARM.Collect$$libinit$$00000001)
    .ARM.Collect$$libinit$$00000004          0x0800026a   Section        0  libinit2.o(.ARM.Collect$$libinit$$00000004)
    .ARM.Collect$$libinit$$00000006          0x0800026a   Section        0  libinit2.o(.ARM.Collect$$libinit$$00000006)
    .ARM.Collect$$libinit$$00000007          0x0800026a   Section        8  libinit2.o(.ARM.Collect$$libinit$$00000007)
    .ARM.Collect$$libinit$$0000000C          0x08000272   Section        0  libinit2.o(.ARM.Collect$$libinit$$0000000C)
    .ARM.Collect$$libinit$$0000000E          0x08000272   Section        0  libinit2.o(.ARM.Collect$$libinit$$0000000E)
    .ARM.Collect$$libinit$$0000000F          0x08000272   Section        4  libinit2.o(.ARM.Collect$$libinit$$0000000F)
    .ARM.Collect$$libinit$$00000010          0x08000276   Section        0  libinit2.o(.ARM.Collect$$libinit$$00000010)
    .ARM.Collect$$libinit$$00000013          0x08000276   Section        0  libinit2.o(.ARM.Collect$$libinit$$00000013)
    .ARM.Collect$$libinit$$00000015          0x08000276   Section        0  libinit2.o(.ARM.Collect$$libinit$$00000015)
    .ARM.Collect$$libinit$$00000017          0x08000276   Section        0  libinit2.o(.ARM.Collect$$libinit$$00000017)
    .ARM.Collect$$libinit$$00000019          0x08000276   Section        0  libinit2.o(.ARM.Collect$$libinit$$00000019)
    .ARM.Collect$$libinit$$0000001B          0x08000276   Section        0  libinit2.o(.ARM.Collect$$libinit$$0000001B)
    .ARM.Collect$$libinit$$0000001D          0x08000276   Section        0  libinit2.o(.ARM.Collect$$libinit$$0000001D)
    .ARM.Collect$$libinit$$0000001F          0x08000276   Section        0  libinit2.o(.ARM.Collect$$libinit$$0000001F)
    .ARM.Collect$$libinit$$00000021          0x08000276   Section        0  libinit2.o(.ARM.Collect$$libinit$$00000021)
    .ARM.Collect$$libinit$$00000023          0x08000276   Section        0  libinit2.o(.ARM.Collect$$libinit$$00000023)
    .ARM.Collect$$libinit$$00000025          0x08000276   Section        0  libinit2.o(.ARM.Collect$$libinit$$00000025)
    .ARM.Collect$$libinit$$00000027          0x08000276   Section        0  libinit2.o(.ARM.Collect$$libinit$$00000027)
    .ARM.Collect$$libinit$$0000002E          0x08000276   Section        0  libinit2.o(.ARM.Collect$$libinit$$0000002E)
    .ARM.Collect$$libinit$$00000030          0x08000276   Section        0  libinit2.o(.ARM.Collect$$libinit$$00000030)
    .ARM.Collect$$libinit$$00000032          0x08000276   Section        0  libinit2.o(.ARM.Collect$$libinit$$00000032)
    .ARM.Collect$$libinit$$00000034          0x08000276   Section        0  libinit2.o(.ARM.Collect$$libinit$$00000034)
    .ARM.Collect$$libinit$$00000035          0x08000276   Section        2  libinit2.o(.ARM.Collect$$libinit$$00000035)
    .ARM.Collect$$libshutdown$$00000000      0x08000278   Section        2  libshutdown.o(.ARM.Collect$$libshutdown$$00000000)
    .ARM.Collect$$libshutdown$$00000002      0x0800027a   Section        0  libshutdown2.o(.ARM.Collect$$libshutdown$$00000002)
    .ARM.Collect$$libshutdown$$00000004      0x0800027a   Section        0  libshutdown2.o(.ARM.Collect$$libshutdown$$00000004)
    .ARM.Collect$$libshutdown$$00000007      0x0800027a   Section        0  libshutdown2.o(.ARM.Collect$$libshutdown$$00000007)
    .ARM.Collect$$libshutdown$$0000000A      0x0800027a   Section        0  libshutdown2.o(.ARM.Collect$$libshutdown$$0000000A)
    .ARM.Collect$$libshutdown$$0000000C      0x0800027a   Section        0  libshutdown2.o(.ARM.Collect$$libshutdown$$0000000C)
    .ARM.Collect$$libshutdown$$0000000F      0x0800027a   Section        0  libshutdown2.o(.ARM.Collect$$libshutdown$$0000000F)
    .ARM.Collect$$libshutdown$$00000010      0x0800027a   Section        2  libshutdown2.o(.ARM.Collect$$libshutdown$$00000010)
    .ARM.Collect$$rtentry$$00000000          0x0800027c   Section        0  __rtentry.o(.ARM.Collect$$rtentry$$00000000)
    .ARM.Collect$$rtentry$$00000002          0x0800027c   Section        0  __rtentry2.o(.ARM.Collect$$rtentry$$00000002)
    .ARM.Collect$$rtentry$$00000004          0x0800027c   Section        6  __rtentry4.o(.ARM.Collect$$rtentry$$00000004)
    .ARM.Collect$$rtentry$$00000009          0x08000282   Section        0  __rtentry2.o(.ARM.Collect$$rtentry$$00000009)
    .ARM.Collect$$rtentry$$0000000A          0x08000282   Section        4  __rtentry2.o(.ARM.Collect$$rtentry$$0000000A)
    .ARM.Collect$$rtentry$$0000000C          0x08000286   Section        0  __rtentry2.o(.ARM.Collect$$rtentry$$0000000C)
    .ARM.Collect$$rtentry$$0000000D          0x08000286   Section        8  __rtentry2.o(.ARM.Collect$$rtentry$$0000000D)
    .ARM.Collect$$rtexit$$00000000           0x0800028e   Section        2  rtexit.o(.ARM.Collect$$rtexit$$00000000)
    .ARM.Collect$$rtexit$$00000002           0x08000290   Section        0  rtexit2.o(.ARM.Collect$$rtexit$$00000002)
    .ARM.Collect$$rtexit$$00000003           0x08000290   Section        4  rtexit2.o(.ARM.Collect$$rtexit$$00000003)
    .ARM.Collect$$rtexit$$00000004           0x08000294   Section        6  rtexit2.o(.ARM.Collect$$rtexit$$00000004)
    .emb_text                                0x0800029c   Section       52  rand.o(.emb_text)
    $v0                                      0x080002d0   Number         0  startup_stm32f446xx.o(.text)
    .text                                    0x080002d0   Section       64  startup_stm32f446xx.o(.text)
    $v0                                      0x08000310   Number         0  asm_update_my_ball_array.o(.text)
    .text                                    0x08000310   Section      184  asm_update_my_ball_array.o(.text)
    .text                                    0x080003c8   Section        0  h1_alloc.o(.text)
    .text                                    0x08000426   Section      240  lludivv7m.o(.text)
    .text                                    0x08000518   Section        0  rand.o(.text)
    .text                                    0x08000554   Section       78  rt_memclr_w.o(.text)
    .text                                    0x080005a2   Section        0  heapauxi.o(.text)
    .text                                    0x080005a8   Section        8  rt_heap_descriptor_intlibspace.o(.text)
    .text                                    0x080005b0   Section        0  hguard.o(.text)
    .text                                    0x080005b4   Section        0  init_alloc.o(.text)
    .text                                    0x0800063e   Section        0  h1_init.o(.text)
    .text                                    0x0800064a   Section        0  h1_free.o(.text)
    .text                                    0x08000698   Section        0  _rserrno.o(.text)
    .text                                    0x080006b0   Section        8  libspace.o(.text)
    .text                                    0x080006b8   Section        8  rt_errno_addr_intlibspace.o(.text)
    .text                                    0x080006c0   Section        0  maybetermalloc1.o(.text)
    .text                                    0x080006c0   Section        0  h1_extend.o(.text)
    .text                                    0x080006f4   Section        0  defsig_rtmem_outer.o(.text)
    .text                                    0x08000702   Section        2  use_no_semi.o(.text)
    .text                                    0x08000704   Section        0  indicate_semi.o(.text)
    .text                                    0x08000704   Section       74  sys_stackheap_outer.o(.text)
    .text                                    0x0800074e   Section        0  exit.o(.text)
    .text                                    0x08000760   Section        0  defsig_exit.o(.text)
    .text                                    0x0800076c   Section        0  defsig_rtmem_inner.o(.text)
    .text                                    0x080007bc   Section        0  sys_exit.o(.text)
    .text                                    0x080007c8   Section        0  defsig_general.o(.text)
    .text                                    0x080007fa   Section        0  sys_wrch.o(.text)
    [Anonymous Symbol]                       0x08000808   Section        0  stm32f4xx_it.o(.text.BusFault_Handler)
    [Anonymous Symbol]                       0x0800080c   Section        0  stm32f4xx_it.o(.text.DMA2_Stream3_IRQHandler)
    DMA_CalcBaseAndBitshift                  0x0800081d   Thumb Code    86  stm32f4xx_hal_dma.o(.text.DMA_CalcBaseAndBitshift)
    [Anonymous Symbol]                       0x0800081c   Section        0  stm32f4xx_hal_dma.o(.text.DMA_CalcBaseAndBitshift)
    DMA_CheckFifoParam                       0x08000875   Thumb Code   240  stm32f4xx_hal_dma.o(.text.DMA_CheckFifoParam)
    [Anonymous Symbol]                       0x08000874   Section        0  stm32f4xx_hal_dma.o(.text.DMA_CheckFifoParam)
    DMA_SetConfig                            0x08000965   Thumb Code    80  stm32f4xx_hal_dma.o(.text.DMA_SetConfig)
    [Anonymous Symbol]                       0x08000964   Section        0  stm32f4xx_hal_dma.o(.text.DMA_SetConfig)
    [Anonymous Symbol]                       0x080009b4   Section        0  stm32f4xx_it.o(.text.DebugMon_Handler)
    [Anonymous Symbol]                       0x080009b8   Section        0  main.o(.text.Error_Handler)
    [Anonymous Symbol]                       0x080009c0   Section        0  stm32f4xx_hal_dma.o(.text.HAL_DMA_Abort_IT)
    [Anonymous Symbol]                       0x08000a04   Section        0  stm32f4xx_hal_dma.o(.text.HAL_DMA_GetState)
    [Anonymous Symbol]                       0x08000a14   Section        0  stm32f4xx_hal_dma.o(.text.HAL_DMA_IRQHandler)
    [Anonymous Symbol]                       0x08000d34   Section        0  stm32f4xx_hal_dma.o(.text.HAL_DMA_Init)
    [Anonymous Symbol]                       0x08000ea4   Section        0  stm32f4xx_hal_dma.o(.text.HAL_DMA_Start_IT)
    [Anonymous Symbol]                       0x08000f68   Section        0  stm32f4xx_hal.o(.text.HAL_Delay)
    [Anonymous Symbol]                       0x08000fac   Section        0  stm32f4xx_hal_gpio.o(.text.HAL_GPIO_Init)
    [Anonymous Symbol]                       0x08001348   Section        0  stm32f4xx_hal_gpio.o(.text.HAL_GPIO_WritePin)
    [Anonymous Symbol]                       0x08001378   Section        0  stm32f4xx_hal.o(.text.HAL_GetTick)
    [Anonymous Symbol]                       0x08001384   Section        0  stm32f4xx_hal.o(.text.HAL_IncTick)
    [Anonymous Symbol]                       0x080013a0   Section        0  stm32f4xx_hal.o(.text.HAL_Init)
    [Anonymous Symbol]                       0x080013dc   Section        0  stm32f4xx_hal.o(.text.HAL_InitTick)
    [Anonymous Symbol]                       0x0800144c   Section        0  stm32f4xx_hal_msp.o(.text.HAL_MspInit)
    [Anonymous Symbol]                       0x080014a0   Section        0  stm32f4xx_hal_cortex.o(.text.HAL_NVIC_EnableIRQ)
    [Anonymous Symbol]                       0x080014b4   Section        0  stm32f4xx_hal_cortex.o(.text.HAL_NVIC_SetPriority)
    [Anonymous Symbol]                       0x080014e8   Section        0  stm32f4xx_hal_cortex.o(.text.HAL_NVIC_SetPriorityGrouping)
    [Anonymous Symbol]                       0x080014f8   Section        0  stm32f4xx_hal_rcc.o(.text.HAL_RCC_ClockConfig)
    [Anonymous Symbol]                       0x0800175c   Section        0  stm32f4xx_hal_rcc.o(.text.HAL_RCC_GetHCLKFreq)
    [Anonymous Symbol]                       0x08001768   Section        0  stm32f4xx_hal_rcc.o(.text.HAL_RCC_GetPCLK1Freq)
    [Anonymous Symbol]                       0x0800178c   Section        0  stm32f4xx_hal_rcc.o(.text.HAL_RCC_GetPCLK2Freq)
    [Anonymous Symbol]                       0x080017b0   Section        0  stm32f4xx_hal_rcc_ex.o(.text.HAL_RCC_GetSysClockFreq)
    [Anonymous Symbol]                       0x08001920   Section        0  stm32f4xx_hal_rcc_ex.o(.text.HAL_RCC_OscConfig)
    [Anonymous Symbol]                       0x08002048   Section        0  stm32f4xx_hal_spi.o(.text.HAL_SPI_ErrorCallback)
    [Anonymous Symbol]                       0x08002050   Section        0  stm32f4xx_hal_spi.o(.text.HAL_SPI_IRQHandler)
    [Anonymous Symbol]                       0x08002280   Section        0  stm32f4xx_hal_spi.o(.text.HAL_SPI_Init)
    [Anonymous Symbol]                       0x08002384   Section        0  spi.o(.text.HAL_SPI_MspInit)
    [Anonymous Symbol]                       0x0800247c   Section        0  stm32f4xx_hal_spi.o(.text.HAL_SPI_Transmit)
    [Anonymous Symbol]                       0x08002720   Section        0  stm32f4xx_hal_spi.o(.text.HAL_SPI_Transmit_DMA)
    [Anonymous Symbol]                       0x0800288c   Section        0  stm32f4xx_hal_spi.o(.text.HAL_SPI_TxCpltCallback)
    [Anonymous Symbol]                       0x08002894   Section        0  stm32f4xx_hal_spi.o(.text.HAL_SPI_TxHalfCpltCallback)
    [Anonymous Symbol]                       0x0800289c   Section        0  stm32f4xx_hal_cortex.o(.text.HAL_SYSTICK_Config)
    [Anonymous Symbol]                       0x080028ac   Section        0  stm32f4xx_hal_uart.o(.text.HAL_UART_Init)
    [Anonymous Symbol]                       0x0800294c   Section        0  usart.o(.text.HAL_UART_MspInit)
    [Anonymous Symbol]                       0x080029dc   Section        0  stm32f4xx_it.o(.text.HardFault_Handler)
    [Anonymous Symbol]                       0x080029e0   Section        0  dma.o(.text.MX_DMA_Init)
    [Anonymous Symbol]                       0x08002a1c   Section        0  gpio.o(.text.MX_GPIO_Init)
    [Anonymous Symbol]                       0x08002b30   Section        0  spi.o(.text.MX_SPI1_Init)
    [Anonymous Symbol]                       0x08002b80   Section        0  usart.o(.text.MX_USART2_UART_Init)
    [Anonymous Symbol]                       0x08002bc0   Section        0  stm32f4xx_it.o(.text.MemManage_Handler)
    [Anonymous Symbol]                       0x08002bc4   Section        0  stm32f4xx_it.o(.text.NMI_Handler)
    NVIC_EncodePriority                      0x08002bc9   Thumb Code   108  stm32f4xx_hal_cortex.o(.text.NVIC_EncodePriority)
    [Anonymous Symbol]                       0x08002bc8   Section        0  stm32f4xx_hal_cortex.o(.text.NVIC_EncodePriority)
    [Anonymous Symbol]                       0x08002c34   Section        0  stm32f4xx_it.o(.text.PendSV_Handler)
    [Anonymous Symbol]                       0x08002c38   Section        0  stm32f4xx_it.o(.text.SPI1_IRQHandler)
    SPI_DMAAbortOnError                      0x08002c49   Thumb Code    32  stm32f4xx_hal_spi.o(.text.SPI_DMAAbortOnError)
    [Anonymous Symbol]                       0x08002c48   Section        0  stm32f4xx_hal_spi.o(.text.SPI_DMAAbortOnError)
    SPI_DMAError                             0x08002c69   Thumb Code    52  stm32f4xx_hal_spi.o(.text.SPI_DMAError)
    [Anonymous Symbol]                       0x08002c68   Section        0  stm32f4xx_hal_spi.o(.text.SPI_DMAError)
    SPI_DMAHalfTransmitCplt                  0x08002c9d   Thumb Code    22  stm32f4xx_hal_spi.o(.text.SPI_DMAHalfTransmitCplt)
    [Anonymous Symbol]                       0x08002c9c   Section        0  stm32f4xx_hal_spi.o(.text.SPI_DMAHalfTransmitCplt)
    SPI_DMATransmitCplt                      0x08002cb5   Thumb Code   166  stm32f4xx_hal_spi.o(.text.SPI_DMATransmitCplt)
    [Anonymous Symbol]                       0x08002cb4   Section        0  stm32f4xx_hal_spi.o(.text.SPI_DMATransmitCplt)
    SPI_EndRxTxTransaction                   0x08002d5d   Thumb Code   204  stm32f4xx_hal_spi.o(.text.SPI_EndRxTxTransaction)
    [Anonymous Symbol]                       0x08002d5c   Section        0  stm32f4xx_hal_spi.o(.text.SPI_EndRxTxTransaction)
    SPI_WaitFlagStateUntilTimeout            0x08002e29   Thumb Code   298  stm32f4xx_hal_spi.o(.text.SPI_WaitFlagStateUntilTimeout)
    [Anonymous Symbol]                       0x08002e28   Section        0  stm32f4xx_hal_spi.o(.text.SPI_WaitFlagStateUntilTimeout)
    [Anonymous Symbol]                       0x08002f54   Section        0  stm32f4xx_it.o(.text.SVC_Handler)
    SysTick_Config                           0x08002f59   Thumb Code    82  stm32f4xx_hal_cortex.o(.text.SysTick_Config)
    [Anonymous Symbol]                       0x08002f58   Section        0  stm32f4xx_hal_cortex.o(.text.SysTick_Config)
    [Anonymous Symbol]                       0x08002fac   Section        0  stm32f4xx_it.o(.text.SysTick_Handler)
    [Anonymous Symbol]                       0x08002fb4   Section        0  main.o(.text.SystemClock_Config)
    [Anonymous Symbol]                       0x0800306c   Section        0  system_stm32f4xx.o(.text.SystemInit)
    UART_SetConfig                           0x08003081   Thumb Code   314  stm32f4xx_hal_uart.o(.text.UART_SetConfig)
    [Anonymous Symbol]                       0x08003080   Section        0  stm32f4xx_hal_uart.o(.text.UART_SetConfig)
    [Anonymous Symbol]                       0x080031bc   Section        0  stm32f4xx_it.o(.text.UsageFault_Handler)
    __NVIC_EnableIRQ                         0x080031c1   Thumb Code    48  stm32f4xx_hal_cortex.o(.text.__NVIC_EnableIRQ)
    [Anonymous Symbol]                       0x080031c0   Section        0  stm32f4xx_hal_cortex.o(.text.__NVIC_EnableIRQ)
    __NVIC_GetPriorityGrouping               0x080031f1   Thumb Code    16  stm32f4xx_hal_cortex.o(.text.__NVIC_GetPriorityGrouping)
    [Anonymous Symbol]                       0x080031f0   Section        0  stm32f4xx_hal_cortex.o(.text.__NVIC_GetPriorityGrouping)
    __NVIC_SetPriority                       0x08003201   Thumb Code    66  stm32f4xx_hal_cortex.o(.text.__NVIC_SetPriority)
    [Anonymous Symbol]                       0x08003200   Section        0  stm32f4xx_hal_cortex.o(.text.__NVIC_SetPriority)
    __NVIC_SetPriorityGrouping               0x08003245   Thumb Code    60  stm32f4xx_hal_cortex.o(.text.__NVIC_SetPriorityGrouping)
    [Anonymous Symbol]                       0x08003244   Section        0  stm32f4xx_hal_cortex.o(.text.__NVIC_SetPriorityGrouping)
    [Anonymous Symbol]                       0x08003280   Section        0  ball.o(.text.draw_all_ball_3D)
    [Anonymous Symbol]                       0x080032c8   Section        0  ball.o(.text.draw_ball_3D)
    ili9341_clip_rect                        0x080034d9   Thumb Code   344  ili9341_gfx.o(.text.ili9341_clip_rect)
    [Anonymous Symbol]                       0x080034d8   Section        0  ili9341_gfx.o(.text.ili9341_clip_rect)
    [Anonymous Symbol]                       0x08003630   Section        0  ili9341_gfx.o(.text.ili9341_draw_pixel)
    [Anonymous Symbol]                       0x080036b8   Section        0  ili9341_gfx.o(.text.ili9341_fill_rect)
    [Anonymous Symbol]                       0x080037ec   Section        0  ili9341_gfx.o(.text.ili9341_fill_screen)
    ili9341_initialize                       0x08003819   Thumb Code   876  ili9341.o(.text.ili9341_initialize)
    [Anonymous Symbol]                       0x08003818   Section        0  ili9341.o(.text.ili9341_initialize)
    [Anonymous Symbol]                       0x08003b84   Section        0  ili9341.o(.text.ili9341_new)
    ili9341_reset                            0x08003e6d   Thumb Code    52  ili9341.o(.text.ili9341_reset)
    [Anonymous Symbol]                       0x08003e6c   Section        0  ili9341.o(.text.ili9341_reset)
    ili9341_screen_rotation                  0x08003ea1   Thumb Code    70  ili9341.o(.text.ili9341_screen_rotation)
    [Anonymous Symbol]                       0x08003ea0   Section        0  ili9341.o(.text.ili9341_screen_rotation)
    ili9341_screen_size                      0x08003ee9   Thumb Code   100  ili9341.o(.text.ili9341_screen_size)
    [Anonymous Symbol]                       0x08003ee8   Section        0  ili9341.o(.text.ili9341_screen_size)
    [Anonymous Symbol]                       0x08003f4c   Section        0  ili9341.o(.text.ili9341_spi_slave_release)
    [Anonymous Symbol]                       0x08003f80   Section        0  ili9341.o(.text.ili9341_spi_slave_select)
    [Anonymous Symbol]                       0x08003fb4   Section        0  ili9341.o(.text.ili9341_spi_tft_release)
    [Anonymous Symbol]                       0x08003fcc   Section        0  ili9341.o(.text.ili9341_spi_tft_select)
    [Anonymous Symbol]                       0x08003fe4   Section        0  ili9341_gfx.o(.text.ili9341_spi_tft_set_address_rect)
    [Anonymous Symbol]                       0x08004088   Section        0  ili9341.o(.text.ili9341_spi_touch_release)
    [Anonymous Symbol]                       0x080040a0   Section        0  ili9341.o(.text.ili9341_spi_touch_select)
    [Anonymous Symbol]                       0x080040b8   Section        0  ili9341.o(.text.ili9341_spi_write_command)
    [Anonymous Symbol]                       0x08004128   Section        0  ili9341.o(.text.ili9341_spi_write_command_data)
    [Anonymous Symbol]                       0x080041a0   Section        0  ili9341.o(.text.ili9341_spi_write_data)
    [Anonymous Symbol]                       0x08004214   Section        0  ili9341_gfx.o(.text.ili9341_transmit_color)
    [Anonymous Symbol]                       0x0800425c   Section        0  ili9341_gfx.o(.text.ili9341_transmit_wait)
    [Anonymous Symbol]                       0x08004284   Section        0  main.o(.text.main)
    [Anonymous Symbol]                       0x08004370   Section        0  main.o(.text.update_rand)
    i.__hardfp_sqrt                          0x0800438a   Section        0  sqrt.o(i.__hardfp_sqrt)
    $v0                                      0x08004404   Number         0  ddiv.o(x$fpl$ddiv)
    x$fpl$ddiv                               0x08004404   Section      696  ddiv.o(x$fpl$ddiv)
    ddiv_entry                               0x0800440b   Thumb Code     0  ddiv.o(x$fpl$ddiv)
    $v0                                      0x080046bc   Number         0  dfix.o(x$fpl$dfix)
    x$fpl$dfix                               0x080046bc   Section       94  dfix.o(x$fpl$dfix)
    $v0                                      0x0800471a   Number         0  dflt_clz.o(x$fpl$dflt)
    x$fpl$dflt                               0x0800471a   Section       46  dflt_clz.o(x$fpl$dflt)
    $v0                                      0x08004748   Number         0  dmul.o(x$fpl$dmul)
    x$fpl$dmul                               0x08004748   Section      340  dmul.o(x$fpl$dmul)
    $v0                                      0x0800489c   Number         0  dnaninf.o(x$fpl$dnaninf)
    x$fpl$dnaninf                            0x0800489c   Section      156  dnaninf.o(x$fpl$dnaninf)
    $v0                                      0x08004938   Number         0  dretinf.o(x$fpl$dretinf)
    x$fpl$dretinf                            0x08004938   Section       12  dretinf.o(x$fpl$dretinf)
    $v0                                      0x08004944   Number         0  dsqrt_umaal.o(x$fpl$dsqrt)
    x$fpl$dsqrt                              0x08004944   Section      408  dsqrt_umaal.o(x$fpl$dsqrt)
    $v0                                      0x08004adc   Number         0  fpinit.o(x$fpl$fpinit)
    x$fpl$fpinit                             0x08004adc   Section       26  fpinit.o(x$fpl$fpinit)
    x$fpl$usenofp                            0x08004af6   Section        0  usenofp.o(x$fpl$usenofp)
    DMA_CalcBaseAndBitshift.flagBitshiftOffset 0x08004b0e   Data           8  stm32f4xx_hal_dma.o(.rodata.DMA_CalcBaseAndBitshift.flagBitshiftOffset)
    [Anonymous Symbol]                       0x08004b0e   Section        0  stm32f4xx_hal_dma.o(.rodata.DMA_CalcBaseAndBitshift.flagBitshiftOffset)
    .bss                                     0x20000010   Section      228  rand.o(.bss)
    .bss                                     0x200000f4   Section       96  libspace.o(.bss)
    spi_tx_block                             0x20000288   Data        2048  ili9341_gfx.o(.bss.spi_tx_block)
    [Anonymous Symbol]                       0x20000288   Section        0  ili9341_gfx.o(.bss.spi_tx_block)
    Heap_Mem                                 0x20000a90   Data         512  startup_stm32f446xx.o(HEAP)
    HEAP                                     0x20000a90   Section      512  startup_stm32f446xx.o(HEAP)
    Stack_Mem                                0x20000c90   Data        1024  startup_stm32f446xx.o(STACK)
    STACK                                    0x20000c90   Section     1024  startup_stm32f446xx.o(STACK)
    __initial_sp                             0x20001090   Data           0  startup_stm32f446xx.o(STACK)

    Global Symbols

    Symbol Name                              Value     Ov Type        Size  Object(Section)

    BuildAttributes$$THM_ISAv4$E$P$D$K$B$S$7EM$VFPi3$EXTD16$VFPS$VFMA$PE$A:L22UL41UL21$X:L11$S22US41US21$IEEE1$IW$~IW$USESV6$~STKCKD$USESV7$~SHL$OTIME$ROPI$IEEEJ$EBA8$UX$STANDARDLIB$REQ8$PRES8$EABIv2 0x00000000   Number         0  anon$$obj.o ABSOLUTE
    __ARM_exceptions_init                     - Undefined Weak Reference
    __alloca_initialize                       - Undefined Weak Reference
    __arm_preinit_                            - Undefined Weak Reference
    __arm_relocate_pie_                       - Undefined Weak Reference
    __cpp_initialize__aeabi_                  - Undefined Weak Reference
    __cxa_finalize                            - Undefined Weak Reference
    __rt_locale                               - Undefined Weak Reference
    __sigvec_lookup                           - Undefined Weak Reference
    __user_heap_extent                        - Undefined Weak Reference
    _atexit_init                              - Undefined Weak Reference
    _call_atexit_fns                          - Undefined Weak Reference
    _clock_init                               - Undefined Weak Reference
    _fp_trap_init                             - Undefined Weak Reference
    _fp_trap_shutdown                         - Undefined Weak Reference
    _get_lc_collate                           - Undefined Weak Reference
    _get_lc_ctype                             - Undefined Weak Reference
    _get_lc_monetary                          - Undefined Weak Reference
    _get_lc_numeric                           - Undefined Weak Reference
    _get_lc_time                              - Undefined Weak Reference
    _getenv_init                              - Undefined Weak Reference
    _handle_redirection                       - Undefined Weak Reference
    _initio                                   - Undefined Weak Reference
    _mutex_acquire                            - Undefined Weak Reference
    _mutex_free                               - Undefined Weak Reference
    _mutex_release                            - Undefined Weak Reference
    _signal_finish                            - Undefined Weak Reference
    _signal_init                              - Undefined Weak Reference
    _terminateio                              - Undefined Weak Reference
    __Vectors_Size                           0x000001c4   Number         0  startup_stm32f446xx.o ABSOLUTE
    __Vectors                                0x08000000   Data           4  startup_stm32f446xx.o(RESET)
    __Vectors_End                            0x080001c4   Data           0  startup_stm32f446xx.o(RESET)
    __main                                   0x080001c5   Thumb Code     8  __main.o(!!!main)
    __scatterload                            0x080001cd   Thumb Code     0  __scatter.o(!!!scatter)
    __scatterload_rt2                        0x080001cd   Thumb Code    84  __scatter.o(!!!scatter)
    __scatterload_rt2_thumb_only             0x080001cd   Thumb Code     0  __scatter.o(!!!scatter)
    __scatterload_loop                       0x080001d7   Thumb Code     0  __scatter.o(!!!scatter)
    __scatterload_copy                       0x08000229   Thumb Code    26  __scatter_copy.o(!!handler_copy)
    __scatterload_null                       0x08000245   Thumb Code     2  __scatter.o(!!handler_null)
    __scatterload_zeroinit                   0x08000249   Thumb Code    28  __scatter_zi.o(!!handler_zi)
    __rt_lib_init                            0x08000265   Thumb Code     0  libinit.o(.ARM.Collect$$libinit$$00000000)
    __rt_lib_init_fp_1                       0x08000267   Thumb Code     0  libinit2.o(.ARM.Collect$$libinit$$00000001)
    __rt_lib_init_heap_2                     0x0800026b   Thumb Code     0  libinit2.o(.ARM.Collect$$libinit$$00000007)
    __rt_lib_init_preinit_1                  0x0800026b   Thumb Code     0  libinit2.o(.ARM.Collect$$libinit$$00000006)
    __rt_lib_init_relocate_pie_1             0x0800026b   Thumb Code     0  libinit2.o(.ARM.Collect$$libinit$$00000004)
    __rt_lib_init_heap_1                     0x08000273   Thumb Code     0  libinit2.o(.ARM.Collect$$libinit$$0000000C)
    __rt_lib_init_rand_2                     0x08000273   Thumb Code     0  libinit2.o(.ARM.Collect$$libinit$$0000000F)
    __rt_lib_init_user_alloc_1               0x08000273   Thumb Code     0  libinit2.o(.ARM.Collect$$libinit$$0000000E)
    __rt_lib_init_alloca_1                   0x08000277   Thumb Code     0  libinit2.o(.ARM.Collect$$libinit$$00000030)
    __rt_lib_init_argv_1                     0x08000277   Thumb Code     0  libinit2.o(.ARM.Collect$$libinit$$0000002E)
    __rt_lib_init_atexit_1                   0x08000277   Thumb Code     0  libinit2.o(.ARM.Collect$$libinit$$0000001D)
    __rt_lib_init_clock_1                    0x08000277   Thumb Code     0  libinit2.o(.ARM.Collect$$libinit$$00000023)
    __rt_lib_init_cpp_1                      0x08000277   Thumb Code     0  libinit2.o(.ARM.Collect$$libinit$$00000034)
    __rt_lib_init_exceptions_1               0x08000277   Thumb Code     0  libinit2.o(.ARM.Collect$$libinit$$00000032)
    __rt_lib_init_fp_trap_1                  0x08000277   Thumb Code     0  libinit2.o(.ARM.Collect$$libinit$$00000021)
    __rt_lib_init_getenv_1                   0x08000277   Thumb Code     0  libinit2.o(.ARM.Collect$$libinit$$00000025)
    __rt_lib_init_lc_collate_1               0x08000277   Thumb Code     0  libinit2.o(.ARM.Collect$$libinit$$00000013)
    __rt_lib_init_lc_ctype_1                 0x08000277   Thumb Code     0  libinit2.o(.ARM.Collect$$libinit$$00000015)
    __rt_lib_init_lc_monetary_1              0x08000277   Thumb Code     0  libinit2.o(.ARM.Collect$$libinit$$00000017)
    __rt_lib_init_lc_numeric_1               0x08000277   Thumb Code     0  libinit2.o(.ARM.Collect$$libinit$$00000019)
    __rt_lib_init_lc_time_1                  0x08000277   Thumb Code     0  libinit2.o(.ARM.Collect$$libinit$$0000001B)
    __rt_lib_init_rand_1                     0x08000277   Thumb Code     0  libinit2.o(.ARM.Collect$$libinit$$00000010)
    __rt_lib_init_return                     0x08000277   Thumb Code     0  libinit2.o(.ARM.Collect$$libinit$$00000035)
    __rt_lib_init_signal_1                   0x08000277   Thumb Code     0  libinit2.o(.ARM.Collect$$libinit$$0000001F)
    __rt_lib_init_stdio_1                    0x08000277   Thumb Code     0  libinit2.o(.ARM.Collect$$libinit$$00000027)
    __rt_lib_shutdown                        0x08000279   Thumb Code     0  libshutdown.o(.ARM.Collect$$libshutdown$$00000000)
    __rt_lib_shutdown_cpp_1                  0x0800027b   Thumb Code     0  libshutdown2.o(.ARM.Collect$$libshutdown$$00000002)
    __rt_lib_shutdown_fp_trap_1              0x0800027b   Thumb Code     0  libshutdown2.o(.ARM.Collect$$libshutdown$$00000007)
    __rt_lib_shutdown_heap_1                 0x0800027b   Thumb Code     0  libshutdown2.o(.ARM.Collect$$libshutdown$$0000000F)
    __rt_lib_shutdown_return                 0x0800027b   Thumb Code     0  libshutdown2.o(.ARM.Collect$$libshutdown$$00000010)
    __rt_lib_shutdown_signal_1               0x0800027b   Thumb Code     0  libshutdown2.o(.ARM.Collect$$libshutdown$$0000000A)
    __rt_lib_shutdown_stdio_1                0x0800027b   Thumb Code     0  libshutdown2.o(.ARM.Collect$$libshutdown$$00000004)
    __rt_lib_shutdown_user_alloc_1           0x0800027b   Thumb Code     0  libshutdown2.o(.ARM.Collect$$libshutdown$$0000000C)
    __rt_entry                               0x0800027d   Thumb Code     0  __rtentry.o(.ARM.Collect$$rtentry$$00000000)
    __rt_entry_presh_1                       0x0800027d   Thumb Code     0  __rtentry2.o(.ARM.Collect$$rtentry$$00000002)
    __rt_entry_sh                            0x0800027d   Thumb Code     0  __rtentry4.o(.ARM.Collect$$rtentry$$00000004)
    __rt_entry_li                            0x08000283   Thumb Code     0  __rtentry2.o(.ARM.Collect$$rtentry$$0000000A)
    __rt_entry_postsh_1                      0x08000283   Thumb Code     0  __rtentry2.o(.ARM.Collect$$rtentry$$00000009)
    __rt_entry_main                          0x08000287   Thumb Code     0  __rtentry2.o(.ARM.Collect$$rtentry$$0000000D)
    __rt_entry_postli_1                      0x08000287   Thumb Code     0  __rtentry2.o(.ARM.Collect$$rtentry$$0000000C)
    __rt_exit                                0x0800028f   Thumb Code     0  rtexit.o(.ARM.Collect$$rtexit$$00000000)
    __rt_exit_ls                             0x08000291   Thumb Code     0  rtexit2.o(.ARM.Collect$$rtexit$$00000003)
    __rt_exit_prels_1                        0x08000291   Thumb Code     0  rtexit2.o(.ARM.Collect$$rtexit$$00000002)
    __rt_exit_exit                           0x08000295   Thumb Code     0  rtexit2.o(.ARM.Collect$$rtexit$$00000004)
    rand                                     0x0800029d   Thumb Code    48  rand.o(.emb_text)
    Reset_Handler                            0x080002d1   Thumb Code     8  startup_stm32f446xx.o(.text)
    ADC_IRQHandler                           0x080002eb   Thumb Code     0  startup_stm32f446xx.o(.text)
    CAN1_RX0_IRQHandler                      0x080002eb   Thumb Code     0  startup_stm32f446xx.o(.text)
    CAN1_RX1_IRQHandler                      0x080002eb   Thumb Code     0  startup_stm32f446xx.o(.text)
    CAN1_SCE_IRQHandler                      0x080002eb   Thumb Code     0  startup_stm32f446xx.o(.text)
    CAN1_TX_IRQHandler                       0x080002eb   Thumb Code     0  startup_stm32f446xx.o(.text)
    CAN2_RX0_IRQHandler                      0x080002eb   Thumb Code     0  startup_stm32f446xx.o(.text)
    CAN2_RX1_IRQHandler                      0x080002eb   Thumb Code     0  startup_stm32f446xx.o(.text)
    CAN2_SCE_IRQHandler                      0x080002eb   Thumb Code     0  startup_stm32f446xx.o(.text)
    CAN2_TX_IRQHandler                       0x080002eb   Thumb Code     0  startup_stm32f446xx.o(.text)
    CEC_IRQHandler                           0x080002eb   Thumb Code     0  startup_stm32f446xx.o(.text)
    DCMI_IRQHandler                          0x080002eb   Thumb Code     0  startup_stm32f446xx.o(.text)
    DMA1_Stream0_IRQHandler                  0x080002eb   Thumb Code     0  startup_stm32f446xx.o(.text)
    DMA1_Stream1_IRQHandler                  0x080002eb   Thumb Code     0  startup_stm32f446xx.o(.text)
    DMA1_Stream2_IRQHandler                  0x080002eb   Thumb Code     0  startup_stm32f446xx.o(.text)
    DMA1_Stream3_IRQHandler                  0x080002eb   Thumb Code     0  startup_stm32f446xx.o(.text)
    DMA1_Stream4_IRQHandler                  0x080002eb   Thumb Code     0  startup_stm32f446xx.o(.text)
    DMA1_Stream5_IRQHandler                  0x080002eb   Thumb Code     0  startup_stm32f446xx.o(.text)
    DMA1_Stream6_IRQHandler                  0x080002eb   Thumb Code     0  startup_stm32f446xx.o(.text)
    DMA1_Stream7_IRQHandler                  0x080002eb   Thumb Code     0  startup_stm32f446xx.o(.text)
    DMA2_Stream0_IRQHandler                  0x080002eb   Thumb Code     0  startup_stm32f446xx.o(.text)
    DMA2_Stream1_IRQHandler                  0x080002eb   Thumb Code     0  startup_stm32f446xx.o(.text)
    DMA2_Stream2_IRQHandler                  0x080002eb   Thumb Code     0  startup_stm32f446xx.o(.text)
    DMA2_Stream4_IRQHandler                  0x080002eb   Thumb Code     0  startup_stm32f446xx.o(.text)
    DMA2_Stream5_IRQHandler                  0x080002eb   Thumb Code     0  startup_stm32f446xx.o(.text)
    DMA2_Stream6_IRQHandler                  0x080002eb   Thumb Code     0  startup_stm32f446xx.o(.text)
    DMA2_Stream7_IRQHandler                  0x080002eb   Thumb Code     0  startup_stm32f446xx.o(.text)
    EXTI0_IRQHandler                         0x080002eb   Thumb Code     0  startup_stm32f446xx.o(.text)
    EXTI15_10_IRQHandler                     0x080002eb   Thumb Code     0  startup_stm32f446xx.o(.text)
    EXTI1_IRQHandler                         0x080002eb   Thumb Code     0  startup_stm32f446xx.o(.text)
    EXTI2_IRQHandler                         0x080002eb   Thumb Code     0  startup_stm32f446xx.o(.text)
    EXTI3_IRQHandler                         0x080002eb   Thumb Code     0  startup_stm32f446xx.o(.text)
    EXTI4_IRQHandler                         0x080002eb   Thumb Code     0  startup_stm32f446xx.o(.text)
    EXTI9_5_IRQHandler                       0x080002eb   Thumb Code     0  startup_stm32f446xx.o(.text)
    FLASH_IRQHandler                         0x080002eb   Thumb Code     0  startup_stm32f446xx.o(.text)
    FMC_IRQHandler                           0x080002eb   Thumb Code     0  startup_stm32f446xx.o(.text)
    FMPI2C1_ER_IRQHandler                    0x080002eb   Thumb Code     0  startup_stm32f446xx.o(.text)
    FMPI2C1_EV_IRQHandler                    0x080002eb   Thumb Code     0  startup_stm32f446xx.o(.text)
    FPU_IRQHandler                           0x080002eb   Thumb Code     0  startup_stm32f446xx.o(.text)
    I2C1_ER_IRQHandler                       0x080002eb   Thumb Code     0  startup_stm32f446xx.o(.text)
    I2C1_EV_IRQHandler                       0x080002eb   Thumb Code     0  startup_stm32f446xx.o(.text)
    I2C2_ER_IRQHandler                       0x080002eb   Thumb Code     0  startup_stm32f446xx.o(.text)
    I2C2_EV_IRQHandler                       0x080002eb   Thumb Code     0  startup_stm32f446xx.o(.text)
    I2C3_ER_IRQHandler                       0x080002eb   Thumb Code     0  startup_stm32f446xx.o(.text)
    I2C3_EV_IRQHandler                       0x080002eb   Thumb Code     0  startup_stm32f446xx.o(.text)
    OTG_FS_IRQHandler                        0x080002eb   Thumb Code     0  startup_stm32f446xx.o(.text)
    OTG_FS_WKUP_IRQHandler                   0x080002eb   Thumb Code     0  startup_stm32f446xx.o(.text)
    OTG_HS_EP1_IN_IRQHandler                 0x080002eb   Thumb Code     0  startup_stm32f446xx.o(.text)
    OTG_HS_EP1_OUT_IRQHandler                0x080002eb   Thumb Code     0  startup_stm32f446xx.o(.text)
    OTG_HS_IRQHandler                        0x080002eb   Thumb Code     0  startup_stm32f446xx.o(.text)
    OTG_HS_WKUP_IRQHandler                   0x080002eb   Thumb Code     0  startup_stm32f446xx.o(.text)
    PVD_IRQHandler                           0x080002eb   Thumb Code     0  startup_stm32f446xx.o(.text)
    QUADSPI_IRQHandler                       0x080002eb   Thumb Code     0  startup_stm32f446xx.o(.text)
    RCC_IRQHandler                           0x080002eb   Thumb Code     0  startup_stm32f446xx.o(.text)
    RTC_Alarm_IRQHandler                     0x080002eb   Thumb Code     0  startup_stm32f446xx.o(.text)
    RTC_WKUP_IRQHandler                      0x080002eb   Thumb Code     0  startup_stm32f446xx.o(.text)
    SAI1_IRQHandler                          0x080002eb   Thumb Code     0  startup_stm32f446xx.o(.text)
    SAI2_IRQHandler                          0x080002eb   Thumb Code     0  startup_stm32f446xx.o(.text)
    SDIO_IRQHandler                          0x080002eb   Thumb Code     0  startup_stm32f446xx.o(.text)
    SPDIF_RX_IRQHandler                      0x080002eb   Thumb Code     0  startup_stm32f446xx.o(.text)
    SPI2_IRQHandler                          0x080002eb   Thumb Code     0  startup_stm32f446xx.o(.text)
    SPI3_IRQHandler                          0x080002eb   Thumb Code     0  startup_stm32f446xx.o(.text)
    SPI4_IRQHandler                          0x080002eb   Thumb Code     0  startup_stm32f446xx.o(.text)
    TAMP_STAMP_IRQHandler                    0x080002eb   Thumb Code     0  startup_stm32f446xx.o(.text)
    TIM1_BRK_TIM9_IRQHandler                 0x080002eb   Thumb Code     0  startup_stm32f446xx.o(.text)
    TIM1_CC_IRQHandler                       0x080002eb   Thumb Code     0  startup_stm32f446xx.o(.text)
    TIM1_TRG_COM_TIM11_IRQHandler            0x080002eb   Thumb Code     0  startup_stm32f446xx.o(.text)
    TIM1_UP_TIM10_IRQHandler                 0x080002eb   Thumb Code     0  startup_stm32f446xx.o(.text)
    TIM2_IRQHandler                          0x080002eb   Thumb Code     0  startup_stm32f446xx.o(.text)
    TIM3_IRQHandler                          0x080002eb   Thumb Code     0  startup_stm32f446xx.o(.text)
    TIM4_IRQHandler                          0x080002eb   Thumb Code     0  startup_stm32f446xx.o(.text)
    TIM5_IRQHandler                          0x080002eb   Thumb Code     0  startup_stm32f446xx.o(.text)
    TIM6_DAC_IRQHandler                      0x080002eb   Thumb Code     0  startup_stm32f446xx.o(.text)
    TIM7_IRQHandler                          0x080002eb   Thumb Code     0  startup_stm32f446xx.o(.text)
    TIM8_BRK_TIM12_IRQHandler                0x080002eb   Thumb Code     0  startup_stm32f446xx.o(.text)
    TIM8_CC_IRQHandler                       0x080002eb   Thumb Code     0  startup_stm32f446xx.o(.text)
    TIM8_TRG_COM_TIM14_IRQHandler            0x080002eb   Thumb Code     0  startup_stm32f446xx.o(.text)
    TIM8_UP_TIM13_IRQHandler                 0x080002eb   Thumb Code     0  startup_stm32f446xx.o(.text)
    UART4_IRQHandler                         0x080002eb   Thumb Code     0  startup_stm32f446xx.o(.text)
    UART5_IRQHandler                         0x080002eb   Thumb Code     0  startup_stm32f446xx.o(.text)
    USART1_IRQHandler                        0x080002eb   Thumb Code     0  startup_stm32f446xx.o(.text)
    USART2_IRQHandler                        0x080002eb   Thumb Code     0  startup_stm32f446xx.o(.text)
    USART3_IRQHandler                        0x080002eb   Thumb Code     0  startup_stm32f446xx.o(.text)
    USART6_IRQHandler                        0x080002eb   Thumb Code     0  startup_stm32f446xx.o(.text)
    WWDG_IRQHandler                          0x080002eb   Thumb Code     0  startup_stm32f446xx.o(.text)
    __user_initial_stackheap                 0x080002ed   Thumb Code     0  startup_stm32f446xx.o(.text)
    asm_update_myball_array                  0x08000311   Thumb Code   178  asm_update_my_ball_array.o(.text)
    malloc                                   0x080003c9   Thumb Code    94  h1_alloc.o(.text)
    __aeabi_uldivmod                         0x08000427   Thumb Code     0  lludivv7m.o(.text)
    _ll_udiv                                 0x08000427   Thumb Code   240  lludivv7m.o(.text)
    srand                                    0x08000519   Thumb Code    42  rand.o(.text)
    _rand_init                               0x08000543   Thumb Code     4  rand.o(.text)
    __aeabi_memclr4                          0x08000555   Thumb Code     0  rt_memclr_w.o(.text)
    __aeabi_memclr8                          0x08000555   Thumb Code     0  rt_memclr_w.o(.text)
    __rt_memclr_w                            0x08000555   Thumb Code     0  rt_memclr_w.o(.text)
    _memset_w                                0x08000559   Thumb Code    74  rt_memclr_w.o(.text)
    __use_two_region_memory                  0x080005a3   Thumb Code     2  heapauxi.o(.text)
    __rt_heap_escrow                         0x080005a5   Thumb Code     2  heapauxi.o(.text)
    __rt_heap_expand                         0x080005a7   Thumb Code     2  heapauxi.o(.text)
    __rt_heap_descriptor                     0x080005a9   Thumb Code     8  rt_heap_descriptor_intlibspace.o(.text)
    __use_no_heap                            0x080005b1   Thumb Code     2  hguard.o(.text)
    __heap$guard                             0x080005b3   Thumb Code     2  hguard.o(.text)
    _terminate_user_alloc                    0x080005b5   Thumb Code     2  init_alloc.o(.text)
    _init_user_alloc                         0x080005b7   Thumb Code     2  init_alloc.o(.text)
    __Heap_Full                              0x080005b9   Thumb Code    34  init_alloc.o(.text)
    __Heap_Broken                            0x080005db   Thumb Code     6  init_alloc.o(.text)
    _init_alloc                              0x080005e1   Thumb Code    94  init_alloc.o(.text)
    __Heap_Initialize                        0x0800063f   Thumb Code     8  h1_init.o(.text)
    __Heap_DescSize                          0x08000647   Thumb Code     4  h1_init.o(.text)
    free                                     0x0800064b   Thumb Code    78  h1_free.o(.text)
    __read_errno                             0x08000699   Thumb Code    10  _rserrno.o(.text)
    __set_errno                              0x080006a3   Thumb Code    12  _rserrno.o(.text)
    __user_libspace                          0x080006b1   Thumb Code     8  libspace.o(.text)
    __user_perproc_libspace                  0x080006b1   Thumb Code     0  libspace.o(.text)
    __user_perthread_libspace                0x080006b1   Thumb Code     0  libspace.o(.text)
    __aeabi_errno_addr                       0x080006b9   Thumb Code     8  rt_errno_addr_intlibspace.o(.text)
    __errno$intlibspace                      0x080006b9   Thumb Code     0  rt_errno_addr_intlibspace.o(.text)
    __rt_errno_addr$intlibspace              0x080006b9   Thumb Code     0  rt_errno_addr_intlibspace.o(.text)
    __Heap_ProvideMemory                     0x080006c1   Thumb Code    52  h1_extend.o(.text)
    _maybe_terminate_alloc                   0x080006c1   Thumb Code     0  maybetermalloc1.o(.text)
    __rt_SIGRTMEM                            0x080006f5   Thumb Code    14  defsig_rtmem_outer.o(.text)
    __I$use$semihosting                      0x08000703   Thumb Code     0  use_no_semi.o(.text)
    __use_no_semihosting_swi                 0x08000703   Thumb Code     2  use_no_semi.o(.text)
    __semihosting_library_function           0x08000705   Thumb Code     0  indicate_semi.o(.text)
    __user_setup_stackheap                   0x08000705   Thumb Code    74  sys_stackheap_outer.o(.text)
    exit                                     0x0800074f   Thumb Code    18  exit.o(.text)
    __sig_exit                               0x08000761   Thumb Code    10  defsig_exit.o(.text)
    __rt_SIGRTMEM_inner                      0x0800076d   Thumb Code    22  defsig_rtmem_inner.o(.text)
    _sys_exit                                0x080007bd   Thumb Code     8  sys_exit.o(.text)
    __default_signal_display                 0x080007c9   Thumb Code    50  defsig_general.o(.text)
    _ttywrch                                 0x080007fb   Thumb Code    14  sys_wrch.o(.text)
    BusFault_Handler                         0x08000809   Thumb Code     4  stm32f4xx_it.o(.text.BusFault_Handler)
    DMA2_Stream3_IRQHandler                  0x0800080d   Thumb Code    16  stm32f4xx_it.o(.text.DMA2_Stream3_IRQHandler)
    DebugMon_Handler                         0x080009b5   Thumb Code     2  stm32f4xx_it.o(.text.DebugMon_Handler)
    Error_Handler                            0x080009b9   Thumb Code     6  main.o(.text.Error_Handler)
    HAL_DMA_Abort_IT                         0x080009c1   Thumb Code    68  stm32f4xx_hal_dma.o(.text.HAL_DMA_Abort_IT)
    HAL_DMA_GetState                         0x08000a05   Thumb Code    14  stm32f4xx_hal_dma.o(.text.HAL_DMA_GetState)
    HAL_DMA_IRQHandler                       0x08000a15   Thumb Code   798  stm32f4xx_hal_dma.o(.text.HAL_DMA_IRQHandler)
    HAL_DMA_Init                             0x08000d35   Thumb Code   366  stm32f4xx_hal_dma.o(.text.HAL_DMA_Init)
    HAL_DMA_Start_IT                         0x08000ea5   Thumb Code   194  stm32f4xx_hal_dma.o(.text.HAL_DMA_Start_IT)
    HAL_Delay                                0x08000f69   Thumb Code    66  stm32f4xx_hal.o(.text.HAL_Delay)
    HAL_GPIO_Init                            0x08000fad   Thumb Code   922  stm32f4xx_hal_gpio.o(.text.HAL_GPIO_Init)
    HAL_GPIO_WritePin                        0x08001349   Thumb Code    46  stm32f4xx_hal_gpio.o(.text.HAL_GPIO_WritePin)
    HAL_GetTick                              0x08001379   Thumb Code    12  stm32f4xx_hal.o(.text.HAL_GetTick)
    HAL_IncTick                              0x08001385   Thumb Code    26  stm32f4xx_hal.o(.text.HAL_IncTick)
    HAL_Init                                 0x080013a1   Thumb Code    60  stm32f4xx_hal.o(.text.HAL_Init)
    HAL_InitTick                             0x080013dd   Thumb Code   112  stm32f4xx_hal.o(.text.HAL_InitTick)
    HAL_MspInit                              0x0800144d   Thumb Code    82  stm32f4xx_hal_msp.o(.text.HAL_MspInit)
    HAL_NVIC_EnableIRQ                       0x080014a1   Thumb Code    20  stm32f4xx_hal_cortex.o(.text.HAL_NVIC_EnableIRQ)
    HAL_NVIC_SetPriority                     0x080014b5   Thumb Code    50  stm32f4xx_hal_cortex.o(.text.HAL_NVIC_SetPriority)
    HAL_NVIC_SetPriorityGrouping             0x080014e9   Thumb Code    16  stm32f4xx_hal_cortex.o(.text.HAL_NVIC_SetPriorityGrouping)
    HAL_RCC_ClockConfig                      0x080014f9   Thumb Code   610  stm32f4xx_hal_rcc.o(.text.HAL_RCC_ClockConfig)
    HAL_RCC_GetHCLKFreq                      0x0800175d   Thumb Code    12  stm32f4xx_hal_rcc.o(.text.HAL_RCC_GetHCLKFreq)
    HAL_RCC_GetPCLK1Freq                     0x08001769   Thumb Code    34  stm32f4xx_hal_rcc.o(.text.HAL_RCC_GetPCLK1Freq)
    HAL_RCC_GetPCLK2Freq                     0x0800178d   Thumb Code    34  stm32f4xx_hal_rcc.o(.text.HAL_RCC_GetPCLK2Freq)
    HAL_RCC_GetSysClockFreq                  0x080017b1   Thumb Code   368  stm32f4xx_hal_rcc_ex.o(.text.HAL_RCC_GetSysClockFreq)
    HAL_RCC_OscConfig                        0x08001921   Thumb Code  1830  stm32f4xx_hal_rcc_ex.o(.text.HAL_RCC_OscConfig)
    HAL_SPI_ErrorCallback                    0x08002049   Thumb Code     8  stm32f4xx_hal_spi.o(.text.HAL_SPI_ErrorCallback)
    HAL_SPI_IRQHandler                       0x08002051   Thumb Code   560  stm32f4xx_hal_spi.o(.text.HAL_SPI_IRQHandler)
    HAL_SPI_Init                             0x08002281   Thumb Code   258  stm32f4xx_hal_spi.o(.text.HAL_SPI_Init)
    HAL_SPI_MspInit                          0x08002385   Thumb Code   246  spi.o(.text.HAL_SPI_MspInit)
    HAL_SPI_Transmit                         0x0800247d   Thumb Code   674  stm32f4xx_hal_spi.o(.text.HAL_SPI_Transmit)
    HAL_SPI_Transmit_DMA                     0x08002721   Thumb Code   364  stm32f4xx_hal_spi.o(.text.HAL_SPI_Transmit_DMA)
    HAL_SPI_TxCpltCallback                   0x0800288d   Thumb Code     8  stm32f4xx_hal_spi.o(.text.HAL_SPI_TxCpltCallback)
    HAL_SPI_TxHalfCpltCallback               0x08002895   Thumb Code     8  stm32f4xx_hal_spi.o(.text.HAL_SPI_TxHalfCpltCallback)
    HAL_SYSTICK_Config                       0x0800289d   Thumb Code    16  stm32f4xx_hal_cortex.o(.text.HAL_SYSTICK_Config)
    HAL_UART_Init                            0x080028ad   Thumb Code   158  stm32f4xx_hal_uart.o(.text.HAL_UART_Init)
    HAL_UART_MspInit                         0x0800294d   Thumb Code   142  usart.o(.text.HAL_UART_MspInit)
    HardFault_Handler                        0x080029dd   Thumb Code     4  stm32f4xx_it.o(.text.HardFault_Handler)
    MX_DMA_Init                              0x080029e1   Thumb Code    60  dma.o(.text.MX_DMA_Init)
    MX_GPIO_Init                             0x08002a1d   Thumb Code   276  gpio.o(.text.MX_GPIO_Init)
    MX_SPI1_Init                             0x08002b31   Thumb Code    78  spi.o(.text.MX_SPI1_Init)
    MX_USART2_UART_Init                      0x08002b81   Thumb Code    64  usart.o(.text.MX_USART2_UART_Init)
    MemManage_Handler                        0x08002bc1   Thumb Code     4  stm32f4xx_it.o(.text.MemManage_Handler)
    NMI_Handler                              0x08002bc5   Thumb Code     4  stm32f4xx_it.o(.text.NMI_Handler)
    PendSV_Handler                           0x08002c35   Thumb Code     2  stm32f4xx_it.o(.text.PendSV_Handler)
    SPI1_IRQHandler                          0x08002c39   Thumb Code    16  stm32f4xx_it.o(.text.SPI1_IRQHandler)
    SVC_Handler                              0x08002f55   Thumb Code     2  stm32f4xx_it.o(.text.SVC_Handler)
    SysTick_Handler                          0x08002fad   Thumb Code     8  stm32f4xx_it.o(.text.SysTick_Handler)
    SystemClock_Config                       0x08002fb5   Thumb Code   184  main.o(.text.SystemClock_Config)
    SystemInit                               0x0800306d   Thumb Code    18  system_stm32f4xx.o(.text.SystemInit)
    UsageFault_Handler                       0x080031bd   Thumb Code     4  stm32f4xx_it.o(.text.UsageFault_Handler)
    draw_all_ball_3D                         0x08003281   Thumb Code    68  ball.o(.text.draw_all_ball_3D)
    draw_ball_3D                             0x080032c9   Thumb Code   520  ball.o(.text.draw_ball_3D)
    ili9341_draw_pixel                       0x08003631   Thumb Code   136  ili9341_gfx.o(.text.ili9341_draw_pixel)
    ili9341_fill_rect                        0x080036b9   Thumb Code   306  ili9341_gfx.o(.text.ili9341_fill_rect)
    ili9341_fill_screen                      0x080037ed   Thumb Code    42  ili9341_gfx.o(.text.ili9341_fill_screen)
    ili9341_new                              0x08003b85   Thumb Code   742  ili9341.o(.text.ili9341_new)
    ili9341_spi_slave_release                0x08003f4d   Thumb Code    52  ili9341.o(.text.ili9341_spi_slave_release)
    ili9341_spi_slave_select                 0x08003f81   Thumb Code    52  ili9341.o(.text.ili9341_spi_slave_select)
    ili9341_spi_tft_release                  0x08003fb5   Thumb Code    22  ili9341.o(.text.ili9341_spi_tft_release)
    ili9341_spi_tft_select                   0x08003fcd   Thumb Code    22  ili9341.o(.text.ili9341_spi_tft_select)
    ili9341_spi_tft_set_address_rect         0x08003fe5   Thumb Code   162  ili9341_gfx.o(.text.ili9341_spi_tft_set_address_rect)
    ili9341_spi_touch_release                0x08004089   Thumb Code    22  ili9341.o(.text.ili9341_spi_touch_release)
    ili9341_spi_touch_select                 0x080040a1   Thumb Code    22  ili9341.o(.text.ili9341_spi_touch_select)
    ili9341_spi_write_command                0x080040b9   Thumb Code   112  ili9341.o(.text.ili9341_spi_write_command)
    ili9341_spi_write_command_data           0x08004129   Thumb Code   120  ili9341.o(.text.ili9341_spi_write_command_data)
    ili9341_spi_write_data                   0x080041a1   Thumb Code   114  ili9341.o(.text.ili9341_spi_write_data)
    ili9341_transmit_color                   0x08004215   Thumb Code    72  ili9341_gfx.o(.text.ili9341_transmit_color)
    ili9341_transmit_wait                    0x0800425d   Thumb Code    38  ili9341_gfx.o(.text.ili9341_transmit_wait)
    main                                     0x08004285   Thumb Code   236  main.o(.text.main)
    update_rand                              0x08004371   Thumb Code    26  main.o(.text.update_rand)
    __hardfp_sqrt                            0x0800438b   Thumb Code   122  sqrt.o(i.__hardfp_sqrt)
    __aeabi_ddiv                             0x08004405   Thumb Code     0  ddiv.o(x$fpl$ddiv)
    _ddiv                                    0x08004405   Thumb Code   560  ddiv.o(x$fpl$ddiv)
    __aeabi_d2iz                             0x080046bd   Thumb Code     0  dfix.o(x$fpl$dfix)
    _dfix                                    0x080046bd   Thumb Code    94  dfix.o(x$fpl$dfix)
    __aeabi_i2d                              0x0800471b   Thumb Code     0  dflt_clz.o(x$fpl$dflt)
    _dflt                                    0x0800471b   Thumb Code    46  dflt_clz.o(x$fpl$dflt)
    __aeabi_dmul                             0x08004749   Thumb Code     0  dmul.o(x$fpl$dmul)
    _dmul                                    0x08004749   Thumb Code   332  dmul.o(x$fpl$dmul)
    __fpl_dnaninf                            0x0800489d   Thumb Code   156  dnaninf.o(x$fpl$dnaninf)
    __fpl_dretinf                            0x08004939   Thumb Code    12  dretinf.o(x$fpl$dretinf)
    _dsqrt                                   0x08004945   Thumb Code   404  dsqrt_umaal.o(x$fpl$dsqrt)
    _fp_init                                 0x08004add   Thumb Code    26  fpinit.o(x$fpl$fpinit)
    __fplib_config_fpu_vfp                   0x08004af5   Thumb Code     0  fpinit.o(x$fpl$fpinit)
    __fplib_config_pureend_doubles           0x08004af5   Thumb Code     0  fpinit.o(x$fpl$fpinit)
    AHBPrescTable                            0x08004af6   Data          16  system_stm32f4xx.o(.rodata.AHBPrescTable)
    __I$use$fp                               0x08004af6   Number         0  usenofp.o(x$fpl$usenofp)
    APBPrescTable                            0x08004b06   Data           8  system_stm32f4xx.o(.rodata.APBPrescTable)
    ILI9341_BLACK                            0x08004b16   Data           2  ili9341_gfx.o(.rodata.ILI9341_BLACK)
    ILI9341_GREEN                            0x08004b18   Data           2  ili9341_gfx.o(.rodata.ILI9341_GREEN)
    Region$$Table$$Base                      0x08004b1c   Number         0  anon$$obj.o(Region$$Table)
    Region$$Table$$Limit                     0x08004b3c   Number         0  anon$$obj.o(Region$$Table)
    SystemCoreClock                          0x20000000   Data           4  system_stm32f4xx.o(.data.SystemCoreClock)
    uwTickFreq                               0x20000004   Data           1  stm32f4xx_hal.o(.data.uwTickFreq)
    uwTickPrio                               0x20000008   Data           4  stm32f4xx_hal.o(.data.uwTickPrio)
    _random_number_data                      0x20000010   Data         228  rand.o(.bss)
    __libspace_start                         0x200000f4   Data          96  libspace.o(.bss)
    __temporary_stack_top$libspace           0x20000154   Data           0  libspace.o(.bss)
    _screen                                  0x20000154   Data           4  main.o(.bss._screen)
    hdma_spi1_tx                             0x20000158   Data          96  spi.o(.bss.hdma_spi1_tx)
    hspi1                                    0x200001b8   Data          88  spi.o(.bss.hspi1)
    huart2                                   0x20000210   Data          72  usart.o(.bss.huart2)
    myball_array                             0x20000258   Data          48  main.o(.bss.myball_array)
    uwTick                                   0x20000a88   Data           4  stm32f4xx_hal.o(.bss.uwTick)



==============================================================================

Memory Map of the image

  Image Entry point : 0x080001c5

  Load Region LR_IROM1 (Base: 0x08000000, Size: 0x00004b50, Max: 0x00080000, ABSOLUTE)

    Execution Region ER_IROM1 (Exec base: 0x08000000, Load base: 0x08000000, Size: 0x00004b3c, Max: 0x00080000, ABSOLUTE)

    Exec Addr    Load Addr    Size         Type   Attr      Idx    E Section Name        Object

    0x08000000   0x08000000   0x000001c4   Data   RO            3    RESET               startup_stm32f446xx.o
    0x080001c4   0x080001c4   0x00000008   Code   RO         1079  * !!!main             c_w.l(__main.o)
    0x080001cc   0x080001cc   0x0000005c   Code   RO         1352    !!!scatter          c_w.l(__scatter.o)
    0x08000228   0x08000228   0x0000001a   Code   RO         1356    !!handler_copy      c_w.l(__scatter_copy.o)
    0x08000242   0x08000242   0x00000002   PAD
    0x08000244   0x08000244   0x00000002   Code   RO         1353    !!handler_null      c_w.l(__scatter.o)
    0x08000246   0x08000246   0x00000002   PAD
    0x08000248   0x08000248   0x0000001c   Code   RO         1358    !!handler_zi        c_w.l(__scatter_zi.o)
    0x08000264   0x08000264   0x00000002   Code   RO         1287    .ARM.Collect$$libinit$$00000000  c_w.l(libinit.o)
    0x08000266   0x08000266   0x00000004   Code   RO         1155    .ARM.Collect$$libinit$$00000001  c_w.l(libinit2.o)
    0x0800026a   0x0800026a   0x00000000   Code   RO         1158    .ARM.Collect$$libinit$$00000004  c_w.l(libinit2.o)
    0x0800026a   0x0800026a   0x00000000   Code   RO         1160    .ARM.Collect$$libinit$$00000006  c_w.l(libinit2.o)
    0x0800026a   0x0800026a   0x00000008   Code   RO         1161    .ARM.Collect$$libinit$$00000007  c_w.l(libinit2.o)
    0x08000272   0x08000272   0x00000000   Code   RO         1163    .ARM.Collect$$libinit$$0000000C  c_w.l(libinit2.o)
    0x08000272   0x08000272   0x00000000   Code   RO         1165    .ARM.Collect$$libinit$$0000000E  c_w.l(libinit2.o)
    0x08000272   0x08000272   0x00000004   Code   RO         1166    .ARM.Collect$$libinit$$0000000F  c_w.l(libinit2.o)
    0x08000276   0x08000276   0x00000000   Code   RO         1167    .ARM.Collect$$libinit$$00000010  c_w.l(libinit2.o)
    0x08000276   0x08000276   0x00000000   Code   RO         1170    .ARM.Collect$$libinit$$00000013  c_w.l(libinit2.o)
    0x08000276   0x08000276   0x00000000   Code   RO         1172    .ARM.Collect$$libinit$$00000015  c_w.l(libinit2.o)
    0x08000276   0x08000276   0x00000000   Code   RO         1174    .ARM.Collect$$libinit$$00000017  c_w.l(libinit2.o)
    0x08000276   0x08000276   0x00000000   Code   RO         1176    .ARM.Collect$$libinit$$00000019  c_w.l(libinit2.o)
    0x08000276   0x08000276   0x00000000   Code   RO         1178    .ARM.Collect$$libinit$$0000001B  c_w.l(libinit2.o)
    0x08000276   0x08000276   0x00000000   Code   RO         1180    .ARM.Collect$$libinit$$0000001D  c_w.l(libinit2.o)
    0x08000276   0x08000276   0x00000000   Code   RO         1182    .ARM.Collect$$libinit$$0000001F  c_w.l(libinit2.o)
    0x08000276   0x08000276   0x00000000   Code   RO         1184    .ARM.Collect$$libinit$$00000021  c_w.l(libinit2.o)
    0x08000276   0x08000276   0x00000000   Code   RO         1186    .ARM.Collect$$libinit$$00000023  c_w.l(libinit2.o)
    0x08000276   0x08000276   0x00000000   Code   RO         1188    .ARM.Collect$$libinit$$00000025  c_w.l(libinit2.o)
    0x08000276   0x08000276   0x00000000   Code   RO         1190    .ARM.Collect$$libinit$$00000027  c_w.l(libinit2.o)
    0x08000276   0x08000276   0x00000000   Code   RO         1194    .ARM.Collect$$libinit$$0000002E  c_w.l(libinit2.o)
    0x08000276   0x08000276   0x00000000   Code   RO         1196    .ARM.Collect$$libinit$$00000030  c_w.l(libinit2.o)
    0x08000276   0x08000276   0x00000000   Code   RO         1198    .ARM.Collect$$libinit$$00000032  c_w.l(libinit2.o)
    0x08000276   0x08000276   0x00000000   Code   RO         1200    .ARM.Collect$$libinit$$00000034  c_w.l(libinit2.o)
    0x08000276   0x08000276   0x00000002   Code   RO         1201    .ARM.Collect$$libinit$$00000035  c_w.l(libinit2.o)
    0x08000278   0x08000278   0x00000002   Code   RO         1349    .ARM.Collect$$libshutdown$$00000000  c_w.l(libshutdown.o)
    0x0800027a   0x0800027a   0x00000000   Code   RO         1305    .ARM.Collect$$libshutdown$$00000002  c_w.l(libshutdown2.o)
    0x0800027a   0x0800027a   0x00000000   Code   RO         1307    .ARM.Collect$$libshutdown$$00000004  c_w.l(libshutdown2.o)
    0x0800027a   0x0800027a   0x00000000   Code   RO         1310    .ARM.Collect$$libshutdown$$00000007  c_w.l(libshutdown2.o)
    0x0800027a   0x0800027a   0x00000000   Code   RO         1313    .ARM.Collect$$libshutdown$$0000000A  c_w.l(libshutdown2.o)
    0x0800027a   0x0800027a   0x00000000   Code   RO         1315    .ARM.Collect$$libshutdown$$0000000C  c_w.l(libshutdown2.o)
    0x0800027a   0x0800027a   0x00000000   Code   RO         1318    .ARM.Collect$$libshutdown$$0000000F  c_w.l(libshutdown2.o)
    0x0800027a   0x0800027a   0x00000002   Code   RO         1319    .ARM.Collect$$libshutdown$$00000010  c_w.l(libshutdown2.o)
    0x0800027c   0x0800027c   0x00000000   Code   RO         1115    .ARM.Collect$$rtentry$$00000000  c_w.l(__rtentry.o)
    0x0800027c   0x0800027c   0x00000000   Code   RO         1219    .ARM.Collect$$rtentry$$00000002  c_w.l(__rtentry2.o)
    0x0800027c   0x0800027c   0x00000006   Code   RO         1231    .ARM.Collect$$rtentry$$00000004  c_w.l(__rtentry4.o)
    0x08000282   0x08000282   0x00000000   Code   RO         1221    .ARM.Collect$$rtentry$$00000009  c_w.l(__rtentry2.o)
    0x08000282   0x08000282   0x00000004   Code   RO         1222    .ARM.Collect$$rtentry$$0000000A  c_w.l(__rtentry2.o)
    0x08000286   0x08000286   0x00000000   Code   RO         1224    .ARM.Collect$$rtentry$$0000000C  c_w.l(__rtentry2.o)
    0x08000286   0x08000286   0x00000008   Code   RO         1225    .ARM.Collect$$rtentry$$0000000D  c_w.l(__rtentry2.o)
    0x0800028e   0x0800028e   0x00000002   Code   RO         1292    .ARM.Collect$$rtexit$$00000000  c_w.l(rtexit.o)
    0x08000290   0x08000290   0x00000000   Code   RO         1325    .ARM.Collect$$rtexit$$00000002  c_w.l(rtexit2.o)
    0x08000290   0x08000290   0x00000004   Code   RO         1326    .ARM.Collect$$rtexit$$00000003  c_w.l(rtexit2.o)
    0x08000294   0x08000294   0x00000006   Code   RO         1327    .ARM.Collect$$rtexit$$00000004  c_w.l(rtexit2.o)
    0x0800029a   0x0800029a   0x00000002   PAD
    0x0800029c   0x0800029c   0x00000034   Code   RO         1070    .emb_text           c_w.l(rand.o)
    0x080002d0   0x080002d0   0x00000040   Code   RO            4    .text               startup_stm32f446xx.o
    0x08000310   0x08000310   0x000000b8   Code   RO          260    .text               asm_update_my_ball_array.o
    0x080003c8   0x080003c8   0x0000005e   Code   RO         1014    .text               c_w.l(h1_alloc.o)
    0x08000426   0x08000426   0x000000f0   Code   RO         1068    .text               c_w.l(lludivv7m.o)
    0x08000516   0x08000516   0x00000002   PAD
    0x08000518   0x08000518   0x0000003c   Code   RO         1071    .text               c_w.l(rand.o)
    0x08000554   0x08000554   0x0000004e   Code   RO         1075    .text               c_w.l(rt_memclr_w.o)
    0x080005a2   0x080005a2   0x00000006   Code   RO         1077    .text               c_w.l(heapauxi.o)
    0x080005a8   0x080005a8   0x00000008   Code   RO         1123    .text               c_w.l(rt_heap_descriptor_intlibspace.o)
    0x080005b0   0x080005b0   0x00000004   Code   RO         1125    .text               c_w.l(hguard.o)
    0x080005b4   0x080005b4   0x0000008a   Code   RO         1127    .text               c_w.l(init_alloc.o)
    0x0800063e   0x0800063e   0x0000000c   Code   RO         1133    .text               c_w.l(h1_init.o)
    0x0800064a   0x0800064a   0x0000004e   Code   RO         1135    .text               c_w.l(h1_free.o)
    0x08000698   0x08000698   0x00000016   Code   RO         1149    .text               c_w.l(_rserrno.o)
    0x080006ae   0x080006ae   0x00000002   PAD
    0x080006b0   0x080006b0   0x00000008   Code   RO         1215    .text               c_w.l(libspace.o)
    0x080006b8   0x080006b8   0x00000008   Code   RO         1238    .text               c_w.l(rt_errno_addr_intlibspace.o)
    0x080006c0   0x080006c0   0x00000000   Code   RO         1242    .text               c_w.l(maybetermalloc1.o)
    0x080006c0   0x080006c0   0x00000034   Code   RO         1244    .text               c_w.l(h1_extend.o)
    0x080006f4   0x080006f4   0x0000000e   Code   RO         1248    .text               c_w.l(defsig_rtmem_outer.o)
    0x08000702   0x08000702   0x00000002   Code   RO         1259    .text               c_w.l(use_no_semi.o)
    0x08000704   0x08000704   0x00000000   Code   RO         1261    .text               c_w.l(indicate_semi.o)
    0x08000704   0x08000704   0x0000004a   Code   RO         1262    .text               c_w.l(sys_stackheap_outer.o)
    0x0800074e   0x0800074e   0x00000012   Code   RO         1268    .text               c_w.l(exit.o)
    0x08000760   0x08000760   0x0000000a   Code   RO         1270    .text               c_w.l(defsig_exit.o)
    0x0800076a   0x0800076a   0x00000002   PAD
    0x0800076c   0x0800076c   0x00000050   Code   RO         1276    .text               c_w.l(defsig_rtmem_inner.o)
    0x080007bc   0x080007bc   0x0000000c   Code   RO         1288    .text               c_w.l(sys_exit.o)
    0x080007c8   0x080007c8   0x00000032   Code   RO         1300    .text               c_w.l(defsig_general.o)
    0x080007fa   0x080007fa   0x0000000e   Code   RO         1320    .text               c_w.l(sys_wrch.o)
    0x08000808   0x08000808   0x00000004   Code   RO          215    .text.BusFault_Handler  stm32f4xx_it.o
    0x0800080c   0x0800080c   0x00000010   Code   RO          229    .text.DMA2_Stream3_IRQHandler  stm32f4xx_it.o
    0x0800081c   0x0800081c   0x00000056   Code   RO          598    .text.DMA_CalcBaseAndBitshift  stm32f4xx_hal_dma.o
    0x08000872   0x08000872   0x00000002   PAD
    0x08000874   0x08000874   0x000000f0   Code   RO          596    .text.DMA_CheckFifoParam  stm32f4xx_hal_dma.o
    0x08000964   0x08000964   0x00000050   Code   RO          604    .text.DMA_SetConfig  stm32f4xx_hal_dma.o
    0x080009b4   0x080009b4   0x00000002   Code   RO          221    .text.DebugMon_Handler  stm32f4xx_it.o
    0x080009b6   0x080009b6   0x00000002   PAD
    0x080009b8   0x080009b8   0x00000006   Code   RO          152    .text.Error_Handler  main.o
    0x080009be   0x080009be   0x00000002   PAD
    0x080009c0   0x080009c0   0x00000044   Code   RO          610    .text.HAL_DMA_Abort_IT  stm32f4xx_hal_dma.o
    0x08000a04   0x08000a04   0x0000000e   Code   RO          620    .text.HAL_DMA_GetState  stm32f4xx_hal_dma.o
    0x08000a12   0x08000a12   0x00000002   PAD
    0x08000a14   0x08000a14   0x0000031e   Code   RO          614    .text.HAL_DMA_IRQHandler  stm32f4xx_hal_dma.o
    0x08000d32   0x08000d32   0x00000002   PAD
    0x08000d34   0x08000d34   0x0000016e   Code   RO          594    .text.HAL_DMA_Init  stm32f4xx_hal_dma.o
    0x08000ea2   0x08000ea2   0x00000002   PAD
    0x08000ea4   0x08000ea4   0x000000c2   Code   RO          606    .text.HAL_DMA_Start_IT  stm32f4xx_hal_dma.o
    0x08000f66   0x08000f66   0x00000002   PAD
    0x08000f68   0x08000f68   0x00000042   Code   RO          795    .text.HAL_Delay     stm32f4xx_hal.o
    0x08000faa   0x08000faa   0x00000002   PAD
    0x08000fac   0x08000fac   0x0000039a   Code   RO          556    .text.HAL_GPIO_Init  stm32f4xx_hal_gpio.o
    0x08001346   0x08001346   0x00000002   PAD
    0x08001348   0x08001348   0x0000002e   Code   RO          562    .text.HAL_GPIO_WritePin  stm32f4xx_hal_gpio.o
    0x08001376   0x08001376   0x00000002   PAD
    0x08001378   0x08001378   0x0000000c   Code   RO          787    .text.HAL_GetTick   stm32f4xx_hal.o
    0x08001384   0x08001384   0x0000001a   Code   RO          785    .text.HAL_IncTick   stm32f4xx_hal.o
    0x0800139e   0x0800139e   0x00000002   PAD
    0x080013a0   0x080013a0   0x0000003c   Code   RO          775    .text.HAL_Init      stm32f4xx_hal.o
    0x080013dc   0x080013dc   0x00000070   Code   RO          777    .text.HAL_InitTick  stm32f4xx_hal.o
    0x0800144c   0x0800144c   0x00000052   Code   RO          238    .text.HAL_MspInit   stm32f4xx_hal_msp.o
    0x0800149e   0x0800149e   0x00000002   PAD
    0x080014a0   0x080014a0   0x00000014   Code   RO          710    .text.HAL_NVIC_EnableIRQ  stm32f4xx_hal_cortex.o
    0x080014b4   0x080014b4   0x00000032   Code   RO          702    .text.HAL_NVIC_SetPriority  stm32f4xx_hal_cortex.o
    0x080014e6   0x080014e6   0x00000002   PAD
    0x080014e8   0x080014e8   0x00000010   Code   RO          698    .text.HAL_NVIC_SetPriorityGrouping  stm32f4xx_hal_cortex.o
    0x080014f8   0x080014f8   0x00000262   Code   RO          386    .text.HAL_RCC_ClockConfig  stm32f4xx_hal_rcc.o
    0x0800175a   0x0800175a   0x00000002   PAD
    0x0800175c   0x0800175c   0x0000000c   Code   RO          396    .text.HAL_RCC_GetHCLKFreq  stm32f4xx_hal_rcc.o
    0x08001768   0x08001768   0x00000022   Code   RO          398    .text.HAL_RCC_GetPCLK1Freq  stm32f4xx_hal_rcc.o
    0x0800178a   0x0800178a   0x00000002   PAD
    0x0800178c   0x0800178c   0x00000022   Code   RO          400    .text.HAL_RCC_GetPCLK2Freq  stm32f4xx_hal_rcc.o
    0x080017ae   0x080017ae   0x00000002   PAD
    0x080017b0   0x080017b0   0x00000170   Code   RO          433    .text.HAL_RCC_GetSysClockFreq  stm32f4xx_hal_rcc_ex.o
    0x08001920   0x08001920   0x00000726   Code   RO          437    .text.HAL_RCC_OscConfig  stm32f4xx_hal_rcc_ex.o
    0x08002046   0x08002046   0x00000002   PAD
    0x08002048   0x08002048   0x00000008   Code   RO          349    .text.HAL_SPI_ErrorCallback  stm32f4xx_hal_spi.o
    0x08002050   0x08002050   0x00000230   Code   RO          345    .text.HAL_SPI_IRQHandler  stm32f4xx_hal_spi.o
    0x08002280   0x08002280   0x00000102   Code   RO          265    .text.HAL_SPI_Init  stm32f4xx_hal_spi.o
    0x08002382   0x08002382   0x00000002   PAD
    0x08002384   0x08002384   0x000000f6   Code   RO          182    .text.HAL_SPI_MspInit  spi.o
    0x0800247a   0x0800247a   0x00000002   PAD
    0x0800247c   0x0800247c   0x000002a2   Code   RO          273    .text.HAL_SPI_Transmit  stm32f4xx_hal_spi.o
    0x0800271e   0x0800271e   0x00000002   PAD
    0x08002720   0x08002720   0x0000016c   Code   RO          305    .text.HAL_SPI_Transmit_DMA  stm32f4xx_hal_spi.o
    0x0800288c   0x0800288c   0x00000008   Code   RO          351    .text.HAL_SPI_TxCpltCallback  stm32f4xx_hal_spi.o
    0x08002894   0x08002894   0x00000008   Code   RO          357    .text.HAL_SPI_TxHalfCpltCallback  stm32f4xx_hal_spi.o
    0x0800289c   0x0800289c   0x00000010   Code   RO          722    .text.HAL_SYSTICK_Config  stm32f4xx_hal_cortex.o
    0x080028ac   0x080028ac   0x0000009e   Code   RO          866    .text.HAL_UART_Init  stm32f4xx_hal_uart.o
    0x0800294a   0x0800294a   0x00000002   PAD
    0x0800294c   0x0800294c   0x0000008e   Code   RO          197    .text.HAL_UART_MspInit  usart.o
    0x080029da   0x080029da   0x00000002   PAD
    0x080029dc   0x080029dc   0x00000004   Code   RO          211    .text.HardFault_Handler  stm32f4xx_it.o
    0x080029e0   0x080029e0   0x0000003c   Code   RO          172    .text.MX_DMA_Init   dma.o
    0x08002a1c   0x08002a1c   0x00000114   Code   RO          164    .text.MX_GPIO_Init  gpio.o
    0x08002b30   0x08002b30   0x0000004e   Code   RO          180    .text.MX_SPI1_Init  spi.o
    0x08002b7e   0x08002b7e   0x00000002   PAD
    0x08002b80   0x08002b80   0x00000040   Code   RO          195    .text.MX_USART2_UART_Init  usart.o
    0x08002bc0   0x08002bc0   0x00000004   Code   RO          213    .text.MemManage_Handler  stm32f4xx_it.o
    0x08002bc4   0x08002bc4   0x00000004   Code   RO          209    .text.NMI_Handler   stm32f4xx_it.o
    0x08002bc8   0x08002bc8   0x0000006c   Code   RO          708    .text.NVIC_EncodePriority  stm32f4xx_hal_cortex.o
    0x08002c34   0x08002c34   0x00000002   Code   RO          223    .text.PendSV_Handler  stm32f4xx_it.o
    0x08002c36   0x08002c36   0x00000002   PAD
    0x08002c38   0x08002c38   0x00000010   Code   RO          227    .text.SPI1_IRQHandler  stm32f4xx_it.o
    0x08002c48   0x08002c48   0x00000020   Code   RO          347    .text.SPI_DMAAbortOnError  stm32f4xx_hal_spi.o
    0x08002c68   0x08002c68   0x00000034   Code   RO          311    .text.SPI_DMAError  stm32f4xx_hal_spi.o
    0x08002c9c   0x08002c9c   0x00000016   Code   RO          307    .text.SPI_DMAHalfTransmitCplt  stm32f4xx_hal_spi.o
    0x08002cb2   0x08002cb2   0x00000002   PAD
    0x08002cb4   0x08002cb4   0x000000a6   Code   RO          309    .text.SPI_DMATransmitCplt  stm32f4xx_hal_spi.o
    0x08002d5a   0x08002d5a   0x00000002   PAD
    0x08002d5c   0x08002d5c   0x000000cc   Code   RO          275    .text.SPI_EndRxTxTransaction  stm32f4xx_hal_spi.o
    0x08002e28   0x08002e28   0x0000012a   Code   RO          373    .text.SPI_WaitFlagStateUntilTimeout  stm32f4xx_hal_spi.o
    0x08002f52   0x08002f52   0x00000002   PAD
    0x08002f54   0x08002f54   0x00000002   Code   RO          219    .text.SVC_Handler   stm32f4xx_it.o
    0x08002f56   0x08002f56   0x00000002   PAD
    0x08002f58   0x08002f58   0x00000052   Code   RO          724    .text.SysTick_Config  stm32f4xx_hal_cortex.o
    0x08002faa   0x08002faa   0x00000002   PAD
    0x08002fac   0x08002fac   0x00000008   Code   RO          225    .text.SysTick_Handler  stm32f4xx_it.o
    0x08002fb4   0x08002fb4   0x000000b8   Code   RO          150    .text.SystemClock_Config  main.o
    0x0800306c   0x0800306c   0x00000012   Code   RO          997    .text.SystemInit    system_stm32f4xx.o
    0x0800307e   0x0800307e   0x00000002   PAD
    0x08003080   0x08003080   0x0000013a   Code   RO          870    .text.UART_SetConfig  stm32f4xx_hal_uart.o
    0x080031ba   0x080031ba   0x00000002   PAD
    0x080031bc   0x080031bc   0x00000004   Code   RO          217    .text.UsageFault_Handler  stm32f4xx_it.o
    0x080031c0   0x080031c0   0x00000030   Code   RO          712    .text.__NVIC_EnableIRQ  stm32f4xx_hal_cortex.o
    0x080031f0   0x080031f0   0x00000010   Code   RO          704    .text.__NVIC_GetPriorityGrouping  stm32f4xx_hal_cortex.o
    0x08003200   0x08003200   0x00000042   Code   RO          706    .text.__NVIC_SetPriority  stm32f4xx_hal_cortex.o
    0x08003242   0x08003242   0x00000002   PAD
    0x08003244   0x08003244   0x0000003c   Code   RO          700    .text.__NVIC_SetPriorityGrouping  stm32f4xx_hal_cortex.o
    0x08003280   0x08003280   0x00000044   Code   RO          248    .text.draw_all_ball_3D  ball.o
    0x080032c4   0x080032c4   0x00000004   PAD
    0x080032c8   0x080032c8   0x00000210   Code   RO          246    .text.draw_ball_3D  ball.o
    0x080034d8   0x080034d8   0x00000158   Code   RO           94    .text.ili9341_clip_rect  ili9341_gfx.o
    0x08003630   0x08003630   0x00000088   Code   RO           92    .text.ili9341_draw_pixel  ili9341_gfx.o
    0x080036b8   0x080036b8   0x00000132   Code   RO           98    .text.ili9341_fill_rect  ili9341_gfx.o
    0x080037ea   0x080037ea   0x00000002   PAD
    0x080037ec   0x080037ec   0x0000002a   Code   RO          108    .text.ili9341_fill_screen  ili9341_gfx.o
    0x08003816   0x08003816   0x00000002   PAD
    0x08003818   0x08003818   0x0000036c   Code   RO           15    .text.ili9341_initialize  ili9341.o
    0x08003b84   0x08003b84   0x000002e6   Code   RO           11    .text.ili9341_new   ili9341.o
    0x08003e6a   0x08003e6a   0x00000002   PAD
    0x08003e6c   0x08003e6c   0x00000034   Code   RO           57    .text.ili9341_reset  ili9341.o
    0x08003ea0   0x08003ea0   0x00000046   Code   RO           59    .text.ili9341_screen_rotation  ili9341.o
    0x08003ee6   0x08003ee6   0x00000002   PAD
    0x08003ee8   0x08003ee8   0x00000064   Code   RO           13    .text.ili9341_screen_size  ili9341.o
    0x08003f4c   0x08003f4c   0x00000034   Code   RO           43    .text.ili9341_spi_slave_release  ili9341.o
    0x08003f80   0x08003f80   0x00000034   Code   RO           41    .text.ili9341_spi_slave_select  ili9341.o
    0x08003fb4   0x08003fb4   0x00000016   Code   RO           39    .text.ili9341_spi_tft_release  ili9341.o
    0x08003fca   0x08003fca   0x00000002   PAD
    0x08003fcc   0x08003fcc   0x00000016   Code   RO           37    .text.ili9341_spi_tft_select  ili9341.o
    0x08003fe2   0x08003fe2   0x00000002   PAD
    0x08003fe4   0x08003fe4   0x000000a2   Code   RO           86    .text.ili9341_spi_tft_set_address_rect  ili9341_gfx.o
    0x08004086   0x08004086   0x00000002   PAD
    0x08004088   0x08004088   0x00000016   Code   RO           29    .text.ili9341_spi_touch_release  ili9341.o
    0x0800409e   0x0800409e   0x00000002   PAD
    0x080040a0   0x080040a0   0x00000016   Code   RO           27    .text.ili9341_spi_touch_select  ili9341.o
    0x080040b6   0x080040b6   0x00000002   PAD
    0x080040b8   0x080040b8   0x00000070   Code   RO           45    .text.ili9341_spi_write_command  ili9341.o
    0x08004128   0x08004128   0x00000078   Code   RO           51    .text.ili9341_spi_write_command_data  ili9341.o
    0x080041a0   0x080041a0   0x00000072   Code   RO           47    .text.ili9341_spi_write_data  ili9341.o
    0x08004212   0x08004212   0x00000002   PAD
    0x08004214   0x08004214   0x00000048   Code   RO           90    .text.ili9341_transmit_color  ili9341_gfx.o
    0x0800425c   0x0800425c   0x00000026   Code   RO           88    .text.ili9341_transmit_wait  ili9341_gfx.o
    0x08004282   0x08004282   0x00000002   PAD
    0x08004284   0x08004284   0x000000ec   Code   RO          148    .text.main          main.o
    0x08004370   0x08004370   0x0000001a   Code   RO          146    .text.update_rand   main.o
    0x0800438a   0x0800438a   0x0000007a   Code   RO         1107    i.__hardfp_sqrt     m_wm.l(sqrt.o)
    0x08004404   0x08004404   0x000002b8   Code   RO         1088    x$fpl$ddiv          fz_wm.l(ddiv.o)
    0x080046bc   0x080046bc   0x0000005e   Code   RO         1091    x$fpl$dfix          fz_wm.l(dfix.o)
    0x0800471a   0x0800471a   0x0000002e   Code   RO         1096    x$fpl$dflt          fz_wm.l(dflt_clz.o)
    0x08004748   0x08004748   0x00000154   Code   RO         1101    x$fpl$dmul          fz_wm.l(dmul.o)
    0x0800489c   0x0800489c   0x0000009c   Code   RO         1202    x$fpl$dnaninf       fz_wm.l(dnaninf.o)
    0x08004938   0x08004938   0x0000000c   Code   RO         1204    x$fpl$dretinf       fz_wm.l(dretinf.o)
    0x08004944   0x08004944   0x00000198   Code   RO         1206    x$fpl$dsqrt         fz_wm.l(dsqrt_umaal.o)
    0x08004adc   0x08004adc   0x0000001a   Code   RO         1257    x$fpl$fpinit        fz_wm.l(fpinit.o)
    0x08004af6   0x08004af6   0x00000000   Code   RO         1210    x$fpl$usenofp       fz_wm.l(usenofp.o)
    0x08004af6   0x08004af6   0x00000010   Data   RO         1002    .rodata.AHBPrescTable  system_stm32f4xx.o
    0x08004b06   0x08004b06   0x00000008   Data   RO         1003    .rodata.APBPrescTable  system_stm32f4xx.o
    0x08004b0e   0x08004b0e   0x00000008   Data   RO          624    .rodata.DMA_CalcBaseAndBitshift.flagBitshiftOffset  stm32f4xx_hal_dma.o
    0x08004b16   0x08004b16   0x00000002   Data   RO          116    .rodata.ILI9341_BLACK  ili9341_gfx.o
    0x08004b18   0x08004b18   0x00000002   Data   RO          126    .rodata.ILI9341_GREEN  ili9341_gfx.o
    0x08004b1a   0x08004b1a   0x00000002   PAD
    0x08004b1c   0x08004b1c   0x00000020   Data   RO         1351    Region$$Table       anon$$obj.o


    Execution Region RW_IRAM1 (Exec base: 0x20000000, Load base: 0x08004b40, Size: 0x00001090, Max: 0x00020000, ABSOLUTE)

    Exec Addr    Load Addr    Size         Type   Attr      Idx    E Section Name        Object

    0x20000000   0x08004b40   0x00000004   Data   RW         1001    .data.SystemCoreClock  system_stm32f4xx.o
    0x20000004   0x08004b44   0x00000001   Data   RW          830    .data.uwTickFreq    stm32f4xx_hal.o
    0x20000005   0x08004b45   0x00000003   PAD
    0x20000008   0x08004b48   0x00000004   Data   RW          829    .data.uwTickPrio    stm32f4xx_hal.o
    0x2000000c   0x08004b4c   0x00000004   PAD
    0x20000010        -       0x000000e4   Zero   RW         1072    .bss                c_w.l(rand.o)
    0x200000f4        -       0x00000060   Zero   RW         1216    .bss                c_w.l(libspace.o)
    0x20000154        -       0x00000004   Zero   RW          155    .bss._screen        main.o
    0x20000158        -       0x00000060   Zero   RW          187    .bss.hdma_spi1_tx   spi.o
    0x200001b8        -       0x00000058   Zero   RW          186    .bss.hspi1          spi.o
    0x20000210        -       0x00000048   Zero   RW          201    .bss.huart2         usart.o
    0x20000258        -       0x00000030   Zero   RW          154    .bss.myball_array   main.o
    0x20000288        -       0x00000800   Zero   RW          135    .bss.spi_tx_block   ili9341_gfx.o
    0x20000a88        -       0x00000004   Zero   RW          831    .bss.uwTick         stm32f4xx_hal.o
    0x20000a8c   0x08004b4c   0x00000004   PAD
    0x20000a90        -       0x00000200   Zero   RW            2    HEAP                startup_stm32f446xx.o
    0x20000c90        -       0x00000400   Zero   RW            1    STACK               startup_stm32f446xx.o


==============================================================================

Image component sizes


      Code (inc. data)   RO Data    RW Data    ZI Data      Debug   Object Name

       184          6          0          0          0        504   asm_update_my_ball_array.o
       596          8          0          0          0       1635   ball.o
        60          0          0          0          0       3515   dma.o
       276          0          0          0          0       2283   gpio.o
      2378          8          0          0          0      13259   ili9341.o
      1100          0          4          0       2048      14258   ili9341_gfx.o
       452          0          0          0         52       8321   main.o
       324          0          0          0        184       7050   spi.o
        64         26        452          0       1536        860   startup_stm32f446xx.o
       276          0          0          5          4       7341   stm32f4xx_hal.o
       482          0          0          0          0       9859   stm32f4xx_hal_cortex.o
      1846          8          8          0          0       8535   stm32f4xx_hal_dma.o
       968          0          0          0          0       5228   stm32f4xx_hal_gpio.o
        82          0          0          0          0       1618   stm32f4xx_hal_msp.o
       690          0          0          0          0       7728   stm32f4xx_hal_rcc.o
      2198         14          0          0          0      11070   stm32f4xx_hal_rcc_ex.o
      2654          0          0          0          0      19493   stm32f4xx_hal_spi.o
       472          0          0          0          0      20379   stm32f4xx_hal_uart.o
        66          0          0          0          0       1213   stm32f4xx_it.o
        18          0         24          4          0       2648   system_stm32f4xx.o
       206          0          0          0         72       4999   usart.o

    ----------------------------------------------------------------------
     15482         70        522         12       3904     151796   Object Totals
         0          0         32          0          0          0   (incl. Generated)
        90          0          2          3          8          0   (incl. Padding)

    ----------------------------------------------------------------------

      Code (inc. data)   RO Data    RW Data    ZI Data      Debug   Library Member Name

         8          0          0          0          0         68   __main.o
         0          0          0          0          0          0   __rtentry.o
        12          0          0          0          0          0   __rtentry2.o
         6          0          0          0          0          0   __rtentry4.o
        94          8          0          0          0          0   __scatter.o
        26          0          0          0          0          0   __scatter_copy.o
        28          0          0          0          0          0   __scatter_zi.o
        22          0          0          0          0        100   _rserrno.o
        10          0          0          0          0         68   defsig_exit.o
        50          0          0          0          0         88   defsig_general.o
        80         58          0          0          0         76   defsig_rtmem_inner.o
        14          0          0          0          0         80   defsig_rtmem_outer.o
        18          0          0          0          0         80   exit.o
        94          0          0          0          0         80   h1_alloc.o
        52          0          0          0          0         68   h1_extend.o
        78          0          0          0          0         80   h1_free.o
        12          0          0          0          0         84   h1_init.o
         6          0          0          0          0        152   heapauxi.o
         4          0          0          0          0        136   hguard.o
         0          0          0          0          0          0   indicate_semi.o
       138          0          0          0          0        168   init_alloc.o
         2          0          0          0          0          0   libinit.o
        18          0          0          0          0          0   libinit2.o
         2          0          0          0          0          0   libshutdown.o
         2          0          0          0          0          0   libshutdown2.o
         8          4          0          0         96         68   libspace.o
       240          0          0          0          0        100   lludivv7m.o
         0          0          0          0          0          0   maybetermalloc1.o
       112         18          0          0        228        160   rand.o
         8          4          0          0          0         68   rt_errno_addr_intlibspace.o
         8          4          0          0          0         68   rt_heap_descriptor_intlibspace.o
        78          0          0          0          0         80   rt_memclr_w.o
         2          0          0          0          0          0   rtexit.o
        10          0          0          0          0          0   rtexit2.o
        12          4          0          0          0         68   sys_exit.o
        74          0          0          0          0         80   sys_stackheap_outer.o
        14          0          0          0          0         76   sys_wrch.o
         2          0          0          0          0         68   use_no_semi.o
       696        140          0          0          0        264   ddiv.o
        94          4          0          0          0        140   dfix.o
        46          0          0          0          0        116   dflt_clz.o
       340         12          0          0          0        152   dmul.o
       156          4          0          0          0        140   dnaninf.o
        12          0          0          0          0        116   dretinf.o
       408         56          0          0          0        168   dsqrt_umaal.o
        26          0          0          0          0        116   fpinit.o
         0          0          0          0          0          0   usenofp.o
       122          0          0          0          0        148   sqrt.o

    ----------------------------------------------------------------------
      3256        316          0          0        324       3524   Library Totals
        12          0          0          0          0          0   (incl. Padding)

    ----------------------------------------------------------------------

      Code (inc. data)   RO Data    RW Data    ZI Data      Debug   Library Name

      1344        100          0          0        324       2164   c_w.l
      1778        216          0          0          0       1212   fz_wm.l
       122          0          0          0          0        148   m_wm.l

    ----------------------------------------------------------------------
      3256        316          0          0        324       3524   Library Totals

    ----------------------------------------------------------------------

==============================================================================


      Code (inc. data)   RO Data    RW Data    ZI Data      Debug   

     18738        386        522         12       4228     153084   Grand Totals
     18738        386        522         12       4228     153084   ELF Image Totals
     18738        386        522         12          0          0   ROM Totals

==============================================================================

    Total RO  Size (Code + RO Data)                19260 (  18.81kB)
    Total RW  Size (RW Data + ZI Data)              4240 (   4.14kB)
    Total ROM Size (Code + RO Data + RW Data)      19272 (  18.82kB)

==============================================================================

